Archive member included to satisfy reference by file (symbol)

c:/program files (x86)/atmel/studio/7.0/toolchain/arm/arm-gnu-toolchain/bin/../lib/gcc/arm-none-eabi/6.2.1/thumb/v6-m\libgcc.a(_udivsi3.o)
                              src/ASF/common2/services/delay/sam0/systick_counter.o (__aeabi_uidiv)
c:/program files (x86)/atmel/studio/7.0/toolchain/arm/arm-gnu-toolchain/bin/../lib/gcc/arm-none-eabi/6.2.1/thumb/v6-m\libgcc.a(_dvmd_tls.o)
                              c:/program files (x86)/atmel/studio/7.0/toolchain/arm/arm-gnu-toolchain/bin/../lib/gcc/arm-none-eabi/6.2.1/thumb/v6-m\libgcc.a(_udivsi3.o) (__aeabi_idiv0)
c:/program files (x86)/atmel/studio/7.0/toolchain/arm/arm-gnu-toolchain/bin/../lib/gcc/arm-none-eabi/6.2.1/thumb/v6-m\libgcc.a(_muldi3.o)
                              src/ASF/sam0/drivers/sercom/sercom.o (__aeabi_lmul)
c:/program files (x86)/atmel/studio/7.0/toolchain/arm/arm-gnu-toolchain/bin/../lib/gcc/arm-none-eabi/6.2.1/../../../../arm-none-eabi/lib/thumb/v6-m\libc_nano.a(lib_a-exit.o)
                              c:/program files (x86)/atmel/studio/7.0/toolchain/arm/arm-gnu-toolchain/bin/../lib/gcc/arm-none-eabi/6.2.1/../../../../arm-none-eabi/lib/thumb/v6-m/crt0.o (exit)
c:/program files (x86)/atmel/studio/7.0/toolchain/arm/arm-gnu-toolchain/bin/../lib/gcc/arm-none-eabi/6.2.1/../../../../arm-none-eabi/lib/thumb/v6-m\libc_nano.a(lib_a-impure.o)
                              c:/program files (x86)/atmel/studio/7.0/toolchain/arm/arm-gnu-toolchain/bin/../lib/gcc/arm-none-eabi/6.2.1/../../../../arm-none-eabi/lib/thumb/v6-m\libc_nano.a(lib_a-exit.o) (_global_impure_ptr)
c:/program files (x86)/atmel/studio/7.0/toolchain/arm/arm-gnu-toolchain/bin/../lib/gcc/arm-none-eabi/6.2.1/../../../../arm-none-eabi/lib/thumb/v6-m\libc_nano.a(lib_a-init.o)
                              c:/program files (x86)/atmel/studio/7.0/toolchain/arm/arm-gnu-toolchain/bin/../lib/gcc/arm-none-eabi/6.2.1/../../../../arm-none-eabi/lib/thumb/v6-m/crt0.o (__libc_init_array)
c:/program files (x86)/atmel/studio/7.0/toolchain/arm/arm-gnu-toolchain/bin/../lib/gcc/arm-none-eabi/6.2.1/../../../../arm-none-eabi/lib/thumb/v6-m\libc_nano.a(lib_a-memcpy-stub.o)
                              src/ASF/sam0/drivers/adc/adc_sam_d_r_h/adc.o (memcpy)
c:/program files (x86)/atmel/studio/7.0/toolchain/arm/arm-gnu-toolchain/bin/../lib/gcc/arm-none-eabi/6.2.1/../../../../arm-none-eabi/lib/thumb/v6-m\libc_nano.a(lib_a-memset.o)
                              c:/program files (x86)/atmel/studio/7.0/toolchain/arm/arm-gnu-toolchain/bin/../lib/gcc/arm-none-eabi/6.2.1/../../../../arm-none-eabi/lib/thumb/v6-m/crt0.o (memset)

Allocating common symbols
Common symbol       size              file

_tcc_instances      0x4               src/ASF/sam0/drivers/tcc/tcc_callback.o
led_tc_instance     0x1c              src/LED.o
orb_tc_instance     0x1c              src/ORB.o
pin_array           0x6               src/ORB.o
_tc_instances       0x8               src/ASF/sam0/drivers/tc/tc_interrupt.o
_sercom_instances   0xc               src/ASF/sam0/drivers/sercom/sercom_interrupt.o
temp_compare_array  0x6               src/ORB.o
_extint_dev         0x40              src/ASF/sam0/drivers/extint/extint_sam_d_r_h/extint.o
temp_pin_led_array  0x3               src/LED.o
compare_array       0x6               src/ORB.o
_current_channel    0x1               src/ASF/sam0/drivers/extint/extint_callback.o
pin_array_ID        0x1               src/ORB.o
compare_led_array   0x3               src/LED.o
compare_led_array_ID
                    0x1               src/LED.o
pin_led_array_ID    0x1               src/LED.o
temp_pin_array      0x6               src/ORB.o
pin_led_array       0x3               src/LED.o
_adc_instances      0x4               src/ASF/sam0/drivers/adc/adc_sam_d_r_h/adc_callback.o
adc_instance        0x20              src/sensor.o
compare_array_ID    0x1               src/ORB.o
tcc_ss_instance0    0x40              src/super_servo.o
temp_compare_led_array
                    0x3               src/LED.o

Discarded input sections

 .text          0x00000000        0x0 c:/program files (x86)/atmel/studio/7.0/toolchain/arm/arm-gnu-toolchain/bin/../lib/gcc/arm-none-eabi/6.2.1/thumb/v6-m/crti.o
 .data          0x00000000        0x0 c:/program files (x86)/atmel/studio/7.0/toolchain/arm/arm-gnu-toolchain/bin/../lib/gcc/arm-none-eabi/6.2.1/thumb/v6-m/crti.o
 .bss           0x00000000        0x0 c:/program files (x86)/atmel/studio/7.0/toolchain/arm/arm-gnu-toolchain/bin/../lib/gcc/arm-none-eabi/6.2.1/thumb/v6-m/crti.o
 .data          0x00000000        0x4 c:/program files (x86)/atmel/studio/7.0/toolchain/arm/arm-gnu-toolchain/bin/../lib/gcc/arm-none-eabi/6.2.1/thumb/v6-m/crtbegin.o
 .text          0x00000000       0x78 c:/program files (x86)/atmel/studio/7.0/toolchain/arm/arm-gnu-toolchain/bin/../lib/gcc/arm-none-eabi/6.2.1/../../../../arm-none-eabi/lib/thumb/v6-m/crt0.o
[...]
Memory Configuration

Name             Origin             Length             Attributes
rom              0x00000000         0x00004000         xr
ram              0x20000000         0x00001000         xrw
*default*        0x00000000         0xffffffff

Linker script and memory map

LOAD c:/program files (x86)/atmel/studio/7.0/toolchain/arm/arm-gnu-toolchain/bin/../lib/gcc/arm-none-eabi/6.2.1/thumb/v6-m/crti.o
LOAD c:/program files (x86)/atmel/studio/7.0/toolchain/arm/arm-gnu-toolchain/bin/../lib/gcc/arm-none-eabi/6.2.1/thumb/v6-m/crtbegin.o
LOAD c:/program files (x86)/atmel/studio/7.0/toolchain/arm/arm-gnu-toolchain/bin/../lib/gcc/arm-none-eabi/6.2.1/../../../../arm-none-eabi/lib/thumb/v6-m/crt0.o
LOAD src/ASF/common2/services/delay/sam0/systick_counter.o
LOAD src/ASF/sam0/drivers/adc/adc_sam_d_r_h/adc.o
LOAD src/ASF/sam0/drivers/adc/adc_sam_d_r_h/adc_callback.o
LOAD src/ASF/sam0/drivers/extint/extint_sam_d_r_h/extint.o
LOAD src/ASF/sam0/drivers/sercom/sercom.o
LOAD src/LED_control.o
LOAD src/ORB_control.o
LOAD src/sensor_control.o
LOAD src/sensor.o
LOAD src/super_servo.o
LOAD src/test.o
LOAD src/ASF/sam0/drivers/tcc/tcc.o
LOAD src/ASF/sam0/drivers/tcc/tcc_callback.o
LOAD src/ASF/sam0/drivers/tc/tc_sam_d_r_h/tc.o
LOAD src/ASF/sam0/drivers/tc/tc_interrupt.o
LOAD src/ASF/sam0/drivers/sercom/usart/usart.o
LOAD src/ASF/sam0/drivers/sercom/usart/usart_interrupt.o
LOAD src/ASF/sam0/drivers/sercom/sercom_interrupt.o
LOAD src/ASF/sam0/drivers/extint/extint_callback.o
LOAD src/ASF/sam0/drivers/port/port.o
LOAD src/LED.o
LOAD src/ORB.o
LOAD src/ASF/common2/boards/user_board/init.o
LOAD src/ASF/common/utils/interrupt/interrupt_sam_nvic.o
LOAD src/ASF/sam0/drivers/system/clock/clock_samd09_d10_d11/clock.o
LOAD src/ASF/sam0/drivers/system/clock/clock_samd09_d10_d11/gclk.o
LOAD src/ASF/sam0/drivers/system/interrupt/system_interrupt.o
LOAD src/ASF/sam0/drivers/system/pinmux/pinmux.o
LOAD src/ASF/sam0/drivers/system/system.o
LOAD src/ASF/sam0/utils/cmsis/samd10/source/gcc/startup_samd10.o
LOAD src/ASF/sam0/utils/cmsis/samd10/source/system_samd10.o
LOAD src/ASF/sam0/utils/syscalls/gcc/syscalls.o
LOAD src/main.o
START GROUP
LOAD ../src/ASF/thirdparty/CMSIS/Lib/GCC\libarm_cortexM0l_math.a
LOAD c:/program files (x86)/atmel/studio/7.0/toolchain/arm/arm-gnu-toolchain/bin/../lib/gcc/arm-none-eabi/6.2.1/../../../../arm-none-eabi/lib/thumb/v6-m\libm.a
END GROUP
START GROUP
LOAD c:/program files (x86)/atmel/studio/7.0/toolchain/arm/arm-gnu-toolchain/bin/../lib/gcc/arm-none-eabi/6.2.1/thumb/v6-m\libgcc.a
LOAD c:/program files (x86)/atmel/studio/7.0/toolchain/arm/arm-gnu-toolchain/bin/../lib/gcc/arm-none-eabi/6.2.1/../../../../arm-none-eabi/lib/thumb/v6-m\libc_nano.a
END GROUP
START GROUP
LOAD c:/program files (x86)/atmel/studio/7.0/toolchain/arm/arm-gnu-toolchain/bin/../lib/gcc/arm-none-eabi/6.2.1/thumb/v6-m\libgcc.a
LOAD c:/program files (x86)/atmel/studio/7.0/toolchain/arm/arm-gnu-toolchain/bin/../lib/gcc/arm-none-eabi/6.2.1/../../../../arm-none-eabi/lib/thumb/v6-m\libc_nano.a
END GROUP
LOAD c:/program files (x86)/atmel/studio/7.0/toolchain/arm/arm-gnu-toolchain/bin/../lib/gcc/arm-none-eabi/6.2.1/thumb/v6-m/crtend.o
LOAD c:/program files (x86)/atmel/studio/7.0/toolchain/arm/arm-gnu-toolchain/bin/../lib/gcc/arm-none-eabi/6.2.1/thumb/v6-m/crtn.o
                0x00000400                STACK_SIZE = DEFINED (STACK_SIZE)?STACK_SIZE:DEFINED (__stack_size__)?__stack_size__:0x400

.text           0x00000000     0x2260
                0x00000000                . = ALIGN (0x4)
                0x00000000                _sfixed = .
 *(.vectors .vectors.*)
 .vectors       0x00000000       0x8c src/ASF/sam0/utils/cmsis/samd10/source/gcc/startup_samd10.o
                0x00000000                exception_table
 *(.text .text.* .gnu.linkonce.t.*)
 .text          0x0000008c       0x60 c:/program files (x86)/atmel/studio/7.0/toolchain/arm/arm-gnu-toolchain/bin/../lib/gcc/arm-none-eabi/6.2.1/thumb/v6-m/crtbegin.o
 .text.delay_init
                0x000000ec       0x40 src/ASF/common2/services/delay/sam0/systick_counter.o
                0x000000ec                delay_init
 .text.delay_cycles_ms
                0x0000012c       0x2c src/ASF/common2/services/delay/sam0/systick_counter.o
                0x0000012c                delay_cycles_ms
 .text.adc_get_config_defaults
                0x00000158       0x48 src/ASF/sam0/drivers/adc/adc_sam_d_r_h/adc.o
                0x00000158                adc_get_config_defaults
 .text.adc_init
                0x000001a0      0x428 src/ASF/sam0/drivers/adc/adc_sam_d_r_h/adc.o
                0x000001a0                adc_init
 .text.ADC_Handler
                0x000005c8       0xc0 src/ASF/sam0/drivers/adc/adc_sam_d_r_h/adc_callback.o
                0x000005c8                ADC_Handler
 .text._extint_enable
                0x00000688       0x18 src/ASF/sam0/drivers/extint/extint_sam_d_r_h/extint.o
 .text._system_extint_init
                0x000006a0       0x6c src/ASF/sam0/drivers/extint/extint_sam_d_r_h/extint.o
                0x000006a0                _system_extint_init
 .text.update_ORB
                0x0000070c       0x4c src/ORB_control.o
                0x0000070c                update_ORB
 .text.read_all_sensors
                0x00000758       0x28 src/sensor_control.o
                0x00000758                read_all_sensors
 .text.configure_adc
                0x00000780       0x74 src/sensor.o
                0x00000780                configure_adc
 .text.adc_start_read_result
                0x000007f4       0xc0 src/sensor.o
                0x000007f4                adc_start_read_result
 .text.sensor_init
                0x000008b4        0xc src/sensor.o
                0x000008b4                sensor_init
 .text.enable_super_servo
                0x000008c0       0x1c src/super_servo.o
                0x000008c0                enable_super_servo
 .text.test_ORB
                0x000008dc       0xd8 src/test.o
                0x000008dc                test_ORB
 .text._tcc_interrupt_handler
                0x000009b4       0x4c src/ASF/sam0/drivers/tcc/tcc_callback.o
                0x000009b4                _tcc_interrupt_handler
 .text.TCC0_Handler
                0x00000a00       0x10 src/ASF/sam0/drivers/tcc/tcc_callback.o
                0x00000a00                TCC0_Handler
 .text._tc_get_inst_index
                0x00000a10       0x24 src/ASF/sam0/drivers/tc/tc_sam_d_r_h/tc.o
                0x00000a10                _tc_get_inst_index
 .text.tc_init  0x00000a34      0x230 src/ASF/sam0/drivers/tc/tc_sam_d_r_h/tc.o
                0x00000a34                tc_init
 .text.tc_set_count_value
                0x00000c64       0x32 src/ASF/sam0/drivers/tc/tc_sam_d_r_h/tc.o
                0x00000c64                tc_set_count_value
 .text.tc_set_compare_value
                0x00000c96       0x50 src/ASF/sam0/drivers/tc/tc_sam_d_r_h/tc.o
                0x00000c96                tc_set_compare_value
 .text.tc_register_callback
                0x00000ce6       0x32 src/ASF/sam0/drivers/tc/tc_interrupt.o
                0x00000ce6                tc_register_callback
 .text._tc_interrupt_handler
                0x00000d18       0x64 src/ASF/sam0/drivers/tc/tc_interrupt.o
                0x00000d18                _tc_interrupt_handler
 .text.TC1_Handler
                0x00000d7c       0x10 src/ASF/sam0/drivers/tc/tc_interrupt.o
                0x00000d7c                TC1_Handler
 .text.TC2_Handler
                0x00000d8c       0x10 src/ASF/sam0/drivers/tc/tc_interrupt.o
                0x00000d8c                TC2_Handler
 .text.SERCOM0_Handler
                0x00000d9c       0x10 src/ASF/sam0/drivers/sercom/sercom_interrupt.o
                0x00000d9c                SERCOM0_Handler
 .text.SERCOM1_Handler
                0x00000dac       0x10 src/ASF/sam0/drivers/sercom/sercom_interrupt.o
                0x00000dac                SERCOM1_Handler
 .text.SERCOM2_Handler
                0x00000dbc       0x10 src/ASF/sam0/drivers/sercom/sercom_interrupt.o
                0x00000dbc                SERCOM2_Handler
 .text.EIC_Handler
                0x00000dcc       0x54 src/ASF/sam0/drivers/extint/extint_callback.o
                0x00000dcc                EIC_Handler
 .text.port_pin_set_config
                0x00000e20       0x24 src/ASF/sam0/drivers/port/port.o
                0x00000e20                port_pin_set_config
 .text.tc_callback_LED_PWM
                0x00000e44      0x178 src/LED.o
                0x00000e44                tc_callback_LED_PWM
 .text.LED_timer_init
                0x00000fbc       0x6c src/LED.o
                0x00000fbc                LED_timer_init
 .text.set_drivestrength_LED
                0x00001028       0x1c src/LED.o
                0x00001028                set_drivestrength_LED
 .text.LEDS_off
                0x00001044       0x18 src/LED.o
                0x00001044                LEDS_off
 .text.LED_setup_pins
                0x0000105c       0x3c src/LED.o
                0x0000105c                LED_setup_pins
 .text.enable_LED
                0x00001098       0x68 src/LED.o
                0x00001098                enable_LED
 .text.initializing_LED_pin_array
                0x00001100       0x14 src/LED.o
                0x00001100                initializing_LED_pin_array
 .text.initializing_LED_compare_array
                0x00001114       0x14 src/LED.o
                0x00001114                initializing_LED_compare_array
 .text.increasing_LED_sort_tag
                0x00001128       0x68 src/LED.o
                0x00001128                increasing_LED_sort_tag
 .text.LED_transfer_temp
                0x00001190       0x50 src/LED.o
                0x00001190                LED_transfer_temp
 .text.tc_callback_LED_OF
                0x000011e0       0x9c src/LED.o
                0x000011e0                tc_callback_LED_OF
 .text.LED_init_array
                0x0000127c       0x24 src/LED.o
                0x0000127c                LED_init_array
 .text.LED_timer_callbacks_init
                0x000012a0       0x28 src/LED.o
                0x000012a0                LED_timer_callbacks_init
 .text.LED_init
                0x000012c8       0x24 src/LED.o
                0x000012c8                LED_init
 .text.tc_callback_PWM
                0x000012ec      0x178 src/ORB.o
                0x000012ec                tc_callback_PWM
 .text.increasing_sort_tag
                0x00001464       0x60 src/ORB.o
                0x00001464                increasing_sort_tag
 .text.transfer_temp
                0x000014c4       0x50 src/ORB.o
                0x000014c4                transfer_temp
 .text.tc_callback_OF
                0x00001514       0xa0 src/ORB.o
                0x00001514                tc_callback_OF
 .text.ORB_timer_init
                0x000015b4       0x6c src/ORB.o
                0x000015b4                ORB_timer_init
 .text.set_drivestrength_ORB
                0x00001620       0x1c src/ORB.o
                0x00001620                set_drivestrength_ORB
 .text.ORB_setup_pins
                0x0000163c       0x54 src/ORB.o
                0x0000163c                ORB_setup_pins
 .text.ORB_timer_callbacks_init
                0x00001690       0x28 src/ORB.o
                0x00001690                ORB_timer_callbacks_init
 .text.enable_ORB
                0x000016b8       0x68 src/ORB.o
                0x000016b8                enable_ORB
 .text.initializing_pin_array
                0x00001720       0x20 src/ORB.o
                0x00001720                initializing_pin_array
 .text.initializing_compare_array
                0x00001740       0x20 src/ORB.o
                0x00001740                initializing_compare_array
 .text.ORB_init_array
                0x00001760       0x24 src/ORB.o
                0x00001760                ORB_init_array
 .text.ORB_init
                0x00001784       0x24 src/ORB.o
                0x00001784                ORB_init
 .text.system_board_init
                0x000017a8        0x2 src/ASF/common2/boards/user_board/init.o
                0x000017a8                board_init
                0x000017a8                system_board_init
 *fill*         0x000017aa        0x2 
 .text.cpu_irq_enter_critical
                0x000017ac       0x40 src/ASF/common/utils/interrupt/interrupt_sam_nvic.o
                0x000017ac                cpu_irq_enter_critical
 .text.cpu_irq_leave_critical
                0x000017ec       0x30 src/ASF/common/utils/interrupt/interrupt_sam_nvic.o
                0x000017ec                cpu_irq_leave_critical
 .text.system_clock_source_get_hz
                0x0000181c       0x90 src/ASF/sam0/drivers/system/clock/clock_samd09_d10_d11/clock.o
                0x0000181c                system_clock_source_get_hz
 .text.system_clock_source_osc8m_set_config
                0x000018ac       0x3c src/ASF/sam0/drivers/system/clock/clock_samd09_d10_d11/clock.o
                0x000018ac                system_clock_source_osc8m_set_config
 .text.system_clock_source_enable
                0x000018e8       0xa8 src/ASF/sam0/drivers/system/clock/clock_samd09_d10_d11/clock.o
                0x000018e8                system_clock_source_enable
 .text.system_clock_init
                0x00001990       0x98 src/ASF/sam0/drivers/system/clock/clock_samd09_d10_d11/clock.o
                0x00001990                system_clock_init
 .text.system_gclk_init
                0x00001a28       0x24 src/ASF/sam0/drivers/system/clock/clock_samd09_d10_d11/gclk.o
                0x00001a28                system_gclk_init
 .text.system_gclk_gen_set_config
                0x00001a4c       0xb8 src/ASF/sam0/drivers/system/clock/clock_samd09_d10_d11/gclk.o
                0x00001a4c                system_gclk_gen_set_config
 .text.system_gclk_gen_enable
                0x00001b04       0x44 src/ASF/sam0/drivers/system/clock/clock_samd09_d10_d11/gclk.o
                0x00001b04                system_gclk_gen_enable
 .text.system_gclk_gen_get_hz
                0x00001b48       0x8c src/ASF/sam0/drivers/system/clock/clock_samd09_d10_d11/gclk.o
                0x00001b48                system_gclk_gen_get_hz
 .text.system_gclk_chan_enable
                0x00001bd4       0x30 src/ASF/sam0/drivers/system/clock/clock_samd09_d10_d11/gclk.o
                0x00001bd4                system_gclk_chan_enable
 .text.system_gclk_chan_disable
                0x00001c04       0x5c src/ASF/sam0/drivers/system/clock/clock_samd09_d10_d11/gclk.o
                0x00001c04                system_gclk_chan_disable
 .text.system_gclk_chan_set_config
                0x00001c60       0x1c src/ASF/sam0/drivers/system/clock/clock_samd09_d10_d11/gclk.o
                0x00001c60                system_gclk_chan_set_config
 .text.system_gclk_chan_get_hz
                0x00001c7c       0x34 src/ASF/sam0/drivers/system/clock/clock_samd09_d10_d11/gclk.o
                0x00001c7c                system_gclk_chan_get_hz
 .text._system_pinmux_config
                0x00001cb0       0xa8 src/ASF/sam0/drivers/system/pinmux/pinmux.o
 .text.system_pinmux_pin_set_config
                0x00001d58       0x30 src/ASF/sam0/drivers/system/pinmux/pinmux.o
                0x00001d58                system_pinmux_pin_set_config
 .text.system_pinmux_group_set_output_strength
                0x00001d88       0x46 src/ASF/sam0/drivers/system/pinmux/pinmux.o
                0x00001d88                system_pinmux_group_set_output_strength
 .text._system_dummy_init
                0x00001dce        0x2 src/ASF/sam0/drivers/system/system.o
                0x00001dce                _system_events_init
                0x00001dce                _system_dummy_init
                0x00001dce                _system_divas_init
 .text.system_init
                0x00001dd0       0x2c src/ASF/sam0/drivers/system/system.o
                0x00001dd0                system_init
 .text.Dummy_Handler
                0x00001dfc        0x2 src/ASF/sam0/utils/cmsis/samd10/source/gcc/startup_samd10.o
                0x00001dfc                DMAC_Handler
                0x00001dfc                HardFault_Handler
                0x00001dfc                AC_Handler
                0x00001dfc                SysTick_Handler
                0x00001dfc                PendSV_Handler
                0x00001dfc                NMI_Handler
                0x00001dfc                RTC_Handler
                0x00001dfc                WDT_Handler
                0x00001dfc                Dummy_Handler
                0x00001dfc                PM_Handler
                0x00001dfc                SVC_Handler
                0x00001dfc                EVSYS_Handler
                0x00001dfc                NVMCTRL_Handler
                0x00001dfc                DAC_Handler
                0x00001dfc                PTC_Handler
                0x00001dfc                SYSCTRL_Handler
 *fill*         0x00001dfe        0x2 
 .text.Reset_Handler
                0x00001e00       0xd0 src/ASF/sam0/utils/cmsis/samd10/source/gcc/startup_samd10.o
                0x00001e00                Reset_Handler
 .text.main     0x00001ed0       0x54 src/main.o
                0x00001ed0                main
 .text          0x00001f24      0x114 c:/program files (x86)/atmel/studio/7.0/toolchain/arm/arm-gnu-toolchain/bin/../lib/gcc/arm-none-eabi/6.2.1/thumb/v6-m\libgcc.a(_udivsi3.o)
                0x00001f24                __aeabi_uidiv
                0x00001f24                __udivsi3
                0x00002030                __aeabi_uidivmod
 .text          0x00002038        0x4 c:/program files (x86)/atmel/studio/7.0/toolchain/arm/arm-gnu-toolchain/bin/../lib/gcc/arm-none-eabi/6.2.1/thumb/v6-m\libgcc.a(_dvmd_tls.o)
                0x00002038                __aeabi_idiv0
                0x00002038                __aeabi_ldiv0
 .text.__libc_init_array
                0x0000203c       0x48 c:/program files (x86)/atmel/studio/7.0/toolchain/arm/arm-gnu-toolchain/bin/../lib/gcc/arm-none-eabi/6.2.1/../../../../arm-none-eabi/lib/thumb/v6-m\libc_nano.a(lib_a-init.o)
                0x0000203c                __libc_init_array
 .text.memcpy   0x00002084       0x12 c:/program files (x86)/atmel/studio/7.0/toolchain/arm/arm-gnu-toolchain/bin/../lib/gcc/arm-none-eabi/6.2.1/../../../../arm-none-eabi/lib/thumb/v6-m\libc_nano.a(lib_a-memcpy-stub.o)
                0x00002084                memcpy
 *(.glue_7t)
 .glue_7t       0x00002096        0x0 linker stubs
 *(.glue_7)
 .glue_7        0x00002096        0x0 linker stubs
 *(.rodata .rodata* .gnu.linkonce.r.*)
 *fill*         0x00002096        0x2 
 .rodata.adc_init
                0x00002098       0xd4 src/ASF/sam0/drivers/adc/adc_sam_d_r_h/adc.o
 .rodata        0x0000216c       0x50 src/ASF/sam0/drivers/adc/adc_sam_d_r_h/adc.o
 .rodata.sensor_analog_inputs
                0x000021bc        0x4 src/sensor_control.o
 .rodata._tcc_intflag
                0x000021c0       0x30 src/ASF/sam0/drivers/tcc/tcc_callback.o
                0x000021c0                _tcc_intflag
 .rodata.tc_interrupt_vectors.11931
                0x000021f0        0x2 src/LED.o
 *fill*         0x000021f2        0x2 
 .rodata.tc_interrupt_vectors.11931
                0x000021f4        0x2 src/ORB.o
 *fill*         0x000021f6        0x2 
 .rodata.system_clock_source_get_hz
                0x000021f8       0x24 src/ASF/sam0/drivers/system/clock/clock_samd09_d10_d11/clock.o
 .rodata.system_clock_source_enable
                0x0000221c       0x24 src/ASF/sam0/drivers/system/clock/clock_samd09_d10_d11/clock.o
 *(.ARM.extab* .gnu.linkonce.armextab.*)
                0x00002240                . = ALIGN (0x4)
 *(.init)
 .init          0x00002240        0x4 c:/program files (x86)/atmel/studio/7.0/toolchain/arm/arm-gnu-toolchain/bin/../lib/gcc/arm-none-eabi/6.2.1/thumb/v6-m/crti.o
                0x00002240                _init
 .init          0x00002244        0x8 c:/program files (x86)/atmel/studio/7.0/toolchain/arm/arm-gnu-toolchain/bin/../lib/gcc/arm-none-eabi/6.2.1/thumb/v6-m/crtn.o
                0x0000224c                . = ALIGN (0x4)
                0x0000224c                __preinit_array_start = .
 *(.preinit_array)
                0x0000224c                __preinit_array_end = .
                0x0000224c                . = ALIGN (0x4)
                0x0000224c                __init_array_start = .
 *(SORT(.init_array.*))
 *(.init_array)
 .init_array    0x0000224c        0x4 c:/program files (x86)/atmel/studio/7.0/toolchain/arm/arm-gnu-toolchain/bin/../lib/gcc/arm-none-eabi/6.2.1/thumb/v6-m/crtbegin.o
                0x00002250                __init_array_end = .
                0x00002250                . = ALIGN (0x4)
 *crtbegin.o(.ctors)
 *(EXCLUDE_FILE(*crtend.o) .ctors)
 *(SORT(.ctors.*))
 *crtend.o(.ctors)
                0x00002250                . = ALIGN (0x4)
 *(.fini)
 .fini          0x00002250        0x4 c:/program files (x86)/atmel/studio/7.0/toolchain/arm/arm-gnu-toolchain/bin/../lib/gcc/arm-none-eabi/6.2.1/thumb/v6-m/crti.o
                0x00002250                _fini
 .fini          0x00002254        0x8 c:/program files (x86)/atmel/studio/7.0/toolchain/arm/arm-gnu-toolchain/bin/../lib/gcc/arm-none-eabi/6.2.1/thumb/v6-m/crtn.o
                0x0000225c                . = ALIGN (0x4)
                0x0000225c                __fini_array_start = .
 *(.fini_array)
 .fini_array    0x0000225c        0x4 c:/program files (x86)/atmel/studio/7.0/toolchain/arm/arm-gnu-toolchain/bin/../lib/gcc/arm-none-eabi/6.2.1/thumb/v6-m/crtbegin.o
 *(SORT(.fini_array.*))
                0x00002260                __fini_array_end = .
 *crtbegin.o(.dtors)
 *(EXCLUDE_FILE(*crtend.o) .dtors)
 *(SORT(.dtors.*))
 *crtend.o(.dtors)
                0x00002260                . = ALIGN (0x4)
                0x00002260                _efixed = .
                [!provide]                PROVIDE (__exidx_start, .)

.vfp11_veneer   0x00002260        0x0
 .vfp11_veneer  0x00002260        0x0 linker stubs

.v4_bx          0x00002260        0x0
 .v4_bx         0x00002260        0x0 linker stubs

.iplt           0x00002260        0x0
 .iplt          0x00002260        0x0 c:/program files (x86)/atmel/studio/7.0/toolchain/arm/arm-gnu-toolchain/bin/../lib/gcc/arm-none-eabi/6.2.1/thumb/v6-m/crtbegin.o

.eh_frame       0x00002260        0x0
 .eh_frame      0x00002260        0x0 c:/program files (x86)/atmel/studio/7.0/toolchain/arm/arm-gnu-toolchain/bin/../lib/gcc/arm-none-eabi/6.2.1/thumb/v6-m/crtbegin.o

.rel.dyn        0x00002260        0x0
 .rel.iplt      0x00002260        0x0 c:/program files (x86)/atmel/studio/7.0/toolchain/arm/arm-gnu-toolchain/bin/../lib/gcc/arm-none-eabi/6.2.1/thumb/v6-m/crtbegin.o

.jcr            0x00002260        0x0
 .jcr           0x00002260        0x0 c:/program files (x86)/atmel/studio/7.0/toolchain/arm/arm-gnu-toolchain/bin/../lib/gcc/arm-none-eabi/6.2.1/thumb/v6-m/crtbegin.o

.igot.plt       0x00002260        0x0
 .igot.plt      0x00002260        0x0 c:/program files (x86)/atmel/studio/7.0/toolchain/arm/arm-gnu-toolchain/bin/../lib/gcc/arm-none-eabi/6.2.1/thumb/v6-m/crtbegin.o

.ARM.exidx
 *(.ARM.exidx* .gnu.linkonce.armexidx.*)
                [!provide]                PROVIDE (__exidx_end, .)
                0x00002260                . = ALIGN (0x4)
                0x00002260                _etext = .

.relocate       0x20000000       0x10 load address 0x00002260
                0x20000000                . = ALIGN (0x4)
                0x20000000                _srelocate = .
 *(.ramfunc .ramfunc.*)
 *(.data .data.*)
 .data.cycles_per_ms
                0x20000000        0x4 src/ASF/common2/services/delay/sam0/systick_counter.o
 .data.cycles_per_us
                0x20000004        0x4 src/ASF/common2/services/delay/sam0/systick_counter.o
 .data.N_valid_led_compares
                0x20000008        0x1 src/LED.o
 .data.first_time.12410
                0x20000009        0x1 src/LED.o
 .data.N_valid_compares
                0x2000000a        0x1 src/ORB.o
 .data.first_time.12403
                0x2000000b        0x1 src/ORB.o
 .data.g_interrupt_enabled
                0x2000000c        0x1 src/ASF/common/utils/interrupt/interrupt_sam_nvic.o
                0x2000000c                g_interrupt_enabled
                0x20000010                . = ALIGN (0x4)
 *fill*         0x2000000d        0x3 
                0x20000010                _erelocate = .

.bss            0x20000010      0x170 load address 0x00002270
                0x20000010                . = ALIGN (0x4)
                0x20000010                _sbss = .
                0x20000010                _szero = .
 *(.bss .bss.*)
 .bss           0x20000010       0x1c c:/program files (x86)/atmel/studio/7.0/toolchain/arm/arm-gnu-toolchain/bin/../lib/gcc/arm-none-eabi/6.2.1/thumb/v6-m/crtbegin.o
 .bss._sercom_interrupt_handlers
                0x2000002c        0xc src/ASF/sam0/drivers/sercom/sercom_interrupt.o
 .bss.compare_value_current.12409
                0x20000038        0x1 src/LED.o
 .bss.compare_value_last.12408
                0x20000039        0x1 src/LED.o
 .bss.update_compare_led_array
                0x2000003a        0x1 src/LED.o
                0x2000003a                update_compare_led_array
 .bss.compare_value_current.12402
                0x2000003b        0x1 src/ORB.o
 .bss.compare_value_last.12401
                0x2000003c        0x1 src/ORB.o
 .bss.update_compare_array
                0x2000003d        0x1 src/ORB.o
                0x2000003d                update_compare_array
 *fill*         0x2000003e        0x2 
 .bss.cpu_irq_critical_section_counter
                0x20000040        0x4 src/ASF/common/utils/interrupt/interrupt_sam_nvic.o
 .bss.cpu_irq_prev_interrupt_state
                0x20000044        0x1 src/ASF/common/utils/interrupt/interrupt_sam_nvic.o
 *fill*         0x20000045        0x3 
 .bss._system_clock_inst
                0x20000048       0x18 src/ASF/sam0/drivers/system/clock/clock_samd09_d10_d11/clock.o
 *(COMMON)
 COMMON         0x20000060        0x4 src/ASF/sam0/drivers/adc/adc_sam_d_r_h/adc_callback.o
                0x20000060                _adc_instances
 COMMON         0x20000064       0x40 src/ASF/sam0/drivers/extint/extint_sam_d_r_h/extint.o
                0x20000064                _extint_dev
 COMMON         0x200000a4       0x20 src/sensor.o
                0x200000a4                adc_instance
 COMMON         0x200000c4       0x40 src/super_servo.o
                0x200000c4                tcc_ss_instance0
 COMMON         0x20000104        0x4 src/ASF/sam0/drivers/tcc/tcc_callback.o
                0x20000104                _tcc_instances
 COMMON         0x20000108        0x8 src/ASF/sam0/drivers/tc/tc_interrupt.o
                0x20000108                _tc_instances
 COMMON         0x20000110        0x1 src/ASF/sam0/drivers/extint/extint_callback.o
                0x20000110                _current_channel
 *fill*         0x20000111        0x3 
 COMMON         0x20000114       0x2f src/LED.o
                0x20000114                led_tc_instance
                0x20000130                temp_pin_led_array
                0x20000134                compare_led_array
                0x20000137                compare_led_array_ID
                0x20000138                pin_led_array_ID
                0x2000013c                pin_led_array
                0x20000140                temp_compare_led_array
 *fill*         0x20000143        0x1 
 COMMON         0x20000144       0x3b src/ORB.o
                0x20000144                orb_tc_instance
                0x20000160                pin_array
                0x20000168                temp_compare_array
                0x20000170                compare_array
                0x20000176                pin_array_ID
                0x20000178                temp_pin_array
                0x2000017e                compare_array_ID
                0x20000180                . = ALIGN (0x4)
 *fill*         0x2000017f        0x1 
                0x20000180                _ebss = .
                0x20000180                _ezero = .

.stack          0x20000180      0x400 load address 0x000023e0
                0x20000180                . = ALIGN (0x8)
                0x20000180                _sstack = .
                0x20000580                . = (. + STACK_SIZE)
 *fill*         0x20000180      0x400 
                0x20000580                . = ALIGN (0x8)
                0x20000580                _estack = .
                0x20000580                . = ALIGN (0x4)
                0x20000580                _end = .
OUTPUT(HummingBit.elf elf32-littlearm)

.ARM.attributes
                0x00000000       0x28
 .ARM.attributes
                0x00000000       0x1e c:/program files (x86)/atmel/studio/7.0/toolchain/arm/arm-gnu-toolchain/bin/../lib/gcc/arm-none-eabi/6.2.1/thumb/v6-m/crti.o
 .ARM.attributes
                0x0000001e       0x2c c:/program files (x86)/atmel/studio/7.0/toolchain/arm/arm-gnu-toolchain/bin/../lib/gcc/arm-none-eabi/6.2.1/thumb/v6-m/crtbegin.o
 .ARM.attributes
                0x0000004a       0x32 src/ASF/common2/services/delay/sam0/systick_counter.o
 .ARM.attributes
                0x0000007c       0x32 src/ASF/sam0/drivers/adc/adc_sam_d_r_h/adc.o
 .ARM.attributes
                0x000000ae       0x32 src/ASF/sam0/drivers/adc/adc_sam_d_r_h/adc_callback.o
 .ARM.attributes
                0x000000e0       0x32 src/ASF/sam0/drivers/extint/extint_sam_d_r_h/extint.o
 .ARM.attributes
                0x00000112       0x32 src/ORB_control.o
 .ARM.attributes
                0x00000144       0x32 src/sensor_control.o
 .ARM.attributes
                0x00000176       0x32 src/sensor.o
 .ARM.attributes
                0x000001a8       0x32 src/super_servo.o
 .ARM.attributes
                0x000001da       0x32 src/test.o
 .ARM.attributes
                0x0000020c       0x32 src/ASF/sam0/drivers/tcc/tcc_callback.o
 .ARM.attributes
                0x0000023e       0x32 src/ASF/sam0/drivers/tc/tc_sam_d_r_h/tc.o
 .ARM.attributes
                0x00000270       0x32 src/ASF/sam0/drivers/tc/tc_interrupt.o
 .ARM.attributes
                0x000002a2       0x32 src/ASF/sam0/drivers/sercom/sercom_interrupt.o
 .ARM.attributes
                0x000002d4       0x32 src/ASF/sam0/drivers/extint/extint_callback.o
 .ARM.attributes
                0x00000306       0x32 src/ASF/sam0/drivers/port/port.o
 .ARM.attributes
                0x00000338       0x32 src/LED.o
 .ARM.attributes
                0x0000036a       0x32 src/ORB.o
 .ARM.attributes
                0x0000039c       0x32 src/ASF/common2/boards/user_board/init.o
 .ARM.attributes
                0x000003ce       0x32 src/ASF/common/utils/interrupt/interrupt_sam_nvic.o
 .ARM.attributes
                0x00000400       0x32 src/ASF/sam0/drivers/system/clock/clock_samd09_d10_d11/clock.o
 .ARM.attributes
                0x00000432       0x32 src/ASF/sam0/drivers/system/clock/clock_samd09_d10_d11/gclk.o
 .ARM.attributes
                0x00000464       0x32 src/ASF/sam0/drivers/system/pinmux/pinmux.o
 .ARM.attributes
                0x00000496       0x32 src/ASF/sam0/drivers/system/system.o
 .ARM.attributes
                0x000004c8       0x32 src/ASF/sam0/utils/cmsis/samd10/source/gcc/startup_samd10.o
 .ARM.attributes
                0x000004fa       0x32 src/main.o
 .ARM.attributes
                0x0000052c       0x1e c:/program files (x86)/atmel/studio/7.0/toolchain/arm/arm-gnu-toolchain/bin/../lib/gcc/arm-none-eabi/6.2.1/thumb/v6-m\libgcc.a(_udivsi3.o)
 .ARM.attributes
                0x0000054a       0x1e c:/program files (x86)/atmel/studio/7.0/toolchain/arm/arm-gnu-toolchain/bin/../lib/gcc/arm-none-eabi/6.2.1/thumb/v6-m\libgcc.a(_dvmd_tls.o)
 .ARM.attributes
                0x00000568       0x2c c:/program files (x86)/atmel/studio/7.0/toolchain/arm/arm-gnu-toolchain/bin/../lib/gcc/arm-none-eabi/6.2.1/../../../../arm-none-eabi/lib/thumb/v6-m\libc_nano.a(lib_a-init.o)
 .ARM.attributes
                0x00000594       0x2c c:/program files (x86)/atmel/studio/7.0/toolchain/arm/arm-gnu-toolchain/bin/../lib/gcc/arm-none-eabi/6.2.1/../../../../arm-none-eabi/lib/thumb/v6-m\libc_nano.a(lib_a-memcpy-stub.o)
 .ARM.attributes
                0x000005c0       0x1e c:/program files (x86)/atmel/studio/7.0/toolchain/arm/arm-gnu-toolchain/bin/../lib/gcc/arm-none-eabi/6.2.1/thumb/v6-m/crtn.o

.comment        0x00000000       0x59
 .comment       0x00000000       0x59 src/ASF/common2/services/delay/sam0/systick_counter.o
                                 0x5a (size before relaxing)
 .comment       0x00000059       0x5a src/ASF/sam0/drivers/adc/adc_sam_d_r_h/adc.o
 .comment       0x00000059       0x5a src/ASF/sam0/drivers/adc/adc_sam_d_r_h/adc_callback.o
 .comment       0x00000059       0x5a src/ASF/sam0/drivers/extint/extint_sam_d_r_h/extint.o
 .comment       0x00000059       0x5a src/ORB_control.o
 .comment       0x00000059       0x5a src/sensor_control.o
 .comment       0x00000059       0x5a src/sensor.o
 .comment       0x00000059       0x5a src/super_servo.o
 .comment       0x00000059       0x5a src/test.o
 .comment       0x00000059       0x5a src/ASF/sam0/drivers/tcc/tcc_callback.o
 .comment       0x00000059       0x5a src/ASF/sam0/drivers/tc/tc_sam_d_r_h/tc.o
 .comment       0x00000059       0x5a src/ASF/sam0/drivers/tc/tc_interrupt.o
 .comment       0x00000059       0x5a src/ASF/sam0/drivers/sercom/sercom_interrupt.o
 .comment       0x00000059       0x5a src/ASF/sam0/drivers/extint/extint_callback.o
 .comment       0x00000059       0x5a src/ASF/sam0/drivers/port/port.o
 .comment       0x00000059       0x5a src/LED.o
 .comment       0x00000059       0x5a src/ORB.o
 .comment       0x00000059       0x5a src/ASF/common2/boards/user_board/init.o
 .comment       0x00000059       0x5a src/ASF/common/utils/interrupt/interrupt_sam_nvic.o
 .comment       0x00000059       0x5a src/ASF/sam0/drivers/system/clock/clock_samd09_d10_d11/clock.o
 .comment       0x00000059       0x5a src/ASF/sam0/drivers/system/clock/clock_samd09_d10_d11/gclk.o
 .comment       0x00000059       0x5a src/ASF/sam0/drivers/system/pinmux/pinmux.o
 .comment       0x00000059       0x5a src/ASF/sam0/drivers/system/system.o
 .comment       0x00000059       0x5a src/ASF/sam0/utils/cmsis/samd10/source/gcc/startup_samd10.o
 .comment       0x00000059       0x5a src/main.o

.debug_info     0x00000000    0x34ac3
 .debug_info    0x00000000      0xb81 src/ASF/common2/services/delay/sam0/systick_counter.o
 .debug_info    0x00000b81     0x3d39 src/ASF/sam0/drivers/adc/adc_sam_d_r_h/adc.o
 .debug_info    0x000048ba     0x1bbe src/ASF/sam0/drivers/adc/adc_sam_d_r_h/adc_callback.o
 .debug_info    0x00006478     0x275c src/ASF/sam0/drivers/extint/extint_sam_d_r_h/extint.o
 .debug_info    0x00008bd4     0x175a src/ORB_control.o
 .debug_info    0x0000a32e     0x199f src/sensor_control.o
 .debug_info    0x0000bccd     0x2526 src/sensor.o
 .debug_info    0x0000e1f3     0x3f42 src/super_servo.o
 .debug_info    0x00012135     0x1890 src/test.o
 .debug_info    0x000139c5     0x302b src/ASF/sam0/drivers/tcc/tcc_callback.o
 .debug_info    0x000169f0     0x2eb9 src/ASF/sam0/drivers/tc/tc_sam_d_r_h/tc.o
 .debug_info    0x000198a9     0x1ae9 src/ASF/sam0/drivers/tc/tc_interrupt.o
 .debug_info    0x0001b392     0x2af8 src/ASF/sam0/drivers/sercom/sercom_interrupt.o
 .debug_info    0x0001de8a     0x16d0 src/ASF/sam0/drivers/extint/extint_callback.o
 .debug_info    0x0001f55a     0x12ac src/ASF/sam0/drivers/port/port.o
 .debug_info    0x00020806     0x3c8c src/LED.o
 .debug_info    0x00024492     0x3cf8 src/ORB.o
 .debug_info    0x0002818a     0x1694 src/ASF/common2/boards/user_board/init.o
 .debug_info    0x0002981e      0xafb src/ASF/common/utils/interrupt/interrupt_sam_nvic.o
 .debug_info    0x0002a319     0x3654 src/ASF/sam0/drivers/system/clock/clock_samd09_d10_d11/clock.o
 .debug_info    0x0002d96d     0x1e47 src/ASF/sam0/drivers/system/clock/clock_samd09_d10_d11/gclk.o
 .debug_info    0x0002f7b4     0x13ea src/ASF/sam0/drivers/system/pinmux/pinmux.o
 .debug_info    0x00030b9e      0xa67 src/ASF/sam0/drivers/system/system.o
 .debug_info    0x00031605     0x1ab0 src/ASF/sam0/utils/cmsis/samd10/source/gcc/startup_samd10.o
 .debug_info    0x000330b5     0x1a0e src/main.o

.debug_abbrev   0x00000000     0x506b
 .debug_abbrev  0x00000000      0x24b src/ASF/common2/services/delay/sam0/systick_counter.o
 .debug_abbrev  0x0000024b      0x45c src/ASF/sam0/drivers/adc/adc_sam_d_r_h/adc.o
 .debug_abbrev  0x000006a7      0x3b8 src/ASF/sam0/drivers/adc/adc_sam_d_r_h/adc_callback.o
 .debug_abbrev  0x00000a5f      0x4a7 src/ASF/sam0/drivers/extint/extint_sam_d_r_h/extint.o
 .debug_abbrev  0x00000f06      0x24c src/ORB_control.o
 .debug_abbrev  0x00001152      0x2b7 src/sensor_control.o
 .debug_abbrev  0x00001409      0x3a5 src/sensor.o
 .debug_abbrev  0x000017ae      0x32a src/super_servo.o
 .debug_abbrev  0x00001ad8      0x263 src/test.o
 .debug_abbrev  0x00001d3b      0x389 src/ASF/sam0/drivers/tcc/tcc_callback.o
 .debug_abbrev  0x000020c4      0x44f src/ASF/sam0/drivers/tc/tc_sam_d_r_h/tc.o
 .debug_abbrev  0x00002513      0x2ff src/ASF/sam0/drivers/tc/tc_interrupt.o
 .debug_abbrev  0x00002812      0x2da src/ASF/sam0/drivers/sercom/sercom_interrupt.o
 .debug_abbrev  0x00002aec      0x333 src/ASF/sam0/drivers/extint/extint_callback.o
 .debug_abbrev  0x00002e1f      0x298 src/ASF/sam0/drivers/port/port.o
 .debug_abbrev  0x000030b7      0x47c src/LED.o
 .debug_abbrev  0x00003533      0x49f src/ORB.o
 .debug_abbrev  0x000039d2      0x21e src/ASF/common2/boards/user_board/init.o
 .debug_abbrev  0x00003bf0      0x22c src/ASF/common/utils/interrupt/interrupt_sam_nvic.o
 .debug_abbrev  0x00003e1c      0x465 src/ASF/sam0/drivers/system/clock/clock_samd09_d10_d11/clock.o
 .debug_abbrev  0x00004281      0x3f1 src/ASF/sam0/drivers/system/clock/clock_samd09_d10_d11/gclk.o
 .debug_abbrev  0x00004672      0x36e src/ASF/sam0/drivers/system/pinmux/pinmux.o
 .debug_abbrev  0x000049e0      0x1e1 src/ASF/sam0/drivers/system/system.o
 .debug_abbrev  0x00004bc1      0x200 src/ASF/sam0/utils/cmsis/samd10/source/gcc/startup_samd10.o
 .debug_abbrev  0x00004dc1      0x2aa src/main.o

.debug_loc      0x00000000     0x526d
 .debug_loc     0x00000000       0xe4 src/ASF/common2/services/delay/sam0/systick_counter.o
 .debug_loc     0x000000e4      0x891 src/ASF/sam0/drivers/adc/adc_sam_d_r_h/adc.o
 .debug_loc     0x00000975      0x34a src/ASF/sam0/drivers/adc/adc_sam_d_r_h/adc_callback.o
 .debug_loc     0x00000cbf      0x43d src/ASF/sam0/drivers/extint/extint_sam_d_r_h/extint.o
 .debug_loc     0x000010fc      0x108 src/ORB_control.o
 .debug_loc     0x00001204      0x107 src/sensor_control.o
 .debug_loc     0x0000130b      0x424 src/sensor.o
 .debug_loc     0x0000172f       0xa3 src/super_servo.o
 .debug_loc     0x000017d2       0xca src/test.o
 .debug_loc     0x0000189c      0x205 src/ASF/sam0/drivers/tcc/tcc_callback.o
 .debug_loc     0x00001aa1      0xdb9 src/ASF/sam0/drivers/tc/tc_sam_d_r_h/tc.o
 .debug_loc     0x0000285a      0x168 src/ASF/sam0/drivers/tc/tc_interrupt.o
 .debug_loc     0x000029c2      0x139 src/ASF/sam0/drivers/sercom/sercom_interrupt.o
 .debug_loc     0x00002afb      0x2ac src/ASF/sam0/drivers/extint/extint_callback.o
 .debug_loc     0x00002da7      0x13d src/ASF/sam0/drivers/port/port.o
 .debug_loc     0x00002ee4      0x5d5 src/LED.o
 .debug_loc     0x000034b9      0x5ae src/ORB.o
 .debug_loc     0x00003a67      0xef5 src/ASF/sam0/drivers/system/clock/clock_samd09_d10_d11/clock.o
 .debug_loc     0x0000495c      0x504 src/ASF/sam0/drivers/system/clock/clock_samd09_d10_d11/gclk.o
 .debug_loc     0x00004e60      0x36d src/ASF/sam0/drivers/system/pinmux/pinmux.o
 .debug_loc     0x000051cd       0x20 src/ASF/sam0/drivers/system/system.o
 .debug_loc     0x000051ed       0x40 src/ASF/sam0/utils/cmsis/samd10/source/gcc/startup_samd10.o
 .debug_loc     0x0000522d       0x40 src/main.o

.debug_aranges  0x00000000      0x680
 .debug_aranges
                0x00000000       0x30 src/ASF/common2/services/delay/sam0/systick_counter.o
 .debug_aranges
                0x00000030       0x38 src/ASF/sam0/drivers/adc/adc_sam_d_r_h/adc.o
 .debug_aranges
                0x00000068       0x48 src/ASF/sam0/drivers/adc/adc_sam_d_r_h/adc_callback.o
 .debug_aranges
                0x000000b0       0x50 src/ASF/sam0/drivers/extint/extint_sam_d_r_h/extint.o
 .debug_aranges
                0x00000100       0x20 src/ORB_control.o
 .debug_aranges
                0x00000120       0x28 src/sensor_control.o
 .debug_aranges
                0x00000148       0x30 src/sensor.o
 .debug_aranges
                0x00000178       0x38 src/super_servo.o
 .debug_aranges
                0x000001b0       0x20 src/test.o
 .debug_aranges
                0x000001d0       0x48 src/ASF/sam0/drivers/tcc/tcc_callback.o
 .debug_aranges
                0x00000218       0x58 src/ASF/sam0/drivers/tc/tc_sam_d_r_h/tc.o
 .debug_aranges
                0x00000270       0x40 src/ASF/sam0/drivers/tc/tc_interrupt.o
 .debug_aranges
                0x000002b0       0x48 src/ASF/sam0/drivers/sercom/sercom_interrupt.o
 .debug_aranges
                0x000002f8       0x48 src/ASF/sam0/drivers/extint/extint_callback.o
 .debug_aranges
                0x00000340       0x28 src/ASF/sam0/drivers/port/port.o
 .debug_aranges
                0x00000368       0x90 src/LED.o
 .debug_aranges
                0x000003f8       0x90 src/ORB.o
 .debug_aranges
                0x00000488       0x20 src/ASF/common2/boards/user_board/init.o
 .debug_aranges
                0x000004a8       0x28 src/ASF/common/utils/interrupt/interrupt_sam_nvic.o
 .debug_aranges
                0x000004d0       0x78 src/ASF/sam0/drivers/system/clock/clock_samd09_d10_d11/clock.o
 .debug_aranges
                0x00000548       0x80 src/ASF/sam0/drivers/system/clock/clock_samd09_d10_d11/gclk.o
 .debug_aranges
                0x000005c8       0x40 src/ASF/sam0/drivers/system/pinmux/pinmux.o
 .debug_aranges
                0x00000608       0x28 src/ASF/sam0/drivers/system/system.o
 .debug_aranges
                0x00000630       0x28 src/ASF/sam0/utils/cmsis/samd10/source/gcc/startup_samd10.o
 .debug_aranges
                0x00000658       0x28 src/main.o

.debug_ranges   0x00000000      0x6f8
 .debug_ranges  0x00000000       0x50 src/ASF/common2/services/delay/sam0/systick_counter.o
 .debug_ranges  0x00000050       0xa0 src/ASF/sam0/drivers/adc/adc_sam_d_r_h/adc.o
 .debug_ranges  0x000000f0       0x50 src/ASF/sam0/drivers/adc/adc_sam_d_r_h/adc_callback.o
 .debug_ranges  0x00000140       0x40 src/ASF/sam0/drivers/extint/extint_sam_d_r_h/extint.o
 .debug_ranges  0x00000180       0x10 src/ORB_control.o
 .debug_ranges  0x00000190       0x18 src/sensor_control.o
 .debug_ranges  0x000001a8       0x50 src/sensor.o
 .debug_ranges  0x000001f8       0x28 src/super_servo.o
 .debug_ranges  0x00000220       0x10 src/test.o
 .debug_ranges  0x00000230       0x38 src/ASF/sam0/drivers/tcc/tcc_callback.o
 .debug_ranges  0x00000268       0x98 src/ASF/sam0/drivers/tc/tc_sam_d_r_h/tc.o
 .debug_ranges  0x00000300       0x30 src/ASF/sam0/drivers/tc/tc_interrupt.o
 .debug_ranges  0x00000330       0x38 src/ASF/sam0/drivers/sercom/sercom_interrupt.o
 .debug_ranges  0x00000368       0x90 src/ASF/sam0/drivers/extint/extint_callback.o
 .debug_ranges  0x000003f8       0x18 src/ASF/sam0/drivers/port/port.o
 .debug_ranges  0x00000410       0xa0 src/LED.o
 .debug_ranges  0x000004b0       0xa0 src/ORB.o
 .debug_ranges  0x00000550       0x10 src/ASF/common2/boards/user_board/init.o
 .debug_ranges  0x00000560       0x18 src/ASF/common/utils/interrupt/interrupt_sam_nvic.o
 .debug_ranges  0x00000578       0x68 src/ASF/sam0/drivers/system/clock/clock_samd09_d10_d11/clock.o
 .debug_ranges  0x000005e0       0x88 src/ASF/sam0/drivers/system/clock/clock_samd09_d10_d11/gclk.o
 .debug_ranges  0x00000668       0x30 src/ASF/sam0/drivers/system/pinmux/pinmux.o
 .debug_ranges  0x00000698       0x18 src/ASF/sam0/drivers/system/system.o
 .debug_ranges  0x000006b0       0x18 src/ASF/sam0/utils/cmsis/samd10/source/gcc/startup_samd10.o
 .debug_ranges  0x000006c8       0x30 src/main.o

.debug_macro    0x00000000    0x1812f
 .debug_macro   0x00000000      0x4d5 src/ASF/common2/services/delay/sam0/systick_counter.o
 .debug_macro   0x000004d5      0x8c8 src/ASF/common2/services/delay/sam0/systick_counter.o
 .debug_macro   0x00000d9d      0x16d src/ASF/common2/services/delay/sam0/systick_counter.o
 .debug_macro   0x00000f0a      0x64b src/ASF/common2/services/delay/sam0/systick_counter.o
 .debug_macro   0x00001555       0x22 src/ASF/common2/services/delay/sam0/systick_counter.o
 .debug_macro   0x00001577       0x87 src/ASF/common2/services/delay/sam0/systick_counter.o
 .debug_macro   0x000015fe       0x51 src/ASF/common2/services/delay/sam0/systick_counter.o
 .debug_macro   0x0000164f       0xef src/ASF/common2/services/delay/sam0/systick_counter.o
 .debug_macro   0x0000173e       0x6a src/ASF/common2/services/delay/sam0/systick_counter.o
 .debug_macro   0x000017a8      0x1df src/ASF/common2/services/delay/sam0/systick_counter.o
 .debug_macro   0x00001987       0x10 src/ASF/common2/services/delay/sam0/systick_counter.o
 .debug_macro   0x00001997       0x76 src/ASF/common2/services/delay/sam0/systick_counter.o
 .debug_macro   0x00001a0d       0x16 src/ASF/common2/services/delay/sam0/systick_counter.o
 .debug_macro   0x00001a23      0x6e5 src/ASF/common2/services/delay/sam0/systick_counter.o
 .debug_macro   0x00002108      0xde2 src/ASF/common2/services/delay/sam0/systick_counter.o
 .debug_macro   0x00002eea       0x22 src/ASF/common2/services/delay/sam0/systick_counter.o
 .debug_macro   0x00002f0c       0x40 src/ASF/common2/services/delay/sam0/systick_counter.o
 .debug_macro   0x00002f4c       0x3a src/ASF/common2/services/delay/sam0/systick_counter.o
 .debug_macro   0x00002f86       0x1f src/ASF/common2/services/delay/sam0/systick_counter.o
 .debug_macro   0x00002fa5      0x250 src/ASF/common2/services/delay/sam0/systick_counter.o
 .debug_macro   0x000031f5      0x682 src/ASF/common2/services/delay/sam0/systick_counter.o
 .debug_macro   0x00003877      0x8c1 src/ASF/common2/services/delay/sam0/systick_counter.o
 .debug_macro   0x00004138      0x235 src/ASF/common2/services/delay/sam0/systick_counter.o
 .debug_macro   0x0000436d      0xbde src/ASF/common2/services/delay/sam0/systick_counter.o
 .debug_macro   0x00004f4b      0x5b8 src/ASF/common2/services/delay/sam0/systick_counter.o
 .debug_macro   0x00005503      0x7cb src/ASF/common2/services/delay/sam0/systick_counter.o
 .debug_macro   0x00005cce      0x4e6 src/ASF/common2/services/delay/sam0/systick_counter.o
 .debug_macro   0x000061b4      0x3ac src/ASF/common2/services/delay/sam0/systick_counter.o
 .debug_macro   0x00006560      0x19a src/ASF/common2/services/delay/sam0/systick_counter.o
 .debug_macro   0x000066fa      0x226 src/ASF/common2/services/delay/sam0/systick_counter.o
 .debug_macro   0x00006920      0x745 src/ASF/common2/services/delay/sam0/systick_counter.o
 .debug_macro   0x00007065       0x5e src/ASF/common2/services/delay/sam0/systick_counter.o
 .debug_macro   0x000070c3      0x610 src/ASF/common2/services/delay/sam0/systick_counter.o
 .debug_macro   0x000076d3      0x3b8 src/ASF/common2/services/delay/sam0/systick_counter.o
 .debug_macro   0x00007a8b      0xc55 src/ASF/common2/services/delay/sam0/systick_counter.o
 .debug_macro   0x000086e0     0x1093 src/ASF/common2/services/delay/sam0/systick_counter.o
 .debug_macro   0x00009773      0xc19 src/ASF/common2/services/delay/sam0/systick_counter.o
 .debug_macro   0x0000a38c      0x6c2 src/ASF/common2/services/delay/sam0/systick_counter.o
 .debug_macro   0x0000aa4e     0x1b94 src/ASF/common2/services/delay/sam0/systick_counter.o
 .debug_macro   0x0000c5e2      0x351 src/ASF/common2/services/delay/sam0/systick_counter.o
 .debug_macro   0x0000c933       0x7c src/ASF/common2/services/delay/sam0/systick_counter.o
 .debug_macro   0x0000c9af       0xa0 src/ASF/common2/services/delay/sam0/systick_counter.o
 .debug_macro   0x0000ca4f       0x4c src/ASF/common2/services/delay/sam0/systick_counter.o
 .debug_macro   0x0000ca9b       0xca src/ASF/common2/services/delay/sam0/systick_counter.o
 .debug_macro   0x0000cb65       0xbe src/ASF/common2/services/delay/sam0/systick_counter.o
 .debug_macro   0x0000cc23       0x58 src/ASF/common2/services/delay/sam0/systick_counter.o
 .debug_macro   0x0000cc7b      0x225 src/ASF/common2/services/delay/sam0/systick_counter.o
 .debug_macro   0x0000cea0       0x82 src/ASF/common2/services/delay/sam0/systick_counter.o
 .debug_macro   0x0000cf22      0x19a src/ASF/common2/services/delay/sam0/systick_counter.o
 .debug_macro   0x0000d0bc       0xa0 src/ASF/common2/services/delay/sam0/systick_counter.o
 .debug_macro   0x0000d15c       0xc4 src/ASF/common2/services/delay/sam0/systick_counter.o
 .debug_macro   0x0000d220       0x1c src/ASF/common2/services/delay/sam0/systick_counter.o
 .debug_macro   0x0000d23c       0x1c src/ASF/common2/services/delay/sam0/systick_counter.o
 .debug_macro   0x0000d258       0x1c src/ASF/common2/services/delay/sam0/systick_counter.o
 .debug_macro   0x0000d274       0x82 src/ASF/common2/services/delay/sam0/systick_counter.o
 .debug_macro   0x0000d2f6      0x112 src/ASF/common2/services/delay/sam0/systick_counter.o
 .debug_macro   0x0000d408       0xdc src/ASF/common2/services/delay/sam0/systick_counter.o
 .debug_macro   0x0000d4e4      0x132 src/ASF/common2/services/delay/sam0/systick_counter.o
 .debug_macro   0x0000d616      0x132 src/ASF/common2/services/delay/sam0/systick_counter.o
 .debug_macro   0x0000d748      0x132 src/ASF/common2/services/delay/sam0/systick_counter.o
 .debug_macro   0x0000d87a      0x11e src/ASF/common2/services/delay/sam0/systick_counter.o
 .debug_macro   0x0000d998       0xe2 src/ASF/common2/services/delay/sam0/systick_counter.o
 .debug_macro   0x0000da7a       0xe2 src/ASF/common2/services/delay/sam0/systick_counter.o
 .debug_macro   0x0000db5c      0x12f src/ASF/common2/services/delay/sam0/systick_counter.o
 .debug_macro   0x0000dc8b       0x40 src/ASF/common2/services/delay/sam0/systick_counter.o
 .debug_macro   0x0000dccb      0x2d5 src/ASF/common2/services/delay/sam0/systick_counter.o
 .debug_macro   0x0000dfa0      0xf2a src/ASF/common2/services/delay/sam0/systick_counter.o
 .debug_macro   0x0000eeca       0x5f src/ASF/common2/services/delay/sam0/systick_counter.o
 .debug_macro   0x0000ef29       0x52 src/ASF/common2/services/delay/sam0/systick_counter.o
 .debug_macro   0x0000ef7b       0x35 src/ASF/common2/services/delay/sam0/systick_counter.o
 .debug_macro   0x0000efb0       0x9c src/ASF/common2/services/delay/sam0/systick_counter.o
 .debug_macro   0x0000f04c       0x16 src/ASF/common2/services/delay/sam0/systick_counter.o
 .debug_macro   0x0000f062       0x35 src/ASF/common2/services/delay/sam0/systick_counter.o
 .debug_macro   0x0000f097      0x330 src/ASF/common2/services/delay/sam0/systick_counter.o
 .debug_macro   0x0000f3c7       0x10 src/ASF/common2/services/delay/sam0/systick_counter.o
 .debug_macro   0x0000f3d7       0x52 src/ASF/common2/services/delay/sam0/systick_counter.o
 .debug_macro   0x0000f429       0x1f src/ASF/common2/services/delay/sam0/systick_counter.o
 .debug_macro   0x0000f448       0x43 src/ASF/common2/services/delay/sam0/systick_counter.o
 .debug_macro   0x0000f48b       0x20 src/ASF/common2/services/delay/sam0/systick_counter.o
 .debug_macro   0x0000f4ab      0x187 src/ASF/common2/services/delay/sam0/systick_counter.o
 .debug_macro   0x0000f632       0x10 src/ASF/common2/services/delay/sam0/systick_counter.o
 .debug_macro   0x0000f642       0x1c src/ASF/common2/services/delay/sam0/systick_counter.o
 .debug_macro   0x0000f65e       0x52 src/ASF/common2/services/delay/sam0/systick_counter.o
 .debug_macro   0x0000f6b0       0x40 src/ASF/common2/services/delay/sam0/systick_counter.o
 .debug_macro   0x0000f6f0       0x10 src/ASF/common2/services/delay/sam0/systick_counter.o
 .debug_macro   0x0000f700       0x40 src/ASF/common2/services/delay/sam0/systick_counter.o
 .debug_macro   0x0000f740       0xd7 src/ASF/common2/services/delay/sam0/systick_counter.o
 .debug_macro   0x0000f817       0x16 src/ASF/common2/services/delay/sam0/systick_counter.o
 .debug_macro   0x0000f82d      0x18b src/ASF/common2/services/delay/sam0/systick_counter.o
 .debug_macro   0x0000f9b8       0x16 src/ASF/common2/services/delay/sam0/systick_counter.o
 .debug_macro   0x0000f9ce       0x16 src/ASF/common2/services/delay/sam0/systick_counter.o
 .debug_macro   0x0000f9e4       0x29 src/ASF/common2/services/delay/sam0/systick_counter.o
 .debug_macro   0x0000fa0d       0x51 src/ASF/common2/services/delay/sam0/systick_counter.o
 .debug_macro   0x0000fa5e       0x3f src/ASF/common2/services/delay/sam0/systick_counter.o
 .debug_macro   0x0000fa9d      0x3df src/ASF/common2/services/delay/sam0/systick_counter.o
 .debug_macro   0x0000fe7c       0x11 src/ASF/common2/services/delay/sam0/systick_counter.o
 .debug_macro   0x0000fe8d       0x16 src/ASF/common2/services/delay/sam0/systick_counter.o
 .debug_macro   0x0000fea3       0x16 src/ASF/common2/services/delay/sam0/systick_counter.o
 .debug_macro   0x0000feb9      0x519 src/ASF/sam0/drivers/adc/adc_sam_d_r_h/adc.o
 .debug_macro   0x000103d2       0x18 src/ASF/sam0/drivers/adc/adc_sam_d_r_h/adc.o
 .debug_macro   0x000103ea       0x16 src/ASF/sam0/drivers/adc/adc_sam_d_r_h/adc.o
 .debug_macro   0x00010400       0x2e src/ASF/sam0/drivers/adc/adc_sam_d_r_h/adc.o
 .debug_macro   0x0001042e       0x19 src/ASF/sam0/drivers/adc/adc_sam_d_r_h/adc.o
 .debug_macro   0x00010447      0x51c src/ASF/sam0/drivers/adc/adc_sam_d_r_h/adc_callback.o
 .debug_macro   0x00010963      0x519 src/ASF/sam0/drivers/extint/extint_sam_d_r_h/extint.o
 .debug_macro   0x00010e7c       0x1f src/ASF/sam0/drivers/extint/extint_sam_d_r_h/extint.o
 .debug_macro   0x00010e9b       0x16 src/ASF/sam0/drivers/extint/extint_sam_d_r_h/extint.o
 .debug_macro   0x00010eb1      0x615 src/ORB_control.o
 .debug_macro   0x000114c6       0x16 src/ORB_control.o
 .debug_macro   0x000114dc      0x614 src/sensor_control.o
 .debug_macro   0x00011af0       0x34 src/sensor_control.o
 .debug_macro   0x00011b24      0x609 src/sensor.o
 .debug_macro   0x0001212d      0x608 src/super_servo.o
 .debug_macro   0x00012735       0x3a src/super_servo.o
 .debug_macro   0x0001276f      0x61b src/test.o
 .debug_macro   0x00012d8a      0x514 src/ASF/sam0/drivers/tcc/tcc_callback.o
 .debug_macro   0x0001329e      0x523 src/ASF/sam0/drivers/tc/tc_sam_d_r_h/tc.o
 .debug_macro   0x000137c1       0x19 src/ASF/sam0/drivers/tc/tc_sam_d_r_h/tc.o
 .debug_macro   0x000137da       0x51 src/ASF/sam0/drivers/tc/tc_sam_d_r_h/tc.o
 .debug_macro   0x0001382b      0x508 src/ASF/sam0/drivers/tc/tc_interrupt.o
 .debug_macro   0x00013d33      0x524 src/ASF/sam0/drivers/sercom/sercom_interrupt.o
 .debug_macro   0x00014257      0x4bf src/ASF/sam0/drivers/extint/extint_callback.o
 .debug_macro   0x00014716       0x19 src/ASF/sam0/drivers/extint/extint_callback.o
 .debug_macro   0x0001472f      0x4b6 src/ASF/sam0/drivers/port/port.o
 .debug_macro   0x00014be5      0x60e src/LED.o
 .debug_macro   0x000151f3      0x60e src/ORB.o
 .debug_macro   0x00015801      0x5ff src/ASF/common2/boards/user_board/init.o
 .debug_macro   0x00015e00      0x49a src/ASF/common/utils/interrupt/interrupt_sam_nvic.o
 .debug_macro   0x0001629a      0x4ff src/ASF/sam0/drivers/system/clock/clock_samd09_d10_d11/clock.o
 .debug_macro   0x00016799      0x234 src/ASF/sam0/drivers/system/clock/clock_samd09_d10_d11/clock.o
 .debug_macro   0x000169cd      0x4d0 src/ASF/sam0/drivers/system/clock/clock_samd09_d10_d11/gclk.o
 .debug_macro   0x00016e9d      0x4aa src/ASF/sam0/drivers/system/pinmux/pinmux.o
 .debug_macro   0x00017347       0x12 src/ASF/sam0/drivers/system/pinmux/pinmux.o
 .debug_macro   0x00017359      0x4dd src/ASF/sam0/drivers/system/system.o
 .debug_macro   0x00017836      0x281 src/ASF/sam0/utils/cmsis/samd10/source/gcc/startup_samd10.o
 .debug_macro   0x00017ab7       0x3a src/ASF/sam0/utils/cmsis/samd10/source/gcc/startup_samd10.o
 .debug_macro   0x00017af1      0x63e src/main.o

.debug_line     0x00000000    0x11fca
 .debug_line    0x00000000      0x953 src/ASF/common2/services/delay/sam0/systick_counter.o
 .debug_line    0x00000953      0xcd8 src/ASF/sam0/drivers/adc/adc_sam_d_r_h/adc.o
 .debug_line    0x0000162b      0xb97 src/ASF/sam0/drivers/adc/adc_sam_d_r_h/adc_callback.o
 .debug_line    0x000021c2      0xbc3 src/ASF/sam0/drivers/extint/extint_sam_d_r_h/extint.o
 .debug_line    0x00002d85      0xd10 src/ORB_control.o
 .debug_line    0x00003a95      0xd3b src/sensor_control.o
 .debug_line    0x000047d0      0xde1 src/sensor.o
 .debug_line    0x000055b1      0xd63 src/super_servo.o
 .debug_line    0x00006314      0xd78 src/test.o
 .debug_line    0x0000708c      0xa20 src/ASF/sam0/drivers/tcc/tcc_callback.o
 .debug_line    0x00007aac      0xd25 src/ASF/sam0/drivers/tc/tc_sam_d_r_h/tc.o
 .debug_line    0x000087d1      0xa03 src/ASF/sam0/drivers/tc/tc_interrupt.o
 .debug_line    0x000091d4      0xacc src/ASF/sam0/drivers/sercom/sercom_interrupt.o
 .debug_line    0x00009ca0      0x962 src/ASF/sam0/drivers/extint/extint_callback.o
 .debug_line    0x0000a602      0x88c src/ASF/sam0/drivers/port/port.o
 .debug_line    0x0000ae8e      0xf3b src/LED.o
 .debug_line    0x0000bdc9      0xf43 src/ORB.o
 .debug_line    0x0000cd0c      0xce5 src/ASF/common2/boards/user_board/init.o
 .debug_line    0x0000d9f1      0x860 src/ASF/common/utils/interrupt/interrupt_sam_nvic.o
 .debug_line    0x0000e251      0xbdd src/ASF/sam0/drivers/system/clock/clock_samd09_d10_d11/clock.o
 .debug_line    0x0000ee2e      0xc09 src/ASF/sam0/drivers/system/clock/clock_samd09_d10_d11/gclk.o
 .debug_line    0x0000fa37      0x8d9 src/ASF/sam0/drivers/system/pinmux/pinmux.o
 .debug_line    0x00010310      0x980 src/ASF/sam0/drivers/system/system.o
 .debug_line    0x00010c90      0x5dc src/ASF/sam0/utils/cmsis/samd10/source/gcc/startup_samd10.o
 .debug_line    0x0001126c      0xd5e src/main.o

.debug_str      0x00000000    0x6fff3
 .debug_str     0x00000000    0x662b0 src/ASF/common2/services/delay/sam0/systick_counter.o
                              0x66784 (size before relaxing)
 .debug_str     0x000662b0     0x1d3b src/ASF/sam0/drivers/adc/adc_sam_d_r_h/adc.o
                              0x6846b (size before relaxing)
 .debug_str     0x00067feb      0x29e src/ASF/sam0/drivers/adc/adc_sam_d_r_h/adc_callback.o
                              0x67262 (size before relaxing)
 .debug_str     0x00068289      0xa34 src/ASF/sam0/drivers/extint/extint_sam_d_r_h/extint.o
                              0x67b20 (size before relaxing)
 .debug_str     0x00068cbd     0x1529 src/ORB_control.o
                              0x6862a (size before relaxing)
 .debug_str     0x0006a1e6      0x566 src/sensor_control.o
                              0x68d38 (size before relaxing)
 .debug_str     0x0006a74c       0xb7 src/sensor.o
                              0x69b05 (size before relaxing)
 .debug_str     0x0006a803      0xf85 src/super_servo.o
                              0x69cde (size before relaxing)
 .debug_str     0x0006b788       0x20 src/test.o
                              0x685ea (size before relaxing)
 .debug_str     0x0006b7a8      0x21f src/ASF/sam0/drivers/tcc/tcc_callback.o
                              0x67d96 (size before relaxing)
 .debug_str     0x0006b9c7      0x6f7 src/ASF/sam0/drivers/tc/tc_sam_d_r_h/tc.o
                              0x67b5f (size before relaxing)
 .debug_str     0x0006c0be       0xc2 src/ASF/sam0/drivers/tc/tc_interrupt.o
                              0x6727d (size before relaxing)
 .debug_str     0x0006c180      0x7a6 src/ASF/sam0/drivers/sercom/sercom_interrupt.o
                              0x67710 (size before relaxing)
 .debug_str     0x0006c926      0x131 src/ASF/sam0/drivers/extint/extint_callback.o
                              0x66cc5 (size before relaxing)
 .debug_str     0x0006ca57      0x273 src/ASF/sam0/drivers/port/port.o
                              0x6698b (size before relaxing)
 .debug_str     0x0006ccca      0x45d src/LED.o
                              0x69d36 (size before relaxing)
 .debug_str     0x0006d127      0x141 src/ORB.o
                              0x69d01 (size before relaxing)
 .debug_str     0x0006d268       0x3e src/ASF/common2/boards/user_board/init.o
                              0x685b5 (size before relaxing)
 .debug_str     0x0006d2a6       0x94 src/ASF/common/utils/interrupt/interrupt_sam_nvic.o
                              0x66574 (size before relaxing)
 .debug_str     0x0006d33a     0x216b src/ASF/sam0/drivers/system/clock/clock_samd09_d10_d11/clock.o
                              0x693c8 (size before relaxing)
 .debug_str     0x0006f4a5      0x20f src/ASF/sam0/drivers/system/clock/clock_samd09_d10_d11/gclk.o
                              0x671ca (size before relaxing)
 .debug_str     0x0006f6b4       0xf4 src/ASF/sam0/drivers/system/pinmux/pinmux.o
                              0x66a16 (size before relaxing)
 .debug_str     0x0006f7a8       0x47 src/ASF/sam0/drivers/system/system.o
                              0x66651 (size before relaxing)
 .debug_str     0x0006f7ef      0x7eb src/ASF/sam0/utils/cmsis/samd10/source/gcc/startup_samd10.o
                              0x51f02 (size before relaxing)
 .debug_str     0x0006ffda       0x19 src/main.o
                              0x68dfe (size before relaxing)

.debug_frame    0x00000000      0xeb4
 .debug_frame   0x00000000       0x64 src/ASF/common2/services/delay/sam0/systick_counter.o
 .debug_frame   0x00000064       0x98 src/ASF/sam0/drivers/adc/adc_sam_d_r_h/adc.o
 .debug_frame   0x000000fc       0x84 src/ASF/sam0/drivers/adc/adc_sam_d_r_h/adc_callback.o
 .debug_frame   0x00000180       0xb8 src/ASF/sam0/drivers/extint/extint_sam_d_r_h/extint.o
 .debug_frame   0x00000238       0x2c src/ORB_control.o
 .debug_frame   0x00000264       0x48 src/sensor_control.o
 .debug_frame   0x000002ac       0x60 src/sensor.o
 .debug_frame   0x0000030c       0x68 src/super_servo.o
 .debug_frame   0x00000374       0x30 src/test.o
 .debug_frame   0x000003a4       0xa4 src/ASF/sam0/drivers/tcc/tcc_callback.o
 .debug_frame   0x00000448       0xa8 src/ASF/sam0/drivers/tc/tc_sam_d_r_h/tc.o
 .debug_frame   0x000004f0       0x7c src/ASF/sam0/drivers/tc/tc_interrupt.o
 .debug_frame   0x0000056c       0xa0 src/ASF/sam0/drivers/sercom/sercom_interrupt.o
 .debug_frame   0x0000060c       0x7c src/ASF/sam0/drivers/extint/extint_callback.o
 .debug_frame   0x00000688       0x44 src/ASF/sam0/drivers/port/port.o
 .debug_frame   0x000006cc      0x1a4 src/LED.o
 .debug_frame   0x00000870      0x1a0 src/ORB.o
 .debug_frame   0x00000a10       0x20 src/ASF/common2/boards/user_board/init.o
 .debug_frame   0x00000a30       0x30 src/ASF/common/utils/interrupt/interrupt_sam_nvic.o
 .debug_frame   0x00000a60      0x14c src/ASF/sam0/drivers/system/clock/clock_samd09_d10_d11/clock.o
 .debug_frame   0x00000bac      0x148 src/ASF/sam0/drivers/system/clock/clock_samd09_d10_d11/gclk.o
 .debug_frame   0x00000cf4       0x98 src/ASF/sam0/drivers/system/pinmux/pinmux.o
 .debug_frame   0x00000d8c       0x38 src/ASF/sam0/drivers/system/system.o
 .debug_frame   0x00000dc4       0x38 src/ASF/sam0/utils/cmsis/samd10/source/gcc/startup_samd10.o
 .debug_frame   0x00000dfc       0x44 src/main.o
 .debug_frame   0x00000e40       0x20 c:/program files (x86)/atmel/studio/7.0/toolchain/arm/arm-gnu-toolchain/bin/../lib/gcc/arm-none-eabi/6.2.1/thumb/v6-m\libgcc.a(_udivsi3.o)
 .debug_frame   0x00000e60       0x2c c:/program files (x86)/atmel/studio/7.0/toolchain/arm/arm-gnu-toolchain/bin/../lib/gcc/arm-none-eabi/6.2.1/../../../../arm-none-eabi/lib/thumb/v6-m\libc_nano.a(lib_a-init.o)
 .debug_frame   0x00000e8c       0x28 c:/program files (x86)/atmel/studio/7.0/toolchain/arm/arm-gnu-toolchain/bin/../lib/gcc/arm-none-eabi/6.2.1/../../../../arm-none-eabi/lib/thumb/v6-m\libc_nano.a(lib_a-memcpy-stub.o)

Cross Reference Table

Symbol                                            File
AC_Handler                                        src/ASF/sam0/utils/cmsis/samd10/source/gcc/startup_samd10.o
ADC_Handler                                       src/ASF/sam0/drivers/adc/adc_sam_d_r_h/adc_callback.o
DAC_Handler                                       src/ASF/sam0/utils/cmsis/samd10/source/gcc/startup_samd10.o
DMAC_Handler                                      src/ASF/sam0/utils/cmsis/samd10/source/gcc/startup_samd10.o
Dummy_Handler                                     src/ASF/sam0/utils/cmsis/samd10/source/gcc/startup_samd10.o
EIC_Handler                                       src/ASF/sam0/drivers/extint/extint_callback.o
EVSYS_Handler                                     src/ASF/sam0/utils/cmsis/samd10/source/gcc/startup_samd10.o
HardFault_Handler                                 src/ASF/sam0/utils/cmsis/samd10/source/gcc/startup_samd10.o
LEDS_off                                          src/LED.o
LED_init                                          src/LED.o
                                                  src/main.o
LED_init_array                                    src/LED.o
LED_setup_pins                                    src/LED.o
LED_timer_callbacks_init                          src/LED.o
LED_timer_init                                    src/LED.o
LED_transfer_temp                                 src/LED.o
NMI_Handler                                       src/ASF/sam0/utils/cmsis/samd10/source/gcc/startup_samd10.o
NVMCTRL_Handler                                   src/ASF/sam0/utils/cmsis/samd10/source/gcc/startup_samd10.o
ORB_init                                          src/ORB.o
                                                  src/main.o
ORB_init_array                                    src/ORB.o
ORB_leds_off                                      src/ORB.o
ORB_setup_pins                                    src/ORB.o
ORB_timer_callbacks_init                          src/ORB.o
ORB_timer_init                                    src/ORB.o
PM_Handler                                        src/ASF/sam0/utils/cmsis/samd10/source/gcc/startup_samd10.o
PTC_Handler                                       src/ASF/sam0/utils/cmsis/samd10/source/gcc/startup_samd10.o
PendSV_Handler                                    src/ASF/sam0/utils/cmsis/samd10/source/gcc/startup_samd10.o
RTC_Handler                                       src/ASF/sam0/utils/cmsis/samd10/source/gcc/startup_samd10.o
Reset_Handler                                     src/ASF/sam0/utils/cmsis/samd10/source/gcc/startup_samd10.o
SERCOM0_Handler                                   src/ASF/sam0/drivers/sercom/sercom_interrupt.o
SERCOM1_Handler                                   src/ASF/sam0/drivers/sercom/sercom_interrupt.o
SERCOM2_Handler                                   src/ASF/sam0/drivers/sercom/sercom_interrupt.o
SVC_Handler                                       src/ASF/sam0/utils/cmsis/samd10/source/gcc/startup_samd10.o
SYSCTRL_Handler                                   src/ASF/sam0/utils/cmsis/samd10/source/gcc/startup_samd10.o
SysTick_Handler                                   src/ASF/sam0/utils/cmsis/samd10/source/gcc/startup_samd10.o
SystemCoreClock                                   src/ASF/sam0/utils/cmsis/samd10/source/system_samd10.o
SystemCoreClockUpdate                             src/ASF/sam0/utils/cmsis/samd10/source/system_samd10.o
SystemInit                                        src/ASF/sam0/utils/cmsis/samd10/source/system_samd10.o
TC1_Handler                                       src/ASF/sam0/drivers/tc/tc_interrupt.o
TC2_Handler                                       src/ASF/sam0/drivers/tc/tc_interrupt.o
TCC0_Handler                                      src/ASF/sam0/drivers/tcc/tcc_callback.o
WDT_Handler                                       src/ASF/sam0/utils/cmsis/samd10/source/gcc/startup_samd10.o
_Jv_RegisterClasses                               c:/program files (x86)/atmel/studio/7.0/toolchain/arm/arm-gnu-toolchain/bin/../lib/gcc/arm-none-eabi/6.2.1/thumb/v6-m/crtbegin.o
__aeabi_idiv0                                     c:/program files (x86)/atmel/studio/7.0/toolchain/arm/arm-gnu-toolchain/bin/../lib/gcc/arm-none-eabi/6.2.1/thumb/v6-m\libgcc.a(_dvmd_tls.o)
                                                  c:/program files (x86)/atmel/studio/7.0/toolchain/arm/arm-gnu-toolchain/bin/../lib/gcc/arm-none-eabi/6.2.1/thumb/v6-m\libgcc.a(_udivsi3.o)
__aeabi_ldiv0                                     c:/program files (x86)/atmel/studio/7.0/toolchain/arm/arm-gnu-toolchain/bin/../lib/gcc/arm-none-eabi/6.2.1/thumb/v6-m\libgcc.a(_dvmd_tls.o)
__aeabi_lmul                                      c:/program files (x86)/atmel/studio/7.0/toolchain/arm/arm-gnu-toolchain/bin/../lib/gcc/arm-none-eabi/6.2.1/thumb/v6-m\libgcc.a(_muldi3.o)
                                                  src/ASF/sam0/drivers/sercom/sercom.o
__aeabi_uidiv                                     c:/program files (x86)/atmel/studio/7.0/toolchain/arm/arm-gnu-toolchain/bin/../lib/gcc/arm-none-eabi/6.2.1/thumb/v6-m\libgcc.a(_udivsi3.o)
                                                  src/ASF/sam0/drivers/system/clock/clock_samd09_d10_d11/gclk.o
                                                  src/ASF/sam0/drivers/system/clock/clock_samd09_d10_d11/clock.o
                                                  src/ASF/common2/services/delay/sam0/systick_counter.o
__aeabi_uidivmod                                  c:/program files (x86)/atmel/studio/7.0/toolchain/arm/arm-gnu-toolchain/bin/../lib/gcc/arm-none-eabi/6.2.1/thumb/v6-m\libgcc.a(_udivsi3.o)
__bss_end__                                       c:/program files (x86)/atmel/studio/7.0/toolchain/arm/arm-gnu-toolchain/bin/../lib/gcc/arm-none-eabi/6.2.1/../../../../arm-none-eabi/lib/thumb/v6-m/crt0.o
__bss_start__                                     c:/program files (x86)/atmel/studio/7.0/toolchain/arm/arm-gnu-toolchain/bin/../lib/gcc/arm-none-eabi/6.2.1/../../../../arm-none-eabi/lib/thumb/v6-m/crt0.o
__call_exitprocs                                  c:/program files (x86)/atmel/studio/7.0/toolchain/arm/arm-gnu-toolchain/bin/../lib/gcc/arm-none-eabi/6.2.1/../../../../arm-none-eabi/lib/thumb/v6-m\libc_nano.a(lib_a-exit.o)
__deregister_frame_info                           c:/program files (x86)/atmel/studio/7.0/toolchain/arm/arm-gnu-toolchain/bin/../lib/gcc/arm-none-eabi/6.2.1/thumb/v6-m/crtbegin.o
__dso_handle                                      c:/program files (x86)/atmel/studio/7.0/toolchain/arm/arm-gnu-toolchain/bin/../lib/gcc/arm-none-eabi/6.2.1/thumb/v6-m/crtbegin.o
__init_array_end                                  c:/program files (x86)/atmel/studio/7.0/toolchain/arm/arm-gnu-toolchain/bin/../lib/gcc/arm-none-eabi/6.2.1/../../../../arm-none-eabi/lib/thumb/v6-m\libc_nano.a(lib_a-init.o)
__init_array_start                                c:/program files (x86)/atmel/studio/7.0/toolchain/arm/arm-gnu-toolchain/bin/../lib/gcc/arm-none-eabi/6.2.1/../../../../arm-none-eabi/lib/thumb/v6-m\libc_nano.a(lib_a-init.o)
__libc_fini_array                                 c:/program files (x86)/atmel/studio/7.0/toolchain/arm/arm-gnu-toolchain/bin/../lib/gcc/arm-none-eabi/6.2.1/../../../../arm-none-eabi/lib/thumb/v6-m/crt0.o
__libc_init_array                                 c:/program files (x86)/atmel/studio/7.0/toolchain/arm/arm-gnu-toolchain/bin/../lib/gcc/arm-none-eabi/6.2.1/../../../../arm-none-eabi/lib/thumb/v6-m\libc_nano.a(lib_a-init.o)
                                                  src/ASF/sam0/utils/cmsis/samd10/source/gcc/startup_samd10.o
                                                  c:/program files (x86)/atmel/studio/7.0/toolchain/arm/arm-gnu-toolchain/bin/../lib/gcc/arm-none-eabi/6.2.1/../../../../arm-none-eabi/lib/thumb/v6-m/crt0.o
__muldi3                                          c:/program files (x86)/atmel/studio/7.0/toolchain/arm/arm-gnu-toolchain/bin/../lib/gcc/arm-none-eabi/6.2.1/thumb/v6-m\libgcc.a(_muldi3.o)
__preinit_array_end                               c:/program files (x86)/atmel/studio/7.0/toolchain/arm/arm-gnu-toolchain/bin/../lib/gcc/arm-none-eabi/6.2.1/../../../../arm-none-eabi/lib/thumb/v6-m\libc_nano.a(lib_a-init.o)
__preinit_array_start                             c:/program files (x86)/atmel/studio/7.0/toolchain/arm/arm-gnu-toolchain/bin/../lib/gcc/arm-none-eabi/6.2.1/../../../../arm-none-eabi/lib/thumb/v6-m\libc_nano.a(lib_a-init.o)
__register_frame_info                             c:/program files (x86)/atmel/studio/7.0/toolchain/arm/arm-gnu-toolchain/bin/../lib/gcc/arm-none-eabi/6.2.1/thumb/v6-m/crtbegin.o
__sf_fake_stderr                                  c:/program files (x86)/atmel/studio/7.0/toolchain/arm/arm-gnu-toolchain/bin/../lib/gcc/arm-none-eabi/6.2.1/../../../../arm-none-eabi/lib/thumb/v6-m\libc_nano.a(lib_a-impure.o)
__sf_fake_stdin                                   c:/program files (x86)/atmel/studio/7.0/toolchain/arm/arm-gnu-toolchain/bin/../lib/gcc/arm-none-eabi/6.2.1/../../../../arm-none-eabi/lib/thumb/v6-m\libc_nano.a(lib_a-impure.o)
__sf_fake_stdout                                  c:/program files (x86)/atmel/studio/7.0/toolchain/arm/arm-gnu-toolchain/bin/../lib/gcc/arm-none-eabi/6.2.1/../../../../arm-none-eabi/lib/thumb/v6-m\libc_nano.a(lib_a-impure.o)
__stack                                           c:/program files (x86)/atmel/studio/7.0/toolchain/arm/arm-gnu-toolchain/bin/../lib/gcc/arm-none-eabi/6.2.1/../../../../arm-none-eabi/lib/thumb/v6-m/crt0.o
__udivsi3                                         c:/program files (x86)/atmel/studio/7.0/toolchain/arm/arm-gnu-toolchain/bin/../lib/gcc/arm-none-eabi/6.2.1/thumb/v6-m\libgcc.a(_udivsi3.o)
_adc_instances                                    src/ASF/sam0/drivers/adc/adc_sam_d_r_h/adc_callback.o
                                                  src/ASF/sam0/drivers/adc/adc_sam_d_r_h/adc.o
_close                                            src/ASF/sam0/utils/syscalls/gcc/syscalls.o
_current_channel                                  src/ASF/sam0/drivers/extint/extint_callback.o
_end                                              src/ASF/sam0/utils/syscalls/gcc/syscalls.o
_erelocate                                        src/ASF/sam0/utils/cmsis/samd10/source/gcc/startup_samd10.o
_estack                                           src/ASF/sam0/utils/cmsis/samd10/source/gcc/startup_samd10.o
_etext                                            src/ASF/sam0/utils/cmsis/samd10/source/gcc/startup_samd10.o
_exit                                             src/ASF/sam0/utils/syscalls/gcc/syscalls.o
                                                  c:/program files (x86)/atmel/studio/7.0/toolchain/arm/arm-gnu-toolchain/bin/../lib/gcc/arm-none-eabi/6.2.1/../../../../arm-none-eabi/lib/thumb/v6-m\libc_nano.a(lib_a-exit.o)
_extint_dev                                       src/ASF/sam0/drivers/extint/extint_sam_d_r_h/extint.o
                                                  src/ASF/sam0/drivers/extint/extint_callback.o
_ezero                                            src/ASF/sam0/utils/cmsis/samd10/source/gcc/startup_samd10.o
_fini                                             c:/program files (x86)/atmel/studio/7.0/toolchain/arm/arm-gnu-toolchain/bin/../lib/gcc/arm-none-eabi/6.2.1/thumb/v6-m/crti.o
_fstat                                            src/ASF/sam0/utils/syscalls/gcc/syscalls.o
_getpid                                           src/ASF/sam0/utils/syscalls/gcc/syscalls.o
_global_impure_ptr                                c:/program files (x86)/atmel/studio/7.0/toolchain/arm/arm-gnu-toolchain/bin/../lib/gcc/arm-none-eabi/6.2.1/../../../../arm-none-eabi/lib/thumb/v6-m\libc_nano.a(lib_a-impure.o)
                                                  c:/program files (x86)/atmel/studio/7.0/toolchain/arm/arm-gnu-toolchain/bin/../lib/gcc/arm-none-eabi/6.2.1/../../../../arm-none-eabi/lib/thumb/v6-m\libc_nano.a(lib_a-exit.o)
_impure_ptr                                       c:/program files (x86)/atmel/studio/7.0/toolchain/arm/arm-gnu-toolchain/bin/../lib/gcc/arm-none-eabi/6.2.1/../../../../arm-none-eabi/lib/thumb/v6-m\libc_nano.a(lib_a-impure.o)
_init                                             c:/program files (x86)/atmel/studio/7.0/toolchain/arm/arm-gnu-toolchain/bin/../lib/gcc/arm-none-eabi/6.2.1/thumb/v6-m/crti.o
                                                  c:/program files (x86)/atmel/studio/7.0/toolchain/arm/arm-gnu-toolchain/bin/../lib/gcc/arm-none-eabi/6.2.1/../../../../arm-none-eabi/lib/thumb/v6-m\libc_nano.a(lib_a-init.o)
_isatty                                           src/ASF/sam0/utils/syscalls/gcc/syscalls.o
_kill                                             src/ASF/sam0/utils/syscalls/gcc/syscalls.o
_lseek                                            src/ASF/sam0/utils/syscalls/gcc/syscalls.o
_mainCRTStartup                                   c:/program files (x86)/atmel/studio/7.0/toolchain/arm/arm-gnu-toolchain/bin/../lib/gcc/arm-none-eabi/6.2.1/../../../../arm-none-eabi/lib/thumb/v6-m/crt0.o
_sbrk                                             src/ASF/sam0/utils/syscalls/gcc/syscalls.o
_sercom_get_async_baud_val                        src/ASF/sam0/drivers/sercom/sercom.o
                                                  src/ASF/sam0/drivers/sercom/usart/usart.o
_sercom_get_default_pad                           src/ASF/sam0/drivers/sercom/sercom.o
                                                  src/ASF/sam0/drivers/sercom/usart/usart.o
_sercom_get_interrupt_vector                      src/ASF/sam0/drivers/sercom/sercom_interrupt.o
_sercom_get_sercom_inst_index                     src/ASF/sam0/drivers/sercom/sercom.o
                                                  src/ASF/sam0/drivers/sercom/sercom_interrupt.o
                                                  src/ASF/sam0/drivers/sercom/usart/usart.o
_sercom_get_sync_baud_val                         src/ASF/sam0/drivers/sercom/sercom.o
                                                  src/ASF/sam0/drivers/sercom/usart/usart.o
_sercom_instances                                 src/ASF/sam0/drivers/sercom/sercom_interrupt.o
                                                  src/ASF/sam0/drivers/sercom/usart/usart_interrupt.o
                                                  src/ASF/sam0/drivers/sercom/usart/usart.o
_sercom_set_handler                               src/ASF/sam0/drivers/sercom/sercom_interrupt.o
                                                  src/ASF/sam0/drivers/sercom/usart/usart.o
_sfixed                                           src/ASF/sam0/utils/cmsis/samd10/source/gcc/startup_samd10.o
_srelocate                                        src/ASF/sam0/utils/cmsis/samd10/source/gcc/startup_samd10.o
_start                                            c:/program files (x86)/atmel/studio/7.0/toolchain/arm/arm-gnu-toolchain/bin/../lib/gcc/arm-none-eabi/6.2.1/../../../../arm-none-eabi/lib/thumb/v6-m/crt0.o
_system_divas_init                                src/ASF/sam0/drivers/system/system.o
_system_dummy_init                                src/ASF/sam0/drivers/system/system.o
_system_events_init                               src/ASF/sam0/drivers/system/system.o
_system_extint_init                               src/ASF/sam0/drivers/extint/extint_sam_d_r_h/extint.o
_szero                                            src/ASF/sam0/utils/cmsis/samd10/source/gcc/startup_samd10.o
_tc_get_inst_index                                src/ASF/sam0/drivers/tc/tc_sam_d_r_h/tc.o
                                                  src/ORB.o
                                                  src/LED.o
_tc_instances                                     src/ASF/sam0/drivers/tc/tc_interrupt.o
                                                  src/ASF/sam0/drivers/tc/tc_sam_d_r_h/tc.o
_tc_interrupt_handler                             src/ASF/sam0/drivers/tc/tc_interrupt.o
_tcc_apbcmasks                                    src/ASF/sam0/drivers/tcc/tcc.o
_tcc_cc_nums                                      src/ASF/sam0/drivers/tcc/tcc.o
_tcc_exts                                         src/ASF/sam0/drivers/tcc/tcc.o
_tcc_gclk_ids                                     src/ASF/sam0/drivers/tcc/tcc.o
_tcc_get_inst_index                               src/ASF/sam0/drivers/tcc/tcc.o
                                                  src/ASF/sam0/drivers/tcc/tcc_callback.o
_tcc_instances                                    src/ASF/sam0/drivers/tcc/tcc_callback.o
                                                  src/ASF/sam0/drivers/tcc/tcc.o
_tcc_interrupt_handler                            src/ASF/sam0/drivers/tcc/tcc_callback.o
_tcc_intflag                                      src/ASF/sam0/drivers/tcc/tcc_callback.o
_tcc_maxs                                         src/ASF/sam0/drivers/tcc/tcc.o
_tcc_ow_nums                                      src/ASF/sam0/drivers/tcc/tcc.o
_tcc_sizes                                        src/ASF/sam0/drivers/tcc/tcc.o
_usart_interrupt_handler                          src/ASF/sam0/drivers/sercom/usart/usart_interrupt.o
                                                  src/ASF/sam0/drivers/sercom/usart/usart.o
_usart_read_buffer                                src/ASF/sam0/drivers/sercom/usart/usart_interrupt.o
_usart_write_buffer                               src/ASF/sam0/drivers/sercom/usart/usart_interrupt.o
adc_abort_job                                     src/ASF/sam0/drivers/adc/adc_sam_d_r_h/adc_callback.o
adc_get_config_defaults                           src/ASF/sam0/drivers/adc/adc_sam_d_r_h/adc.o
                                                  src/sensor.o
adc_get_job_status                                src/ASF/sam0/drivers/adc/adc_sam_d_r_h/adc_callback.o
adc_init                                          src/ASF/sam0/drivers/adc/adc_sam_d_r_h/adc.o
                                                  src/sensor.o
adc_instance                                      src/sensor.o
adc_read_buffer_job                               src/ASF/sam0/drivers/adc/adc_sam_d_r_h/adc_callback.o
adc_register_callback                             src/ASF/sam0/drivers/adc/adc_sam_d_r_h/adc_callback.o
adc_regular_ain_channel                           src/ASF/sam0/drivers/adc/adc_sam_d_r_h/adc.o
adc_set_window_mode                               src/ASF/sam0/drivers/adc/adc_sam_d_r_h/adc.o
adc_start_read_result                             src/sensor.o
                                                  src/sensor_control.o
adc_unregister_callback                           src/ASF/sam0/drivers/adc/adc_sam_d_r_h/adc_callback.o
atexit                                            c:/program files (x86)/atmel/studio/7.0/toolchain/arm/arm-gnu-toolchain/bin/../lib/gcc/arm-none-eabi/6.2.1/../../../../arm-none-eabi/lib/thumb/v6-m/crt0.o
board_init                                        src/ASF/common2/boards/user_board/init.o
compare_array                                     src/ORB.o
compare_array_ID                                  src/ORB.o
compare_led_array                                 src/LED.o
compare_led_array_ID                              src/LED.o
configure_adc                                     src/sensor.o
cpu_irq_enter_critical                            src/ASF/common/utils/interrupt/interrupt_sam_nvic.o
                                                  src/ASF/sam0/drivers/system/clock/clock_samd09_d10_d11/gclk.o
                                                  src/ASF/sam0/drivers/sercom/usart/usart_interrupt.o
cpu_irq_leave_critical                            src/ASF/common/utils/interrupt/interrupt_sam_nvic.o
                                                  src/ASF/sam0/drivers/system/clock/clock_samd09_d10_d11/gclk.o
                                                  src/ASF/sam0/drivers/sercom/usart/usart_interrupt.o
delay_cycles_ms                                   src/ASF/common2/services/delay/sam0/systick_counter.o
                                                  src/test.o
delay_cycles_us                                   src/ASF/common2/services/delay/sam0/systick_counter.o
delay_init                                        src/ASF/common2/services/delay/sam0/systick_counter.o
                                                  src/main.o
disable_LED                                       src/LED.o
disable_ORB                                       src/ORB.o
disable_super_servo                               src/super_servo.o
enable_LED                                        src/LED.o
                                                  src/main.o
enable_ORB                                        src/ORB.o
                                                  src/main.o
enable_super_servo                                src/super_servo.o
                                                  src/main.o
exception_table                                   src/ASF/sam0/utils/cmsis/samd10/source/gcc/startup_samd10.o
exit                                              c:/program files (x86)/atmel/studio/7.0/toolchain/arm/arm-gnu-toolchain/bin/../lib/gcc/arm-none-eabi/6.2.1/../../../../arm-none-eabi/lib/thumb/v6-m\libc_nano.a(lib_a-exit.o)
                                                  c:/program files (x86)/atmel/studio/7.0/toolchain/arm/arm-gnu-toolchain/bin/../lib/gcc/arm-none-eabi/6.2.1/../../../../arm-none-eabi/lib/thumb/v6-m/crt0.o
extint_chan_disable_callback                      src/ASF/sam0/drivers/extint/extint_callback.o
extint_chan_enable_callback                       src/ASF/sam0/drivers/extint/extint_callback.o
extint_chan_get_config_defaults                   src/ASF/sam0/drivers/extint/extint_sam_d_r_h/extint.o
extint_chan_set_config                            src/ASF/sam0/drivers/extint/extint_sam_d_r_h/extint.o
extint_disable_events                             src/ASF/sam0/drivers/extint/extint_sam_d_r_h/extint.o
extint_enable_events                              src/ASF/sam0/drivers/extint/extint_sam_d_r_h/extint.o
extint_get_current_channel                        src/ASF/sam0/drivers/extint/extint_callback.o
extint_nmi_set_config                             src/ASF/sam0/drivers/extint/extint_sam_d_r_h/extint.o
extint_register_callback                          src/ASF/sam0/drivers/extint/extint_callback.o
extint_unregister_callback                        src/ASF/sam0/drivers/extint/extint_callback.o
g_interrupt_enabled                               src/ASF/common/utils/interrupt/interrupt_sam_nvic.o
global_sensor_value                               src/main.o
hardware_init_hook                                c:/program files (x86)/atmel/studio/7.0/toolchain/arm/arm-gnu-toolchain/bin/../lib/gcc/arm-none-eabi/6.2.1/../../../../arm-none-eabi/lib/thumb/v6-m/crt0.o
increasing_LED_sort_tag                           src/LED.o
increasing_sort_tag                               src/ORB.o
                                                  src/ORB_control.o
initializing_LED_compare_array                    src/LED.o
initializing_LED_pin_array                        src/LED.o
initializing_compare_array                        src/ORB.o
initializing_pin_array                            src/ORB.o
                                                  src/ORB_control.o
led_tc_instance                                   src/LED.o
link                                              src/ASF/sam0/utils/syscalls/gcc/syscalls.o
load_input                                        src/main.o
main                                              src/main.o
                                                  src/ASF/sam0/utils/cmsis/samd10/source/gcc/startup_samd10.o
                                                  c:/program files (x86)/atmel/studio/7.0/toolchain/arm/arm-gnu-toolchain/bin/../lib/gcc/arm-none-eabi/6.2.1/../../../../arm-none-eabi/lib/thumb/v6-m/crt0.o
memcpy                                            c:/program files (x86)/atmel/studio/7.0/toolchain/arm/arm-gnu-toolchain/bin/../lib/gcc/arm-none-eabi/6.2.1/../../../../arm-none-eabi/lib/thumb/v6-m\libc_nano.a(lib_a-memcpy-stub.o)
                                                  src/ASF/sam0/drivers/adc/adc_sam_d_r_h/adc.o
memset                                            c:/program files (x86)/atmel/studio/7.0/toolchain/arm/arm-gnu-toolchain/bin/../lib/gcc/arm-none-eabi/6.2.1/../../../../arm-none-eabi/lib/thumb/v6-m\libc_nano.a(lib_a-memset.o)
                                                  c:/program files (x86)/atmel/studio/7.0/toolchain/arm/arm-gnu-toolchain/bin/../lib/gcc/arm-none-eabi/6.2.1/../../../../arm-none-eabi/lib/thumb/v6-m/crt0.o
orb_tc_instance                                   src/ORB.o
pin_array                                         src/ORB.o
pin_array_ID                                      src/ORB.o
pin_led_array                                     src/LED.o
pin_led_array_ID                                  src/LED.o
port_group_set_config                             src/ASF/sam0/drivers/port/port.o
port_pin_set_config                               src/ASF/sam0/drivers/port/port.o
                                                  src/ORB.o
                                                  src/LED.o
read_all_sensors                                  src/sensor_control.o
                                                  src/main.o
read_sensor                                       src/sensor_control.o
sensor_init                                       src/sensor.o
                                                  src/main.o
sercom_set_gclk_generator                         src/ASF/sam0/drivers/sercom/sercom.o
                                                  src/ASF/sam0/drivers/sercom/usart/usart.o
set_drivestrength_LED                             src/LED.o
set_drivestrength_ORB                             src/ORB.o
software_init_hook                                c:/program files (x86)/atmel/studio/7.0/toolchain/arm/arm-gnu-toolchain/bin/../lib/gcc/arm-none-eabi/6.2.1/../../../../arm-none-eabi/lib/thumb/v6-m/crt0.o
super_servo_init                                  src/super_servo.o
super_servo_tcc_init                              src/super_servo.o
system_board_init                                 src/ASF/common2/boards/user_board/init.o
system_clock_init                                 src/ASF/sam0/drivers/system/clock/clock_samd09_d10_d11/clock.o
system_clock_source_dfll_set_config               src/ASF/sam0/drivers/system/clock/clock_samd09_d10_d11/clock.o
system_clock_source_disable                       src/ASF/sam0/drivers/system/clock/clock_samd09_d10_d11/clock.o
system_clock_source_dpll_set_config               src/ASF/sam0/drivers/system/clock/clock_samd09_d10_d11/clock.o
system_clock_source_enable                        src/ASF/sam0/drivers/system/clock/clock_samd09_d10_d11/clock.o
system_clock_source_get_hz                        src/ASF/sam0/drivers/system/clock/clock_samd09_d10_d11/clock.o
                                                  src/ASF/sam0/drivers/system/clock/clock_samd09_d10_d11/gclk.o
system_clock_source_is_ready                      src/ASF/sam0/drivers/system/clock/clock_samd09_d10_d11/clock.o
system_clock_source_osc32k_set_config             src/ASF/sam0/drivers/system/clock/clock_samd09_d10_d11/clock.o
system_clock_source_osc8m_set_config              src/ASF/sam0/drivers/system/clock/clock_samd09_d10_d11/clock.o
system_clock_source_write_calibration             src/ASF/sam0/drivers/system/clock/clock_samd09_d10_d11/clock.o
system_clock_source_xosc32k_set_config            src/ASF/sam0/drivers/system/clock/clock_samd09_d10_d11/clock.o
system_clock_source_xosc_set_config               src/ASF/sam0/drivers/system/clock/clock_samd09_d10_d11/clock.o
system_gclk_chan_disable                          src/ASF/sam0/drivers/system/clock/clock_samd09_d10_d11/gclk.o
                                                  src/ASF/sam0/drivers/extint/extint_sam_d_r_h/extint.o
system_gclk_chan_enable                           src/ASF/sam0/drivers/system/clock/clock_samd09_d10_d11/gclk.o
                                                  src/ASF/sam0/drivers/sercom/usart/usart.o
                                                  src/ASF/sam0/drivers/tc/tc_sam_d_r_h/tc.o
                                                  src/ASF/sam0/drivers/tcc/tcc.o
                                                  src/ASF/sam0/drivers/sercom/sercom.o
                                                  src/ASF/sam0/drivers/extint/extint_sam_d_r_h/extint.o
                                                  src/ASF/sam0/drivers/adc/adc_sam_d_r_h/adc.o
system_gclk_chan_get_hz                           src/ASF/sam0/drivers/system/clock/clock_samd09_d10_d11/gclk.o
                                                  src/ASF/sam0/drivers/system/clock/clock_samd09_d10_d11/clock.o
                                                  src/ASF/sam0/drivers/sercom/usart/usart.o
system_gclk_chan_is_enabled                       src/ASF/sam0/drivers/system/clock/clock_samd09_d10_d11/gclk.o
system_gclk_chan_is_locked                        src/ASF/sam0/drivers/system/clock/clock_samd09_d10_d11/gclk.o
system_gclk_chan_lock                             src/ASF/sam0/drivers/system/clock/clock_samd09_d10_d11/gclk.o
system_gclk_chan_set_config                       src/ASF/sam0/drivers/system/clock/clock_samd09_d10_d11/gclk.o
                                                  src/ASF/sam0/drivers/system/clock/clock_samd09_d10_d11/clock.o
                                                  src/ASF/sam0/drivers/sercom/usart/usart.o
                                                  src/ASF/sam0/drivers/tc/tc_sam_d_r_h/tc.o
                                                  src/ASF/sam0/drivers/tcc/tcc.o
                                                  src/ASF/sam0/drivers/sercom/sercom.o
                                                  src/ASF/sam0/drivers/extint/extint_sam_d_r_h/extint.o
                                                  src/ASF/sam0/drivers/adc/adc_sam_d_r_h/adc.o
system_gclk_gen_disable                           src/ASF/sam0/drivers/system/clock/clock_samd09_d10_d11/gclk.o
system_gclk_gen_enable                            src/ASF/sam0/drivers/system/clock/clock_samd09_d10_d11/gclk.o
                                                  src/ASF/sam0/drivers/system/clock/clock_samd09_d10_d11/clock.o
system_gclk_gen_get_hz                            src/ASF/sam0/drivers/system/clock/clock_samd09_d10_d11/gclk.o
                                                  src/ASF/common2/services/delay/sam0/systick_counter.o
system_gclk_gen_is_enabled                        src/ASF/sam0/drivers/system/clock/clock_samd09_d10_d11/gclk.o