Archive member included to satisfy reference by file (symbol)

c:/program files (x86)/atmel/studio/7.0/toolchain/arm/arm-gnu-toolchain/bin/../lib/gcc/arm-none-eabi/6.2.1/thumb/v6-m\libgcc.a(_udivsi3.o)
                              src/ASF/common2/services/delay/sam0/systick_counter.o (__aeabi_uidiv)
c:/program files (x86)/atmel/studio/7.0/toolchain/arm/arm-gnu-toolchain/bin/../lib/gcc/arm-none-eabi/6.2.1/thumb/v6-m\libgcc.a(_divsi3.o)
                              src/super_servo_control.o (__aeabi_idiv)
c:/program files (x86)/atmel/studio/7.0/toolchain/arm/arm-gnu-toolchain/bin/../lib/gcc/arm-none-eabi/6.2.1/thumb/v6-m\libgcc.a(_dvmd_tls.o)
                              c:/program files (x86)/atmel/studio/7.0/toolchain/arm/arm-gnu-toolchain/bin/../lib/gcc/arm-none-eabi/6.2.1/thumb/v6-m\libgcc.a(_udivsi3.o) (__aeabi_idiv0)
c:/program files (x86)/atmel/studio/7.0/toolchain/arm/arm-gnu-toolchain/bin/../lib/gcc/arm-none-eabi/6.2.1/thumb/v6-m\libgcc.a(_muldi3.o)
                              src/ASF/sam0/drivers/sercom/sercom.o (__aeabi_lmul)
c:/program files (x86)/atmel/studio/7.0/toolchain/arm/arm-gnu-toolchain/bin/../lib/gcc/arm-none-eabi/6.2.1/../../../../arm-none-eabi/lib/thumb/v6-m\libc_nano.a(lib_a-exit.o)
                              c:/program files (x86)/atmel/studio/7.0/toolchain/arm/arm-gnu-toolchain/bin/../lib/gcc/arm-none-eabi/6.2.1/../../../../arm-none-eabi/lib/thumb/v6-m/crt0.o (exit)
c:/program files (x86)/atmel/studio/7.0/toolchain/arm/arm-gnu-toolchain/bin/../lib/gcc/arm-none-eabi/6.2.1/../../../../arm-none-eabi/lib/thumb/v6-m\libc_nano.a(lib_a-impure.o)
                              c:/program files (x86)/atmel/studio/7.0/toolchain/arm/arm-gnu-toolchain/bin/../lib/gcc/arm-none-eabi/6.2.1/../../../../arm-none-eabi/lib/thumb/v6-m\libc_nano.a(lib_a-exit.o) (_global_impure_ptr)
c:/program files (x86)/atmel/studio/7.0/toolchain/arm/arm-gnu-toolchain/bin/../lib/gcc/arm-none-eabi/6.2.1/../../../../arm-none-eabi/lib/thumb/v6-m\libc_nano.a(lib_a-init.o)
                              c:/program files (x86)/atmel/studio/7.0/toolchain/arm/arm-gnu-toolchain/bin/../lib/gcc/arm-none-eabi/6.2.1/../../../../arm-none-eabi/lib/thumb/v6-m/crt0.o (__libc_init_array)
c:/program files (x86)/atmel/studio/7.0/toolchain/arm/arm-gnu-toolchain/bin/../lib/gcc/arm-none-eabi/6.2.1/../../../../arm-none-eabi/lib/thumb/v6-m\libc_nano.a(lib_a-malloc.o)
                              src/sensor.o (malloc)
c:/program files (x86)/atmel/studio/7.0/toolchain/arm/arm-gnu-toolchain/bin/../lib/gcc/arm-none-eabi/6.2.1/../../../../arm-none-eabi/lib/thumb/v6-m\libc_nano.a(lib_a-memcpy-stub.o)
                              src/ASF/sam0/drivers/adc/adc_sam_d_r_h/adc.o (memcpy)
c:/program files (x86)/atmel/studio/7.0/toolchain/arm/arm-gnu-toolchain/bin/../lib/gcc/arm-none-eabi/6.2.1/../../../../arm-none-eabi/lib/thumb/v6-m\libc_nano.a(lib_a-memset.o)
                              c:/program files (x86)/atmel/studio/7.0/toolchain/arm/arm-gnu-toolchain/bin/../lib/gcc/arm-none-eabi/6.2.1/../../../../arm-none-eabi/lib/thumb/v6-m/crt0.o (memset)
c:/program files (x86)/atmel/studio/7.0/toolchain/arm/arm-gnu-toolchain/bin/../lib/gcc/arm-none-eabi/6.2.1/../../../../arm-none-eabi/lib/thumb/v6-m\libc_nano.a(lib_a-nano-freer.o)
                              c:/program files (x86)/atmel/studio/7.0/toolchain/arm/arm-gnu-toolchain/bin/../lib/gcc/arm-none-eabi/6.2.1/../../../../arm-none-eabi/lib/thumb/v6-m\libc_nano.a(lib_a-malloc.o) (_free_r)
c:/program files (x86)/atmel/studio/7.0/toolchain/arm/arm-gnu-toolchain/bin/../lib/gcc/arm-none-eabi/6.2.1/../../../../arm-none-eabi/lib/thumb/v6-m\libc_nano.a(lib_a-nano-mallocr.o)
                              c:/program files (x86)/atmel/studio/7.0/toolchain/arm/arm-gnu-toolchain/bin/../lib/gcc/arm-none-eabi/6.2.1/../../../../arm-none-eabi/lib/thumb/v6-m\libc_nano.a(lib_a-malloc.o) (_malloc_r)
c:/program files (x86)/atmel/studio/7.0/toolchain/arm/arm-gnu-toolchain/bin/../lib/gcc/arm-none-eabi/6.2.1/../../../../arm-none-eabi/lib/thumb/v6-m\libc_nano.a(lib_a-sbrkr.o)
                              c:/program files (x86)/atmel/studio/7.0/toolchain/arm/arm-gnu-toolchain/bin/../lib/gcc/arm-none-eabi/6.2.1/../../../../arm-none-eabi/lib/thumb/v6-m\libc_nano.a(lib_a-nano-mallocr.o) (_sbrk_r)
c:/program files (x86)/atmel/studio/7.0/toolchain/arm/arm-gnu-toolchain/bin/../lib/gcc/arm-none-eabi/6.2.1/../../../../arm-none-eabi/lib/thumb/v6-m\libc_nano.a(lib_a-mlock.o)
                              c:/program files (x86)/atmel/studio/7.0/toolchain/arm/arm-gnu-toolchain/bin/../lib/gcc/arm-none-eabi/6.2.1/../../../../arm-none-eabi/lib/thumb/v6-m\libc_nano.a(lib_a-nano-freer.o) (__malloc_lock)
c:/program files (x86)/atmel/studio/7.0/toolchain/arm/arm-gnu-toolchain/bin/../lib/gcc/arm-none-eabi/6.2.1/../../../../arm-none-eabi/lib/thumb/v6-m\libc_nano.a(lib_a-reent.o)
[...]
Memory Configuration

Name             Origin             Length             Attributes
rom              0x00000000         0x00004000         xr
ram              0x20000000         0x00001000         xrw
*default*        0x00000000         0xffffffff

Linker script and memory map

LOAD c:/program files (x86)/atmel/studio/7.0/toolchain/arm/arm-gnu-toolchain/bin/../lib/gcc/arm-none-eabi/6.2.1/thumb/v6-m/crti.o
LOAD c:/program files (x86)/atmel/studio/7.0/toolchain/arm/arm-gnu-toolchain/bin/../lib/gcc/arm-none-eabi/6.2.1/thumb/v6-m/crtbegin.o
LOAD c:/program files (x86)/atmel/studio/7.0/toolchain/arm/arm-gnu-toolchain/bin/../lib/gcc/arm-none-eabi/6.2.1/../../../../arm-none-eabi/lib/thumb/v6-m/crt0.o
LOAD src/UART.o
LOAD src/UART_control.o
LOAD src/ASF/common2/services/delay/sam0/systick_counter.o
LOAD src/ASF/sam0/drivers/adc/adc_sam_d_r_h/adc.o
LOAD src/ASF/sam0/drivers/adc/adc_sam_d_r_h/adc_callback.o
LOAD src/ASF/sam0/drivers/extint/extint_sam_d_r_h/extint.o
LOAD src/ASF/sam0/drivers/sercom/sercom.o
LOAD src/LED_control.o
LOAD src/ORB_control.o
LOAD src/sensor_control.o
LOAD src/sensor.o
LOAD src/super_servo.o
LOAD src/super_servo_control.o
LOAD src/test.o
LOAD src/ASF/sam0/drivers/tcc/tcc.o
LOAD src/ASF/sam0/drivers/tcc/tcc_callback.o
LOAD src/ASF/sam0/drivers/tc/tc_sam_d_r_h/tc.o
LOAD src/ASF/sam0/drivers/tc/tc_interrupt.o
LOAD src/ASF/sam0/drivers/sercom/usart/usart.o
LOAD src/ASF/sam0/drivers/sercom/usart/usart_interrupt.o
LOAD src/ASF/sam0/drivers/sercom/sercom_interrupt.o
LOAD src/ASF/sam0/drivers/extint/extint_callback.o
LOAD src/ASF/sam0/drivers/port/port.o
LOAD src/LED.o
LOAD src/ORB.o
LOAD src/ASF/common2/boards/user_board/init.o
LOAD src/ASF/common/utils/interrupt/interrupt_sam_nvic.o
LOAD src/ASF/sam0/drivers/system/clock/clock_samd09_d10_d11/clock.o
LOAD src/ASF/sam0/drivers/system/clock/clock_samd09_d10_d11/gclk.o
LOAD src/ASF/sam0/drivers/system/interrupt/system_interrupt.o
LOAD src/ASF/sam0/drivers/system/pinmux/pinmux.o
LOAD src/ASF/sam0/drivers/system/system.o
LOAD src/ASF/sam0/utils/cmsis/samd10/source/gcc/startup_samd10.o
LOAD src/ASF/sam0/utils/cmsis/samd10/source/system_samd10.o
LOAD src/ASF/sam0/utils/syscalls/gcc/syscalls.o
LOAD src/main.o
START GROUP
LOAD ../src/ASF/thirdparty/CMSIS/Lib/GCC\libarm_cortexM0l_math.a
LOAD c:/program files (x86)/atmel/studio/7.0/toolchain/arm/arm-gnu-toolchain/bin/../lib/gcc/arm-none-eabi/6.2.1/../../../../arm-none-eabi/lib/thumb/v6-m\libm.a
END GROUP
START GROUP
LOAD c:/program files (x86)/atmel/studio/7.0/toolchain/arm/arm-gnu-toolchain/bin/../lib/gcc/arm-none-eabi/6.2.1/thumb/v6-m\libgcc.a
LOAD c:/program files (x86)/atmel/studio/7.0/toolchain/arm/arm-gnu-toolchain/bin/../lib/gcc/arm-none-eabi/6.2.1/../../../../arm-none-eabi/lib/thumb/v6-m\libc_nano.a
END GROUP
START GROUP
LOAD c:/program files (x86)/atmel/studio/7.0/toolchain/arm/arm-gnu-toolchain/bin/../lib/gcc/arm-none-eabi/6.2.1/thumb/v6-m\libgcc.a
LOAD c:/program files (x86)/atmel/studio/7.0/toolchain/arm/arm-gnu-toolchain/bin/../lib/gcc/arm-none-eabi/6.2.1/../../../../arm-none-eabi/lib/thumb/v6-m\libc_nano.a
END GROUP
LOAD c:/program files (x86)/atmel/studio/7.0/toolchain/arm/arm-gnu-toolchain/bin/../lib/gcc/arm-none-eabi/6.2.1/thumb/v6-m/crtend.o
LOAD c:/program files (x86)/atmel/studio/7.0/toolchain/arm/arm-gnu-toolchain/bin/../lib/gcc/arm-none-eabi/6.2.1/thumb/v6-m/crtn.o
                0x00000400                STACK_SIZE = DEFINED (STACK_SIZE)?STACK_SIZE:DEFINED (__stack_size__)?__stack_size__:0x400

.text           0x00000000     0x3f18
                0x00000000                . = ALIGN (0x4)
                0x00000000                _sfixed = .
 *(.vectors .vectors.*)
 .vectors       0x00000000       0x8c src/ASF/sam0/utils/cmsis/samd10/source/gcc/startup_samd10.o
                0x00000000                exception_table
 *(.text .text.* .gnu.linkonce.t.*)
 .text          0x0000008c       0x60 c:/program files (x86)/atmel/studio/7.0/toolchain/arm/arm-gnu-toolchain/bin/../lib/gcc/arm-none-eabi/6.2.1/thumb/v6-m/crtbegin.o
 .text.usart_read_callback
                0x000000ec       0x4c src/UART.o
                0x000000ec                usart_read_callback
 .text.configure_usart
                0x00000138       0xbc src/UART.o
                0x00000138                configure_usart
 .text.configure_usart_callbacks
                0x000001f4       0x1c src/UART.o
                0x000001f4                configure_usart_callbacks
 .text.enable_USART
                0x00000210       0x24 src/UART.o
                0x00000210                enable_USART
 .text.serial_init
                0x00000234       0x14 src/UART.o
                0x00000234                serial_init
 .text.serial_receive_bytes
                0x00000248       0x50 src/UART_control.o
                0x00000248                serial_receive_bytes
 .text.serial_main_loop_1
                0x00000298      0x508 src/UART_control.o
                0x00000298                serial_main_loop_1
 .text.delay_init
                0x000007a0       0x40 src/ASF/common2/services/delay/sam0/systick_counter.o
                0x000007a0                delay_init
 .text.delay_cycles_ms
                0x000007e0       0x2c src/ASF/common2/services/delay/sam0/systick_counter.o
                0x000007e0                delay_cycles_ms
 .text.adc_get_config_defaults
                0x0000080c       0x46 src/ASF/sam0/drivers/adc/adc_sam_d_r_h/adc.o
                0x0000080c                adc_get_config_defaults
 *fill*         0x00000852        0x2 
 .text.adc_init
                0x00000854      0x428 src/ASF/sam0/drivers/adc/adc_sam_d_r_h/adc.o
                0x00000854                adc_init
 .text.ADC_Handler
                0x00000c7c       0xc0 src/ASF/sam0/drivers/adc/adc_sam_d_r_h/adc_callback.o
                0x00000c7c                ADC_Handler
 .text._extint_enable
                0x00000d3c       0x18 src/ASF/sam0/drivers/extint/extint_sam_d_r_h/extint.o
 .text._system_extint_init
                0x00000d54       0x6c src/ASF/sam0/drivers/extint/extint_sam_d_r_h/extint.o
                0x00000d54                _system_extint_init
 .text.long_division
                0x00000dc0       0xba src/ASF/sam0/drivers/sercom/sercom.o
 .text._sercom_get_sync_baud_val
                0x00000e7a       0x28 src/ASF/sam0/drivers/sercom/sercom.o
                0x00000e7a                _sercom_get_sync_baud_val
 *fill*         0x00000ea2        0x2 
 .text._sercom_get_async_baud_val
                0x00000ea4       0x94 src/ASF/sam0/drivers/sercom/sercom.o
                0x00000ea4                _sercom_get_async_baud_val
 .text.sercom_set_gclk_generator
                0x00000f38       0x4c src/ASF/sam0/drivers/sercom/sercom.o
                0x00000f38                sercom_set_gclk_generator
 .text._sercom_get_default_pad
                0x00000f84       0xc0 src/ASF/sam0/drivers/sercom/sercom.o
                0x00000f84                _sercom_get_default_pad
 .text._sercom_get_sercom_inst_index
                0x00001044       0x38 src/ASF/sam0/drivers/sercom/sercom.o
                0x00001044                _sercom_get_sercom_inst_index
 .text.update_LEDS
                0x0000107c       0x5c src/LED_control.o
                0x0000107c                update_LEDS
 .text.update_LEDS_single
                0x000010d8       0x60 src/LED_control.o
                0x000010d8                update_LEDS_single
 .text.switch_off_LEDS
                0x00001138       0x38 src/LED_control.o
                0x00001138                switch_off_LEDS
 .text.update_ORB
                0x00001170       0x4c src/ORB_control.o
                0x00001170                update_ORB
 .text.update_ORB_single
                0x000011bc       0x54 src/ORB_control.o
                0x000011bc                update_ORB_single
 .text.switch_off_ORB
                0x00001210       0x3c src/ORB_control.o
                0x00001210                switch_off_ORB
 .text.read_sensor
                0x0000124c       0x18 src/sensor_control.o
                0x0000124c                read_sensor
 .text.configure_adc
                0x00001264       0x88 src/sensor.o
                0x00001264                configure_adc
 .text.adc_start_read_result
                0x000012ec       0xc0 src/sensor.o
                0x000012ec                adc_start_read_result
 .text.sensor_init
                0x000013ac        0xc src/sensor.o
                0x000013ac                sensor_init
 .text.enable_super_servo
                0x000013b8       0x1c src/super_servo.o
                0x000013b8                enable_super_servo
 .text.super_servo_tcc_init
                0x000013d4       0xa4 src/super_servo.o
                0x000013d4                super_servo_tcc_init
 .text.super_servo_init
                0x00001478        0xc src/super_servo.o
                0x00001478                super_servo_init
 .text.update_super_servo
                0x00001484      0x100 src/super_servo_control.o
                0x00001484                update_super_servo
 .text.update_super_servo_single
                0x00001584       0xd0 src/super_servo_control.o
                0x00001584                update_super_servo_single
 .text._tcc_get_inst_index
                0x00001654        0x4 src/ASF/sam0/drivers/tcc/tcc.o
                0x00001654                _tcc_get_inst_index
 .text._tcc_set_compare_value
                0x00001658       0x58 src/ASF/sam0/drivers/tcc/tcc.o
 .text.tcc_get_config_defaults
                0x000016b0      0x13c src/ASF/sam0/drivers/tcc/tcc.o
                0x000016b0                tcc_get_config_defaults
 .text.tcc_init
                0x000017ec      0x388 src/ASF/sam0/drivers/tcc/tcc.o
                0x000017ec                tcc_init
 .text.tcc_set_compare_value
                0x00001b74       0x10 src/ASF/sam0/drivers/tcc/tcc.o
                0x00001b74                tcc_set_compare_value
 .text._tcc_interrupt_handler
                0x00001b84       0x4c src/ASF/sam0/drivers/tcc/tcc_callback.o
                0x00001b84                _tcc_interrupt_handler
 .text.TCC0_Handler
                0x00001bd0       0x10 src/ASF/sam0/drivers/tcc/tcc_callback.o
                0x00001bd0                TCC0_Handler
 .text._tc_get_inst_index
                0x00001be0       0x24 src/ASF/sam0/drivers/tc/tc_sam_d_r_h/tc.o
                0x00001be0                _tc_get_inst_index
 .text.tc_init  0x00001c04      0x230 src/ASF/sam0/drivers/tc/tc_sam_d_r_h/tc.o
                0x00001c04                tc_init
 .text.tc_set_count_value
                0x00001e34       0x32 src/ASF/sam0/drivers/tc/tc_sam_d_r_h/tc.o
                0x00001e34                tc_set_count_value
 .text.tc_set_compare_value
                0x00001e66       0x50 src/ASF/sam0/drivers/tc/tc_sam_d_r_h/tc.o
                0x00001e66                tc_set_compare_value
 .text.tc_register_callback
                0x00001eb6       0x32 src/ASF/sam0/drivers/tc/tc_interrupt.o
                0x00001eb6                tc_register_callback
 .text._tc_interrupt_handler
                0x00001ee8       0x64 src/ASF/sam0/drivers/tc/tc_interrupt.o
                0x00001ee8                _tc_interrupt_handler
 .text.TC1_Handler
                0x00001f4c       0x10 src/ASF/sam0/drivers/tc/tc_interrupt.o
                0x00001f4c                TC1_Handler
 .text.TC2_Handler
                0x00001f5c       0x10 src/ASF/sam0/drivers/tc/tc_interrupt.o
                0x00001f5c                TC2_Handler
 .text.usart_init
                0x00001f6c      0x344 src/ASF/sam0/drivers/sercom/usart/usart.o
                0x00001f6c                usart_init
 .text.usart_write_wait
                0x000022b0       0x2c src/ASF/sam0/drivers/sercom/usart/usart.o
                0x000022b0                usart_write_wait
 .text.usart_write_buffer_wait
                0x000022dc       0xc0 src/ASF/sam0/drivers/sercom/usart/usart.o
                0x000022dc                usart_write_buffer_wait
 .text._usart_read_buffer
                0x0000239c       0x50 src/ASF/sam0/drivers/sercom/usart/usart_interrupt.o
                0x0000239c                _usart_read_buffer
 .text.usart_register_callback
                0x000023ec       0x18 src/ASF/sam0/drivers/sercom/usart/usart_interrupt.o
                0x000023ec                usart_register_callback
 .text.usart_read_buffer_job
                0x00002404       0x20 src/ASF/sam0/drivers/sercom/usart/usart_interrupt.o
                0x00002404                usart_read_buffer_job
 .text._usart_interrupt_handler
                0x00002424      0x150 src/ASF/sam0/drivers/sercom/usart/usart_interrupt.o
                0x00002424                _usart_interrupt_handler
 .text._sercom_default_handler
                0x00002574        0x2 src/ASF/sam0/drivers/sercom/sercom_interrupt.o
 *fill*         0x00002576        0x2 
 .text._sercom_set_handler
                0x00002578       0x3c src/ASF/sam0/drivers/sercom/sercom_interrupt.o
                0x00002578                _sercom_set_handler
 .text._sercom_get_interrupt_vector
                0x000025b4       0x20 src/ASF/sam0/drivers/sercom/sercom_interrupt.o
                0x000025b4                _sercom_get_interrupt_vector
 .text.SERCOM0_Handler
                0x000025d4       0x10 src/ASF/sam0/drivers/sercom/sercom_interrupt.o
                0x000025d4                SERCOM0_Handler
 .text.SERCOM1_Handler
                0x000025e4       0x10 src/ASF/sam0/drivers/sercom/sercom_interrupt.o
                0x000025e4                SERCOM1_Handler
 .text.SERCOM2_Handler
                0x000025f4       0x10 src/ASF/sam0/drivers/sercom/sercom_interrupt.o
                0x000025f4                SERCOM2_Handler
 .text.EIC_Handler
                0x00002604       0x54 src/ASF/sam0/drivers/extint/extint_callback.o
                0x00002604                EIC_Handler
 .text.port_pin_set_config
                0x00002658       0x24 src/ASF/sam0/drivers/port/port.o
                0x00002658                port_pin_set_config
 .text.tc_callback_LED_PWM
                0x0000267c      0x178 src/LED.o
                0x0000267c                tc_callback_LED_PWM
 .text.LED_timer_init
                0x000027f4       0x6c src/LED.o
                0x000027f4                LED_timer_init
 .text.set_drivestrength_LED
                0x00002860       0x1c src/LED.o
                0x00002860                set_drivestrength_LED
 .text.LED_setup_pins
                0x0000287c       0x48 src/LED.o
                0x0000287c                LED_setup_pins
 .text.enable_LED
                0x000028c4       0x68 src/LED.o
                0x000028c4                enable_LED
 .text.initializing_LED_pin_array
                0x0000292c       0x18 src/LED.o
                0x0000292c                initializing_LED_pin_array
 .text.initializing_LED_compare_array
                0x00002944       0x14 src/LED.o
                0x00002944                initializing_LED_compare_array
 .text.transfer_temp_LED_2
                0x00002958       0x20 src/LED.o
                0x00002958                transfer_temp_LED_2
 .text.increasing_LED_sort_tag
                0x00002978       0x68 src/LED.o
                0x00002978                increasing_LED_sort_tag
 .text.LED_transfer_temp
                0x000029e0       0x50 src/LED.o
                0x000029e0                LED_transfer_temp
 .text.tc_callback_LED_OF
                0x00002a30       0xd4 src/LED.o
                0x00002a30                tc_callback_LED_OF
 .text.LED_init_array
                0x00002b04       0x24 src/LED.o
                0x00002b04                LED_init_array
 .text.LED_timer_callbacks_init
                0x00002b28       0x28 src/LED.o
                0x00002b28                LED_timer_callbacks_init
 .text.LED_init
                0x00002b50       0x24 src/LED.o
                0x00002b50                LED_init
 .text.tc_callback_PWM
                0x00002b74      0x178 src/ORB.o
                0x00002b74                tc_callback_PWM
 .text.transfer_temp
                0x00002cec       0x50 src/ORB.o
                0x00002cec                transfer_temp
 .text.tc_callback_OF
                0x00002d3c       0xa0 src/ORB.o
                0x00002d3c                tc_callback_OF
 .text.transfer_temp_2
                0x00002ddc       0x1c src/ORB.o
                0x00002ddc                transfer_temp_2
 .text.increasing_sort_tag
                0x00002df8       0x68 src/ORB.o
                0x00002df8                increasing_sort_tag
 .text.ORB_timer_init
                0x00002e60       0x6c src/ORB.o
                0x00002e60                ORB_timer_init
 .text.set_drivestrength_ORB
                0x00002ecc       0x1c src/ORB.o
                0x00002ecc                set_drivestrength_ORB
 .text.ORB_setup_pins
                0x00002ee8       0x54 src/ORB.o
                0x00002ee8                ORB_setup_pins
 .text.ORB_timer_callbacks_init
                0x00002f3c       0x28 src/ORB.o
                0x00002f3c                ORB_timer_callbacks_init
 .text.enable_ORB
                0x00002f64       0x68 src/ORB.o
                0x00002f64                enable_ORB
 .text.initializing_pin_array
                0x00002fcc       0x20 src/ORB.o
                0x00002fcc                initializing_pin_array
 .text.initializing_compare_array
                0x00002fec       0x18 src/ORB.o
                0x00002fec                initializing_compare_array
 .text.ORB_init_array
                0x00003004       0x2c src/ORB.o
                0x00003004                ORB_init_array
 .text.ORB_init
                0x00003030       0x24 src/ORB.o
                0x00003030                ORB_init
 .text.system_board_init
                0x00003054        0x2 src/ASF/common2/boards/user_board/init.o
                0x00003054                board_init
                0x00003054                system_board_init
 *fill*         0x00003056        0x2 
 .text.cpu_irq_enter_critical
                0x00003058       0x40 src/ASF/common/utils/interrupt/interrupt_sam_nvic.o
                0x00003058                cpu_irq_enter_critical
 .text.cpu_irq_leave_critical
                0x00003098       0x30 src/ASF/common/utils/interrupt/interrupt_sam_nvic.o
                0x00003098                cpu_irq_leave_critical
 .text.system_clock_source_get_hz
                0x000030c8       0x90 src/ASF/sam0/drivers/system/clock/clock_samd09_d10_d11/clock.o
                0x000030c8                system_clock_source_get_hz
 .text.system_clock_source_osc8m_set_config
                0x00003158       0x3c src/ASF/sam0/drivers/system/clock/clock_samd09_d10_d11/clock.o
                0x00003158                system_clock_source_osc8m_set_config
 .text.system_clock_source_enable
                0x00003194       0xa8 src/ASF/sam0/drivers/system/clock/clock_samd09_d10_d11/clock.o
                0x00003194                system_clock_source_enable
 .text.system_clock_init
                0x0000323c       0x98 src/ASF/sam0/drivers/system/clock/clock_samd09_d10_d11/clock.o
                0x0000323c                system_clock_init
 .text.system_gclk_init
                0x000032d4       0x24 src/ASF/sam0/drivers/system/clock/clock_samd09_d10_d11/gclk.o
                0x000032d4                system_gclk_init
 .text.system_gclk_gen_set_config
                0x000032f8       0xb8 src/ASF/sam0/drivers/system/clock/clock_samd09_d10_d11/gclk.o
                0x000032f8                system_gclk_gen_set_config
 .text.system_gclk_gen_enable
                0x000033b0       0x44 src/ASF/sam0/drivers/system/clock/clock_samd09_d10_d11/gclk.o
                0x000033b0                system_gclk_gen_enable
 .text.system_gclk_gen_get_hz
                0x000033f4       0x8c src/ASF/sam0/drivers/system/clock/clock_samd09_d10_d11/gclk.o
                0x000033f4                system_gclk_gen_get_hz
 .text.system_gclk_chan_enable
                0x00003480       0x30 src/ASF/sam0/drivers/system/clock/clock_samd09_d10_d11/gclk.o
                0x00003480                system_gclk_chan_enable
 .text.system_gclk_chan_disable
                0x000034b0       0x5c src/ASF/sam0/drivers/system/clock/clock_samd09_d10_d11/gclk.o
                0x000034b0                system_gclk_chan_disable
 .text.system_gclk_chan_set_config
                0x0000350c       0x1c src/ASF/sam0/drivers/system/clock/clock_samd09_d10_d11/gclk.o
                0x0000350c                system_gclk_chan_set_config
 .text.system_gclk_chan_get_hz
                0x00003528       0x34 src/ASF/sam0/drivers/system/clock/clock_samd09_d10_d11/gclk.o
                0x00003528                system_gclk_chan_get_hz
 .text._system_pinmux_config
                0x0000355c       0xa8 src/ASF/sam0/drivers/system/pinmux/pinmux.o
 .text.system_pinmux_pin_set_config
                0x00003604       0x30 src/ASF/sam0/drivers/system/pinmux/pinmux.o
                0x00003604                system_pinmux_pin_set_config
 .text.system_pinmux_group_set_output_strength
                0x00003634       0x46 src/ASF/sam0/drivers/system/pinmux/pinmux.o
                0x00003634                system_pinmux_group_set_output_strength
 .text._system_dummy_init
                0x0000367a        0x2 src/ASF/sam0/drivers/system/system.o
                0x0000367a                _system_events_init
                0x0000367a                _system_dummy_init
                0x0000367a                _system_divas_init
 .text.system_init
                0x0000367c       0x2c src/ASF/sam0/drivers/system/system.o
                0x0000367c                system_init
 .text.Dummy_Handler
                0x000036a8        0x2 src/ASF/sam0/utils/cmsis/samd10/source/gcc/startup_samd10.o
                0x000036a8                DMAC_Handler
                0x000036a8                HardFault_Handler
                0x000036a8                AC_Handler
                0x000036a8                SysTick_Handler
                0x000036a8                PendSV_Handler
                0x000036a8                NMI_Handler
                0x000036a8                RTC_Handler
                0x000036a8                WDT_Handler
                0x000036a8                Dummy_Handler
                0x000036a8                PM_Handler
                0x000036a8                SVC_Handler
                0x000036a8                EVSYS_Handler
                0x000036a8                NVMCTRL_Handler
                0x000036a8                DAC_Handler
                0x000036a8                PTC_Handler
                0x000036a8                SYSCTRL_Handler
 *fill*         0x000036aa        0x2 
 .text.Reset_Handler
                0x000036ac       0xd0 src/ASF/sam0/utils/cmsis/samd10/source/gcc/startup_samd10.o
                0x000036ac                Reset_Handler
 .text._sbrk    0x0000377c       0x24 src/ASF/sam0/utils/syscalls/gcc/syscalls.o
                0x0000377c                _sbrk
 .text.main     0x000037a0       0x64 src/main.o
                0x000037a0                main
 .text          0x00003804      0x114 c:/program files (x86)/atmel/studio/7.0/toolchain/arm/arm-gnu-toolchain/bin/../lib/gcc/arm-none-eabi/6.2.1/thumb/v6-m\libgcc.a(_udivsi3.o)
                0x00003804                __aeabi_uidiv
                0x00003804                __udivsi3
                0x00003910                __aeabi_uidivmod
 .text          0x00003918      0x1d4 c:/program files (x86)/atmel/studio/7.0/toolchain/arm/arm-gnu-toolchain/bin/../lib/gcc/arm-none-eabi/6.2.1/thumb/v6-m\libgcc.a(_divsi3.o)
                0x00003918                __divsi3
                0x00003918                __aeabi_idiv
                0x00003ae4                __aeabi_idivmod
 .text          0x00003aec        0x4 c:/program files (x86)/atmel/studio/7.0/toolchain/arm/arm-gnu-toolchain/bin/../lib/gcc/arm-none-eabi/6.2.1/thumb/v6-m\libgcc.a(_dvmd_tls.o)
                0x00003aec                __aeabi_idiv0
                0x00003aec                __aeabi_ldiv0
 .text          0x00003af0       0x54 c:/program files (x86)/atmel/studio/7.0/toolchain/arm/arm-gnu-toolchain/bin/../lib/gcc/arm-none-eabi/6.2.1/thumb/v6-m\libgcc.a(_muldi3.o)
                0x00003af0                __muldi3
                0x00003af0                __aeabi_lmul
 .text.__libc_init_array
                0x00003b44       0x48 c:/program files (x86)/atmel/studio/7.0/toolchain/arm/arm-gnu-toolchain/bin/../lib/gcc/arm-none-eabi/6.2.1/../../../../arm-none-eabi/lib/thumb/v6-m\libc_nano.a(lib_a-init.o)
                0x00003b44                __libc_init_array
 .text.malloc   0x00003b8c       0x14 c:/program files (x86)/atmel/studio/7.0/toolchain/arm/arm-gnu-toolchain/bin/../lib/gcc/arm-none-eabi/6.2.1/../../../../arm-none-eabi/lib/thumb/v6-m\libc_nano.a(lib_a-malloc.o)
                0x00003b8c                malloc
 .text.memcpy   0x00003ba0       0x12 c:/program files (x86)/atmel/studio/7.0/toolchain/arm/arm-gnu-toolchain/bin/../lib/gcc/arm-none-eabi/6.2.1/../../../../arm-none-eabi/lib/thumb/v6-m\libc_nano.a(lib_a-memcpy-stub.o)
                0x00003ba0                memcpy
 *fill*         0x00003bb2        0x2 
 .text._malloc_r
                0x00003bb4       0xbc c:/program files (x86)/atmel/studio/7.0/toolchain/arm/arm-gnu-toolchain/bin/../lib/gcc/arm-none-eabi/6.2.1/../../../../arm-none-eabi/lib/thumb/v6-m\libc_nano.a(lib_a-nano-mallocr.o)
                0x00003bb4                _malloc_r
 .text._sbrk_r  0x00003c70       0x24 c:/program files (x86)/atmel/studio/7.0/toolchain/arm/arm-gnu-toolchain/bin/../lib/gcc/arm-none-eabi/6.2.1/../../../../arm-none-eabi/lib/thumb/v6-m\libc_nano.a(lib_a-sbrkr.o)
                0x00003c70                _sbrk_r
 .text.__malloc_lock
                0x00003c94        0x2 c:/program files (x86)/atmel/studio/7.0/toolchain/arm/arm-gnu-toolchain/bin/../lib/gcc/arm-none-eabi/6.2.1/../../../../arm-none-eabi/lib/thumb/v6-m\libc_nano.a(lib_a-mlock.o)
                0x00003c94                __malloc_lock
 .text.__malloc_unlock
                0x00003c96        0x2 c:/program files (x86)/atmel/studio/7.0/toolchain/arm/arm-gnu-toolchain/bin/../lib/gcc/arm-none-eabi/6.2.1/../../../../arm-none-eabi/lib/thumb/v6-m\libc_nano.a(lib_a-mlock.o)
                0x00003c96                __malloc_unlock
 *(.glue_7t)
 .glue_7t       0x00003c98        0x0 linker stubs
 *(.glue_7)
 .glue_7        0x00003c98        0x0 linker stubs
 *(.rodata .rodata* .gnu.linkonce.r.*)
 .rodata.serial_main_loop_1
                0x00003c98       0xac src/UART_control.o
 .rodata.adc_init
                0x00003d44       0xd4 src/ASF/sam0/drivers/adc/adc_sam_d_r_h/adc.o
 .rodata        0x00003e18       0x50 src/ASF/sam0/drivers/adc/adc_sam_d_r_h/adc.o
 .rodata        0x00003e68        0xc src/ASF/sam0/drivers/sercom/sercom.o
 .rodata.sensor_analog_inputs
                0x00003e74        0x4 src/sensor_control.o
 .rodata._tcc_intflag
                0x00003e78       0x30 src/ASF/sam0/drivers/tcc/tcc_callback.o
                0x00003e78                _tcc_intflag
 .rodata.tc_interrupt_vectors.11931
                0x00003ea8        0x2 src/LED.o
 *fill*         0x00003eaa        0x2 
 .rodata.tc_interrupt_vectors.11931
                0x00003eac        0x2 src/ORB.o
 *fill*         0x00003eae        0x2 
 .rodata.system_clock_source_get_hz
                0x00003eb0       0x24 src/ASF/sam0/drivers/system/clock/clock_samd09_d10_d11/clock.o
 .rodata.system_clock_source_enable
                0x00003ed4       0x24 src/ASF/sam0/drivers/system/clock/clock_samd09_d10_d11/clock.o
 *(.ARM.extab* .gnu.linkonce.armextab.*)
                0x00003ef8                . = ALIGN (0x4)
 *(.init)
 .init          0x00003ef8        0x4 c:/program files (x86)/atmel/studio/7.0/toolchain/arm/arm-gnu-toolchain/bin/../lib/gcc/arm-none-eabi/6.2.1/thumb/v6-m/crti.o
                0x00003ef8                _init
 .init          0x00003efc        0x8 c:/program files (x86)/atmel/studio/7.0/toolchain/arm/arm-gnu-toolchain/bin/../lib/gcc/arm-none-eabi/6.2.1/thumb/v6-m/crtn.o
                0x00003f04                . = ALIGN (0x4)
                0x00003f04                __preinit_array_start = .
 *(.preinit_array)
                0x00003f04                __preinit_array_end = .
                0x00003f04                . = ALIGN (0x4)
                0x00003f04                __init_array_start = .
 *(SORT(.init_array.*))
 *(.init_array)
 .init_array    0x00003f04        0x4 c:/program files (x86)/atmel/studio/7.0/toolchain/arm/arm-gnu-toolchain/bin/../lib/gcc/arm-none-eabi/6.2.1/thumb/v6-m/crtbegin.o
                0x00003f08                __init_array_end = .
                0x00003f08                . = ALIGN (0x4)
 *crtbegin.o(.ctors)
 *(EXCLUDE_FILE(*crtend.o) .ctors)
 *(SORT(.ctors.*))
 *crtend.o(.ctors)
                0x00003f08                . = ALIGN (0x4)
 *(.fini)
 .fini          0x00003f08        0x4 c:/program files (x86)/atmel/studio/7.0/toolchain/arm/arm-gnu-toolchain/bin/../lib/gcc/arm-none-eabi/6.2.1/thumb/v6-m/crti.o
                0x00003f08                _fini
 .fini          0x00003f0c        0x8 c:/program files (x86)/atmel/studio/7.0/toolchain/arm/arm-gnu-toolchain/bin/../lib/gcc/arm-none-eabi/6.2.1/thumb/v6-m/crtn.o
                0x00003f14                . = ALIGN (0x4)
                0x00003f14                __fini_array_start = .
 *(.fini_array)
 .fini_array    0x00003f14        0x4 c:/program files (x86)/atmel/studio/7.0/toolchain/arm/arm-gnu-toolchain/bin/../lib/gcc/arm-none-eabi/6.2.1/thumb/v6-m/crtbegin.o
 *(SORT(.fini_array.*))
                0x00003f18                __fini_array_end = .
 *crtbegin.o(.dtors)
 *(EXCLUDE_FILE(*crtend.o) .dtors)
 *(SORT(.dtors.*))
 *crtend.o(.dtors)
                0x00003f18                . = ALIGN (0x4)
                0x00003f18                _efixed = .
                [!provide]                PROVIDE (__exidx_start, .)

.vfp11_veneer   0x00003f18        0x0
 .vfp11_veneer  0x00003f18        0x0 linker stubs

.v4_bx          0x00003f18        0x0
 .v4_bx         0x00003f18        0x0 linker stubs

.iplt           0x00003f18        0x0
 .iplt          0x00003f18        0x0 c:/program files (x86)/atmel/studio/7.0/toolchain/arm/arm-gnu-toolchain/bin/../lib/gcc/arm-none-eabi/6.2.1/thumb/v6-m/crtbegin.o

.eh_frame       0x00003f18        0x0
 .eh_frame      0x00003f18        0x0 c:/program files (x86)/atmel/studio/7.0/toolchain/arm/arm-gnu-toolchain/bin/../lib/gcc/arm-none-eabi/6.2.1/thumb/v6-m/crtbegin.o

.rel.dyn        0x00003f18        0x0
 .rel.iplt      0x00003f18        0x0 c:/program files (x86)/atmel/studio/7.0/toolchain/arm/arm-gnu-toolchain/bin/../lib/gcc/arm-none-eabi/6.2.1/thumb/v6-m/crtbegin.o

.jcr            0x00003f18        0x0
 .jcr           0x00003f18        0x0 c:/program files (x86)/atmel/studio/7.0/toolchain/arm/arm-gnu-toolchain/bin/../lib/gcc/arm-none-eabi/6.2.1/thumb/v6-m/crtbegin.o

.igot.plt       0x00003f18        0x0
 .igot.plt      0x00003f18        0x0 c:/program files (x86)/atmel/studio/7.0/toolchain/arm/arm-gnu-toolchain/bin/../lib/gcc/arm-none-eabi/6.2.1/thumb/v6-m/crtbegin.o

.ARM.exidx
 *(.ARM.exidx* .gnu.linkonce.armexidx.*)
                [!provide]                PROVIDE (__exidx_end, .)
                0x00003f18                . = ALIGN (0x4)
                0x00003f18                _etext = .

.relocate       0x20000000       0x74 load address 0x00003f18
                0x20000000                . = ALIGN (0x4)
                0x20000000                _srelocate = .
 *(.ramfunc .ramfunc.*)
 *(.data .data.*)
 .data.cycles_per_ms
                0x20000000        0x4 src/ASF/common2/services/delay/sam0/systick_counter.o
 .data.cycles_per_us
                0x20000004        0x4 src/ASF/common2/services/delay/sam0/systick_counter.o
 .data.N_valid_led_compares
                0x20000008        0x1 src/LED.o
 .data.first_time.12424
                0x20000009        0x1 src/LED.o
 .data.N_valid_compares
                0x2000000a        0x1 src/ORB.o
 .data.first_time.12411
                0x2000000b        0x1 src/ORB.o
 .data.g_interrupt_enabled
                0x2000000c        0x1 src/ASF/common/utils/interrupt/interrupt_sam_nvic.o
                0x2000000c                g_interrupt_enabled
 *fill*         0x2000000d        0x3 
 .data._impure_ptr
                0x20000010        0x4 c:/program files (x86)/atmel/studio/7.0/toolchain/arm/arm-gnu-toolchain/bin/../lib/gcc/arm-none-eabi/6.2.1/../../../../arm-none-eabi/lib/thumb/v6-m\libc_nano.a(lib_a-impure.o)
                0x20000010                _impure_ptr
 .data.impure_data
                0x20000014       0x60 c:/program files (x86)/atmel/studio/7.0/toolchain/arm/arm-gnu-toolchain/bin/../lib/gcc/arm-none-eabi/6.2.1/../../../../arm-none-eabi/lib/thumb/v6-m\libc_nano.a(lib_a-impure.o)
                0x20000074                . = ALIGN (0x4)
                0x20000074                _erelocate = .

.bss            0x20000074      0x300 load address 0x00003f8c
                0x20000074                . = ALIGN (0x4)
                0x20000074                _sbss = .
                0x20000074                _szero = .
 *(.bss .bss.*)
 .bss           0x20000074       0x1c c:/program files (x86)/atmel/studio/7.0/toolchain/arm/arm-gnu-toolchain/bin/../lib/gcc/arm-none-eabi/6.2.1/thumb/v6-m/crtbegin.o
 .bss.broadcast.12422
                0x20000090        0x1 src/UART_control.o
 .bss.job_done.12424
                0x20000091        0x1 src/UART_control.o
 .bss.notification.12423
                0x20000092        0x1 src/UART_control.o
 *fill*         0x20000093        0x1 
 .bss.prev_rec_value.12419
                0x20000094       0x14 src/UART_control.o
 .bss._sercom_config
                0x200000a8        0x2 src/ASF/sam0/drivers/sercom/sercom.o
 *fill*         0x200000aa        0x2 
 .bss.adc_result
                0x200000ac        0x4 src/sensor.o
                0x200000ac                adc_result
 .bss.prev_servo1.12366
                0x200000b0        0x1 src/super_servo_control.o
 .bss.prev_servo2.12367
                0x200000b1        0x1 src/super_servo_control.o
 .bss.prev_servo3.12368
                0x200000b2        0x1 src/super_servo_control.o
 .bss.prev_servo4.12369
                0x200000b3        0x1 src/super_servo_control.o
 .bss._handler_table_initialized
                0x200000b4        0x1 src/ASF/sam0/drivers/sercom/sercom_interrupt.o
 *fill*         0x200000b5        0x3 
 .bss._sercom_interrupt_handlers
                0x200000b8        0xc src/ASF/sam0/drivers/sercom/sercom_interrupt.o
 .bss.compare_value_current.12423
                0x200000c4        0x1 src/LED.o
 .bss.compare_value_last.12422
                0x200000c5        0x1 src/LED.o
 .bss.update_compare_led_array
                0x200000c6        0x1 src/LED.o
                0x200000c6                update_compare_led_array
 .bss.compare_value_current.12410
                0x200000c7        0x1 src/ORB.o
 .bss.compare_value_last.12409
                0x200000c8        0x1 src/ORB.o
 .bss.update_compare_array
                0x200000c9        0x1 src/ORB.o
                0x200000c9                update_compare_array
 *fill*         0x200000ca        0x2 
 .bss.cpu_irq_critical_section_counter
                0x200000cc        0x4 src/ASF/common/utils/interrupt/interrupt_sam_nvic.o
 .bss.cpu_irq_prev_interrupt_state
                0x200000d0        0x1 src/ASF/common/utils/interrupt/interrupt_sam_nvic.o
 *fill*         0x200000d1        0x3 
 .bss._system_clock_inst
                0x200000d4       0x18 src/ASF/sam0/drivers/system/clock/clock_samd09_d10_d11/clock.o
 .bss.heap.5276
                0x200000ec        0x4 src/ASF/sam0/utils/syscalls/gcc/syscalls.o
 .bss.count_broadcast
                0x200000f0        0x1 src/main.o
                0x200000f0                count_broadcast
 .bss.head_ring_buffer
                0x200000f1        0x1 src/main.o
                0x200000f1                head_ring_buffer
 .bss.received_data_updated
                0x200000f2        0x1 src/main.o
                0x200000f2                received_data_updated
 .bss.serial_timeout
                0x200000f3        0x1 src/main.o
                0x200000f3                serial_timeout
 .bss.serial_timeout_count
                0x200000f4        0x1 src/main.o
                0x200000f4                serial_timeout_count
 .bss.tail_ring_buffer
                0x200000f5        0x1 src/main.o
                0x200000f5                tail_ring_buffer
 *fill*         0x200000f6        0x2 
 .bss.__malloc_free_list
                0x200000f8        0x4 c:/program files (x86)/atmel/studio/7.0/toolchain/arm/arm-gnu-toolchain/bin/../lib/gcc/arm-none-eabi/6.2.1/../../../../arm-none-eabi/lib/thumb/v6-m\libc_nano.a(lib_a-nano-mallocr.o)
                0x200000f8                __malloc_free_list
 .bss.__malloc_sbrk_start
                0x200000fc        0x4 c:/program files (x86)/atmel/studio/7.0/toolchain/arm/arm-gnu-toolchain/bin/../lib/gcc/arm-none-eabi/6.2.1/../../../../arm-none-eabi/lib/thumb/v6-m\libc_nano.a(lib_a-nano-mallocr.o)
                0x200000fc                __malloc_sbrk_start
 *(COMMON)
 COMMON         0x20000100       0x35 src/UART.o
                0x20000100                usart_instance
                0x20000134                rx_buffer
 *fill*         0x20000135        0x3 
 COMMON         0x20000138        0x4 src/ASF/sam0/drivers/adc/adc_sam_d_r_h/adc_callback.o
                0x20000138                _adc_instances
 COMMON         0x2000013c       0x40 src/ASF/sam0/drivers/extint/extint_sam_d_r_h/extint.o
                0x2000013c                _extint_dev
 COMMON         0x2000017c       0x20 src/sensor.o
                0x2000017c                adc_instance
 COMMON         0x2000019c       0x40 src/super_servo.o
                0x2000019c                tcc_ss_instance0
 COMMON         0x200001dc        0x4 src/ASF/sam0/drivers/tcc/tcc_callback.o
                0x200001dc                _tcc_instances
 COMMON         0x200001e0        0x8 src/ASF/sam0/drivers/tc/tc_interrupt.o
                0x200001e0                _tc_instances
 COMMON         0x200001e8        0xc src/ASF/sam0/drivers/sercom/sercom_interrupt.o
                0x200001e8                _sercom_instances
 COMMON         0x200001f4        0x1 src/ASF/sam0/drivers/extint/extint_callback.o
                0x200001f4                _current_channel
 *fill*         0x200001f5        0x3 
 COMMON         0x200001f8       0x34 src/LED.o
                0x200001f8                led_tc_instance
                0x20000214                temp_compare_led_array_2
                0x20000218                temp_pin_led_array
                0x2000021c                compare_led_array
                0x20000220                compare_led_array_ID
                0x20000221                pin_led_array_ID
                0x20000224                pin_led_array
                0x20000228                temp_compare_led_array
 COMMON         0x2000022c       0x43 src/ORB.o
                0x2000022c                orb_tc_instance
                0x20000248                pin_array
                0x20000250                temp_compare_array
                0x20000258                compare_array
                0x2000025e                pin_array_ID
                0x20000260                temp_pin_array
                0x20000268                temp_compare_array_2
                0x2000026e                compare_array_ID
 *fill*         0x2000026f        0x1 
 COMMON         0x20000270       0xff src/main.o
                0x20000270                ring_buffer
 *fill*         0x2000036f        0x1 
 COMMON         0x20000370        0x4 c:/program files (x86)/atmel/studio/7.0/toolchain/arm/arm-gnu-toolchain/bin/../lib/gcc/arm-none-eabi/6.2.1/../../../../arm-none-eabi/lib/thumb/v6-m\libc_nano.a(lib_a-reent.o)
                0x20000370                errno
                0x20000374                . = ALIGN (0x4)
                0x20000374                _ebss = .
                0x20000374                _ezero = .

.stack          0x20000374      0x404 load address 0x0000428c
                0x20000378                . = ALIGN (0x8)
 *fill*         0x20000374        0x4 
                0x20000378                _sstack = .
                0x20000778                . = (. + STACK_SIZE)
 *fill*         0x20000378      0x400 
                0x20000778                . = ALIGN (0x8)
                0x20000778                _estack = .
                0x20000778                . = ALIGN (0x4)
                0x20000778                _end = .
OUTPUT(HummingBit.elf elf32-littlearm)

.ARM.attributes
                0x00000000       0x28
 .ARM.attributes
                0x00000000       0x1e c:/program files (x86)/atmel/studio/7.0/toolchain/arm/arm-gnu-toolchain/bin/../lib/gcc/arm-none-eabi/6.2.1/thumb/v6-m/crti.o
 .ARM.attributes
                0x0000001e       0x2c c:/program files (x86)/atmel/studio/7.0/toolchain/arm/arm-gnu-toolchain/bin/../lib/gcc/arm-none-eabi/6.2.1/thumb/v6-m/crtbegin.o
 .ARM.attributes
                0x0000004a       0x32 src/UART.o
 .ARM.attributes
                0x0000007c       0x32 src/UART_control.o
 .ARM.attributes
                0x000000ae       0x32 src/ASF/common2/services/delay/sam0/systick_counter.o
 .ARM.attributes
                0x000000e0       0x32 src/ASF/sam0/drivers/adc/adc_sam_d_r_h/adc.o
 .ARM.attributes
                0x00000112       0x32 src/ASF/sam0/drivers/adc/adc_sam_d_r_h/adc_callback.o
 .ARM.attributes
                0x00000144       0x32 src/ASF/sam0/drivers/extint/extint_sam_d_r_h/extint.o
 .ARM.attributes
                0x00000176       0x32 src/ASF/sam0/drivers/sercom/sercom.o
 .ARM.attributes
                0x000001a8       0x32 src/LED_control.o
 .ARM.attributes
                0x000001da       0x32 src/ORB_control.o
 .ARM.attributes
                0x0000020c       0x32 src/sensor_control.o
 .ARM.attributes
                0x0000023e       0x32 src/sensor.o
 .ARM.attributes
                0x00000270       0x32 src/super_servo.o
 .ARM.attributes
                0x000002a2       0x32 src/super_servo_control.o
 .ARM.attributes
                0x000002d4       0x32 src/ASF/sam0/drivers/tcc/tcc.o
 .ARM.attributes
                0x00000306       0x32 src/ASF/sam0/drivers/tcc/tcc_callback.o
 .ARM.attributes
                0x00000338       0x32 src/ASF/sam0/drivers/tc/tc_sam_d_r_h/tc.o
 .ARM.attributes
                0x0000036a       0x32 src/ASF/sam0/drivers/tc/tc_interrupt.o
 .ARM.attributes
                0x0000039c       0x32 src/ASF/sam0/drivers/sercom/usart/usart.o
 .ARM.attributes
                0x000003ce       0x32 src/ASF/sam0/drivers/sercom/usart/usart_interrupt.o
 .ARM.attributes
                0x00000400       0x32 src/ASF/sam0/drivers/sercom/sercom_interrupt.o
 .ARM.attributes
                0x00000432       0x32 src/ASF/sam0/drivers/extint/extint_callback.o
 .ARM.attributes
                0x00000464       0x32 src/ASF/sam0/drivers/port/port.o
 .ARM.attributes
                0x00000496       0x32 src/LED.o
 .ARM.attributes
                0x000004c8       0x32 src/ORB.o
 .ARM.attributes
                0x000004fa       0x32 src/ASF/common2/boards/user_board/init.o
 .ARM.attributes
                0x0000052c       0x32 src/ASF/common/utils/interrupt/interrupt_sam_nvic.o
 .ARM.attributes
                0x0000055e       0x32 src/ASF/sam0/drivers/system/clock/clock_samd09_d10_d11/clock.o
 .ARM.attributes
                0x00000590       0x32 src/ASF/sam0/drivers/system/clock/clock_samd09_d10_d11/gclk.o
 .ARM.attributes
                0x000005c2       0x32 src/ASF/sam0/drivers/system/pinmux/pinmux.o
 .ARM.attributes
                0x000005f4       0x32 src/ASF/sam0/drivers/system/system.o
 .ARM.attributes
                0x00000626       0x32 src/ASF/sam0/utils/cmsis/samd10/source/gcc/startup_samd10.o
 .ARM.attributes
                0x00000658       0x32 src/ASF/sam0/utils/syscalls/gcc/syscalls.o
 .ARM.attributes
                0x0000068a       0x32 src/main.o
 .ARM.attributes
                0x000006bc       0x1e c:/program files (x86)/atmel/studio/7.0/toolchain/arm/arm-gnu-toolchain/bin/../lib/gcc/arm-none-eabi/6.2.1/thumb/v6-m\libgcc.a(_udivsi3.o)
 .ARM.attributes
                0x000006da       0x1e c:/program files (x86)/atmel/studio/7.0/toolchain/arm/arm-gnu-toolchain/bin/../lib/gcc/arm-none-eabi/6.2.1/thumb/v6-m\libgcc.a(_divsi3.o)
 .ARM.attributes
                0x000006f8       0x1e c:/program files (x86)/atmel/studio/7.0/toolchain/arm/arm-gnu-toolchain/bin/../lib/gcc/arm-none-eabi/6.2.1/thumb/v6-m\libgcc.a(_dvmd_tls.o)
 .ARM.attributes
                0x00000716       0x2c c:/program files (x86)/atmel/studio/7.0/toolchain/arm/arm-gnu-toolchain/bin/../lib/gcc/arm-none-eabi/6.2.1/thumb/v6-m\libgcc.a(_muldi3.o)
 .ARM.attributes
                0x00000742       0x2c c:/program files (x86)/atmel/studio/7.0/toolchain/arm/arm-gnu-toolchain/bin/../lib/gcc/arm-none-eabi/6.2.1/../../../../arm-none-eabi/lib/thumb/v6-m\libc_nano.a(lib_a-impure.o)
 .ARM.attributes
                0x0000076e       0x2c c:/program files (x86)/atmel/studio/7.0/toolchain/arm/arm-gnu-toolchain/bin/../lib/gcc/arm-none-eabi/6.2.1/../../../../arm-none-eabi/lib/thumb/v6-m\libc_nano.a(lib_a-init.o)
 .ARM.attributes
                0x0000079a       0x2c c:/program files (x86)/atmel/studio/7.0/toolchain/arm/arm-gnu-toolchain/bin/../lib/gcc/arm-none-eabi/6.2.1/../../../../arm-none-eabi/lib/thumb/v6-m\libc_nano.a(lib_a-malloc.o)
 .ARM.attributes
                0x000007c6       0x2c c:/program files (x86)/atmel/studio/7.0/toolchain/arm/arm-gnu-toolchain/bin/../lib/gcc/arm-none-eabi/6.2.1/../../../../arm-none-eabi/lib/thumb/v6-m\libc_nano.a(lib_a-memcpy-stub.o)
 .ARM.attributes
                0x000007f2       0x2c c:/program files (x86)/atmel/studio/7.0/toolchain/arm/arm-gnu-toolchain/bin/../lib/gcc/arm-none-eabi/6.2.1/../../../../arm-none-eabi/lib/thumb/v6-m\libc_nano.a(lib_a-nano-mallocr.o)
 .ARM.attributes
                0x0000081e       0x2c c:/program files (x86)/atmel/studio/7.0/toolchain/arm/arm-gnu-toolchain/bin/../lib/gcc/arm-none-eabi/6.2.1/../../../../arm-none-eabi/lib/thumb/v6-m\libc_nano.a(lib_a-sbrkr.o)
 .ARM.attributes
                0x0000084a       0x2c c:/program files (x86)/atmel/studio/7.0/toolchain/arm/arm-gnu-toolchain/bin/../lib/gcc/arm-none-eabi/6.2.1/../../../../arm-none-eabi/lib/thumb/v6-m\libc_nano.a(lib_a-mlock.o)
 .ARM.attributes
                0x00000876       0x2c c:/program files (x86)/atmel/studio/7.0/toolchain/arm/arm-gnu-toolchain/bin/../lib/gcc/arm-none-eabi/6.2.1/../../../../arm-none-eabi/lib/thumb/v6-m\libc_nano.a(lib_a-reent.o)
 .ARM.attributes
                0x000008a2       0x1e c:/program files (x86)/atmel/studio/7.0/toolchain/arm/arm-gnu-toolchain/bin/../lib/gcc/arm-none-eabi/6.2.1/thumb/v6-m/crtn.o

.comment        0x00000000       0x59
 .comment       0x00000000       0x59 src/UART.o
                                 0x5a (size before relaxing)
 .comment       0x00000059       0x5a src/UART_control.o
 .comment       0x00000059       0x5a src/ASF/common2/services/delay/sam0/systick_counter.o
 .comment       0x00000059       0x5a src/ASF/sam0/drivers/adc/adc_sam_d_r_h/adc.o
 .comment       0x00000059       0x5a src/ASF/sam0/drivers/adc/adc_sam_d_r_h/adc_callback.o
 .comment       0x00000059       0x5a src/ASF/sam0/drivers/extint/extint_sam_d_r_h/extint.o
 .comment       0x00000059       0x5a src/ASF/sam0/drivers/sercom/sercom.o
 .comment       0x00000059       0x5a src/LED_control.o
 .comment       0x00000059       0x5a src/ORB_control.o
 .comment       0x00000059       0x5a src/sensor_control.o
 .comment       0x00000059       0x5a src/sensor.o
 .comment       0x00000059       0x5a src/super_servo.o
 .comment       0x00000059       0x5a src/super_servo_control.o
 .comment       0x00000059       0x5a src/ASF/sam0/drivers/tcc/tcc.o
 .comment       0x00000059       0x5a src/ASF/sam0/drivers/tcc/tcc_callback.o
 .comment       0x00000059       0x5a src/ASF/sam0/drivers/tc/tc_sam_d_r_h/tc.o
 .comment       0x00000059       0x5a src/ASF/sam0/drivers/tc/tc_interrupt.o
 .comment       0x00000059       0x5a src/ASF/sam0/drivers/sercom/usart/usart.o
 .comment       0x00000059       0x5a src/ASF/sam0/drivers/sercom/usart/usart_interrupt.o
 .comment       0x00000059       0x5a src/ASF/sam0/drivers/sercom/sercom_interrupt.o
 .comment       0x00000059       0x5a src/ASF/sam0/drivers/extint/extint_callback.o
 .comment       0x00000059       0x5a src/ASF/sam0/drivers/port/port.o
 .comment       0x00000059       0x5a src/LED.o
 .comment       0x00000059       0x5a src/ORB.o
 .comment       0x00000059       0x5a src/ASF/common2/boards/user_board/init.o
 .comment       0x00000059       0x5a src/ASF/common/utils/interrupt/interrupt_sam_nvic.o
 .comment       0x00000059       0x5a src/ASF/sam0/drivers/system/clock/clock_samd09_d10_d11/clock.o
 .comment       0x00000059       0x5a src/ASF/sam0/drivers/system/clock/clock_samd09_d10_d11/gclk.o
 .comment       0x00000059       0x5a src/ASF/sam0/drivers/system/pinmux/pinmux.o
 .comment       0x00000059       0x5a src/ASF/sam0/drivers/system/system.o
 .comment       0x00000059       0x5a src/ASF/sam0/utils/cmsis/samd10/source/gcc/startup_samd10.o
 .comment       0x00000059       0x5a src/ASF/sam0/utils/syscalls/gcc/syscalls.o
 .comment       0x00000059       0x5a src/main.o

.debug_info     0x00000000    0x5481c
 .debug_info    0x00000000     0x4036 src/UART.o
 .debug_info    0x00004036     0x3de0 src/UART_control.o
 .debug_info    0x00007e16      0xb81 src/ASF/common2/services/delay/sam0/systick_counter.o
 .debug_info    0x00008997     0x3d39 src/ASF/sam0/drivers/adc/adc_sam_d_r_h/adc.o
 .debug_info    0x0000c6d0     0x1bbe src/ASF/sam0/drivers/adc/adc_sam_d_r_h/adc_callback.o
 .debug_info    0x0000e28e     0x275c src/ASF/sam0/drivers/extint/extint_sam_d_r_h/extint.o
 .debug_info    0x000109ea     0x2d8a src/ASF/sam0/drivers/sercom/sercom.o
 .debug_info    0x00013774     0x1804 src/LED_control.o
 .debug_info    0x00014f78     0x1808 src/ORB_control.o
 .debug_info    0x00016780     0x19ba src/sensor_control.o
 .debug_info    0x0001813a     0x26a0 src/sensor.o
 .debug_info    0x0001a7da     0x3f42 src/super_servo.o
 .debug_info    0x0001e71c     0x3b0d src/super_servo_control.o
 .debug_info    0x00022229     0x4b74 src/ASF/sam0/drivers/tcc/tcc.o
 .debug_info    0x00026d9d     0x302b src/ASF/sam0/drivers/tcc/tcc_callback.o
 .debug_info    0x00029dc8     0x2eb9 src/ASF/sam0/drivers/tc/tc_sam_d_r_h/tc.o
 .debug_info    0x0002cc81     0x1ae9 src/ASF/sam0/drivers/tc/tc_interrupt.o
 .debug_info    0x0002e76a     0x4ba9 src/ASF/sam0/drivers/sercom/usart/usart.o
 .debug_info    0x00033313     0x3025 src/ASF/sam0/drivers/sercom/usart/usart_interrupt.o
 .debug_info    0x00036338     0x2af8 src/ASF/sam0/drivers/sercom/sercom_interrupt.o
 .debug_info    0x00038e30     0x16d0 src/ASF/sam0/drivers/extint/extint_callback.o
 .debug_info    0x0003a500     0x12ac src/ASF/sam0/drivers/port/port.o
 .debug_info    0x0003b7ac     0x3d2a src/LED.o
 .debug_info    0x0003f4d6     0x3d37 src/ORB.o
 .debug_info    0x0004320d     0x1694 src/ASF/common2/boards/user_board/init.o
 .debug_info    0x000448a1      0xafb src/ASF/common/utils/interrupt/interrupt_sam_nvic.o
 .debug_info    0x0004539c     0x3654 src/ASF/sam0/drivers/system/clock/clock_samd09_d10_d11/clock.o
 .debug_info    0x000489f0     0x1e47 src/ASF/sam0/drivers/system/clock/clock_samd09_d10_d11/gclk.o
 .debug_info    0x0004a837     0x13ea src/ASF/sam0/drivers/system/pinmux/pinmux.o
 .debug_info    0x0004bc21      0xa67 src/ASF/sam0/drivers/system/system.o
 .debug_info    0x0004c688     0x1ab0 src/ASF/sam0/utils/cmsis/samd10/source/gcc/startup_samd10.o
 .debug_info    0x0004e138      0xd8c src/ASF/sam0/utils/syscalls/gcc/syscalls.o
 .debug_info    0x0004eec4     0x5958 src/main.o

.debug_abbrev   0x00000000     0x6d9c
 .debug_abbrev  0x00000000      0x39b src/UART.o
 .debug_abbrev  0x0000039b      0x301 src/UART_control.o
 .debug_abbrev  0x0000069c      0x24b src/ASF/common2/services/delay/sam0/systick_counter.o
 .debug_abbrev  0x000008e7      0x45c src/ASF/sam0/drivers/adc/adc_sam_d_r_h/adc.o
 .debug_abbrev  0x00000d43      0x3b8 src/ASF/sam0/drivers/adc/adc_sam_d_r_h/adc_callback.o
 .debug_abbrev  0x000010fb      0x4a7 src/ASF/sam0/drivers/extint/extint_sam_d_r_h/extint.o
 .debug_abbrev  0x000015a2      0x378 src/ASF/sam0/drivers/sercom/sercom.o
 .debug_abbrev  0x0000191a      0x273 src/LED_control.o
 .debug_abbrev  0x00001b8d      0x273 src/ORB_control.o
 .debug_abbrev  0x00001e00      0x2e4 src/sensor_control.o
 .debug_abbrev  0x000020e4      0x3c0 src/sensor.o
 .debug_abbrev  0x000024a4      0x32a src/super_servo.o
 .debug_abbrev  0x000027ce      0x2c3 src/super_servo_control.o
 .debug_abbrev  0x00002a91      0x49b src/ASF/sam0/drivers/tcc/tcc.o
 .debug_abbrev  0x00002f2c      0x389 src/ASF/sam0/drivers/tcc/tcc_callback.o
 .debug_abbrev  0x000032b5      0x44f src/ASF/sam0/drivers/tc/tc_sam_d_r_h/tc.o
 .debug_abbrev  0x00003704      0x2ff src/ASF/sam0/drivers/tc/tc_interrupt.o
 .debug_abbrev  0x00003a03      0x477 src/ASF/sam0/drivers/sercom/usart/usart.o
 .debug_abbrev  0x00003e7a      0x416 src/ASF/sam0/drivers/sercom/usart/usart_interrupt.o
 .debug_abbrev  0x00004290      0x2da src/ASF/sam0/drivers/sercom/sercom_interrupt.o
 .debug_abbrev  0x0000456a      0x333 src/ASF/sam0/drivers/extint/extint_callback.o
 .debug_abbrev  0x0000489d      0x298 src/ASF/sam0/drivers/port/port.o
 .debug_abbrev  0x00004b35      0x4b7 src/LED.o
 .debug_abbrev  0x00004fec      0x49f src/ORB.o
 .debug_abbrev  0x0000548b      0x21e src/ASF/common2/boards/user_board/init.o
 .debug_abbrev  0x000056a9      0x22c src/ASF/common/utils/interrupt/interrupt_sam_nvic.o
 .debug_abbrev  0x000058d5      0x465 src/ASF/sam0/drivers/system/clock/clock_samd09_d10_d11/clock.o
 .debug_abbrev  0x00005d3a      0x3f1 src/ASF/sam0/drivers/system/clock/clock_samd09_d10_d11/gclk.o
 .debug_abbrev  0x0000612b      0x36e src/ASF/sam0/drivers/system/pinmux/pinmux.o
 .debug_abbrev  0x00006499      0x1e1 src/ASF/sam0/drivers/system/system.o
 .debug_abbrev  0x0000667a      0x200 src/ASF/sam0/utils/cmsis/samd10/source/gcc/startup_samd10.o
 .debug_abbrev  0x0000687a      0x257 src/ASF/sam0/utils/syscalls/gcc/syscalls.o
 .debug_abbrev  0x00006ad1      0x2cb src/main.o

.debug_loc      0x00000000     0x8ced
 .debug_loc     0x00000000      0x186 src/UART.o
 .debug_loc     0x00000186      0x157 src/UART_control.o
 .debug_loc     0x000002dd       0xe4 src/ASF/common2/services/delay/sam0/systick_counter.o
 .debug_loc     0x000003c1      0x891 src/ASF/sam0/drivers/adc/adc_sam_d_r_h/adc.o
 .debug_loc     0x00000c52      0x34a src/ASF/sam0/drivers/adc/adc_sam_d_r_h/adc_callback.o
 .debug_loc     0x00000f9c      0x43d src/ASF/sam0/drivers/extint/extint_sam_d_r_h/extint.o
 .debug_loc     0x000013d9      0x893 src/ASF/sam0/drivers/sercom/sercom.o
 .debug_loc     0x00001c6c      0x1e2 src/LED_control.o
 .debug_loc     0x00001e4e      0x294 src/ORB_control.o
 .debug_loc     0x000020e2       0xac src/sensor_control.o
 .debug_loc     0x0000218e      0x4ca src/sensor.o
 .debug_loc     0x00002658       0xa3 src/super_servo.o
 .debug_loc     0x000026fb      0x2af src/super_servo_control.o
 .debug_loc     0x000029aa     0x12f8 src/ASF/sam0/drivers/tcc/tcc.o
 .debug_loc     0x00003ca2      0x205 src/ASF/sam0/drivers/tcc/tcc_callback.o
 .debug_loc     0x00003ea7      0xdb9 src/ASF/sam0/drivers/tc/tc_sam_d_r_h/tc.o
 .debug_loc     0x00004c60      0x168 src/ASF/sam0/drivers/tc/tc_interrupt.o
 .debug_loc     0x00004dc8      0xe2f src/ASF/sam0/drivers/sercom/usart/usart.o
 .debug_loc     0x00005bf7      0x6f3 src/ASF/sam0/drivers/sercom/usart/usart_interrupt.o
 .debug_loc     0x000062ea      0x139 src/ASF/sam0/drivers/sercom/sercom_interrupt.o
 .debug_loc     0x00006423      0x2ac src/ASF/sam0/drivers/extint/extint_callback.o
 .debug_loc     0x000066cf      0x13d src/ASF/sam0/drivers/port/port.o
 .debug_loc     0x0000680c      0x5f2 src/LED.o
 .debug_loc     0x00006dfe      0x5da src/ORB.o
 .debug_loc     0x000073d8      0xef5 src/ASF/sam0/drivers/system/clock/clock_samd09_d10_d11/clock.o
 .debug_loc     0x000082cd      0x504 src/ASF/sam0/drivers/system/clock/clock_samd09_d10_d11/gclk.o
 .debug_loc     0x000087d1      0x36d src/ASF/sam0/drivers/system/pinmux/pinmux.o
 .debug_loc     0x00008b3e       0x20 src/ASF/sam0/drivers/system/system.o
 .debug_loc     0x00008b5e       0x40 src/ASF/sam0/utils/cmsis/samd10/source/gcc/startup_samd10.o
 .debug_loc     0x00008b9e       0xef src/ASF/sam0/utils/syscalls/gcc/syscalls.o
 .debug_loc     0x00008c8d       0x60 src/main.o

.debug_aranges  0x00000000      0x958
 .debug_aranges
                0x00000000       0x40 src/UART.o
 .debug_aranges
                0x00000040       0x28 src/UART_control.o
 .debug_aranges
                0x00000068       0x30 src/ASF/common2/services/delay/sam0/systick_counter.o
 .debug_aranges
                0x00000098       0x38 src/ASF/sam0/drivers/adc/adc_sam_d_r_h/adc.o
 .debug_aranges
                0x000000d0       0x48 src/ASF/sam0/drivers/adc/adc_sam_d_r_h/adc_callback.o
 .debug_aranges
                0x00000118       0x50 src/ASF/sam0/drivers/extint/extint_sam_d_r_h/extint.o
 .debug_aranges
                0x00000168       0x48 src/ASF/sam0/drivers/sercom/sercom.o
 .debug_aranges
                0x000001b0       0x30 src/LED_control.o
 .debug_aranges
                0x000001e0       0x30 src/ORB_control.o
 .debug_aranges
                0x00000210       0x28 src/sensor_control.o
 .debug_aranges
                0x00000238       0x38 src/sensor.o
 .debug_aranges
                0x00000270       0x38 src/super_servo.o
 .debug_aranges
                0x000002a8       0x28 src/super_servo_control.o
 .debug_aranges
                0x000002d0       0xb0 src/ASF/sam0/drivers/tcc/tcc.o
 .debug_aranges
                0x00000380       0x48 src/ASF/sam0/drivers/tcc/tcc_callback.o
 .debug_aranges
                0x000003c8       0x58 src/ASF/sam0/drivers/tc/tc_sam_d_r_h/tc.o
 .debug_aranges
                0x00000420       0x40 src/ASF/sam0/drivers/tc/tc_interrupt.o
 .debug_aranges
                0x00000460       0x40 src/ASF/sam0/drivers/sercom/usart/usart.o
 .debug_aranges
                0x000004a0       0x70 src/ASF/sam0/drivers/sercom/usart/usart_interrupt.o
 .debug_aranges
                0x00000510       0x48 src/ASF/sam0/drivers/sercom/sercom_interrupt.o
 .debug_aranges
                0x00000558       0x48 src/ASF/sam0/drivers/extint/extint_callback.o
 .debug_aranges
                0x000005a0       0x28 src/ASF/sam0/drivers/port/port.o
 .debug_aranges
                0x000005c8       0x98 src/LED.o
 .debug_aranges
                0x00000660       0x98 src/ORB.o
 .debug_aranges
                0x000006f8       0x20 src/ASF/common2/boards/user_board/init.o
 .debug_aranges
                0x00000718       0x28 src/ASF/common/utils/interrupt/interrupt_sam_nvic.o
 .debug_aranges
                0x00000740       0x78 src/ASF/sam0/drivers/system/clock/clock_samd09_d10_d11/clock.o
 .debug_aranges
                0x000007b8       0x80 src/ASF/sam0/drivers/system/clock/clock_samd09_d10_d11/gclk.o
 .debug_aranges
                0x00000838       0x40 src/ASF/sam0/drivers/system/pinmux/pinmux.o
 .debug_aranges
                0x00000878       0x28 src/ASF/sam0/drivers/system/system.o
 .debug_aranges
                0x000008a0       0x28 src/ASF/sam0/utils/cmsis/samd10/source/gcc/startup_samd10.o
 .debug_aranges
                0x000008c8       0x60 src/ASF/sam0/utils/syscalls/gcc/syscalls.o
 .debug_aranges
                0x00000928       0x30 src/main.o

.debug_ranges   0x00000000      0xb08
 .debug_ranges  0x00000000       0x30 src/UART.o
 .debug_ranges  0x00000030       0x38 src/UART_control.o
 .debug_ranges  0x00000068       0x50 src/ASF/common2/services/delay/sam0/systick_counter.o
 .debug_ranges  0x000000b8       0xa0 src/ASF/sam0/drivers/adc/adc_sam_d_r_h/adc.o
 .debug_ranges  0x00000158       0x50 src/ASF/sam0/drivers/adc/adc_sam_d_r_h/adc_callback.o
 .debug_ranges  0x000001a8       0x40 src/ASF/sam0/drivers/extint/extint_sam_d_r_h/extint.o
 .debug_ranges  0x000001e8       0x58 src/ASF/sam0/drivers/sercom/sercom.o
 .debug_ranges  0x00000240       0x20 src/LED_control.o
 .debug_ranges  0x00000260       0x20 src/ORB_control.o
 .debug_ranges  0x00000280       0x18 src/sensor_control.o
 .debug_ranges  0x00000298       0x60 src/sensor.o
 .debug_ranges  0x000002f8       0x28 src/super_servo.o
 .debug_ranges  0x00000320       0x18 src/super_servo_control.o
 .debug_ranges  0x00000338      0x118 src/ASF/sam0/drivers/tcc/tcc.o
 .debug_ranges  0x00000450       0x38 src/ASF/sam0/drivers/tcc/tcc_callback.o
 .debug_ranges  0x00000488       0x98 src/ASF/sam0/drivers/tc/tc_sam_d_r_h/tc.o
 .debug_ranges  0x00000520       0x30 src/ASF/sam0/drivers/tc/tc_interrupt.o
 .debug_ranges  0x00000550      0x140 src/ASF/sam0/drivers/sercom/usart/usart.o
 .debug_ranges  0x00000690       0x60 src/ASF/sam0/drivers/sercom/usart/usart_interrupt.o
 .debug_ranges  0x000006f0       0x38 src/ASF/sam0/drivers/sercom/sercom_interrupt.o
 .debug_ranges  0x00000728       0x90 src/ASF/sam0/drivers/extint/extint_callback.o
 .debug_ranges  0x000007b8       0x18 src/ASF/sam0/drivers/port/port.o
 .debug_ranges  0x000007d0       0xa8 src/LED.o
 .debug_ranges  0x00000878       0xa8 src/ORB.o
 .debug_ranges  0x00000920       0x10 src/ASF/common2/boards/user_board/init.o
 .debug_ranges  0x00000930       0x18 src/ASF/common/utils/interrupt/interrupt_sam_nvic.o
 .debug_ranges  0x00000948       0x68 src/ASF/sam0/drivers/system/clock/clock_samd09_d10_d11/clock.o
 .debug_ranges  0x000009b0       0x88 src/ASF/sam0/drivers/system/clock/clock_samd09_d10_d11/gclk.o
 .debug_ranges  0x00000a38       0x30 src/ASF/sam0/drivers/system/pinmux/pinmux.o
 .debug_ranges  0x00000a68       0x18 src/ASF/sam0/drivers/system/system.o
 .debug_ranges  0x00000a80       0x18 src/ASF/sam0/utils/cmsis/samd10/source/gcc/startup_samd10.o
 .debug_ranges  0x00000a98       0x50 src/ASF/sam0/utils/syscalls/gcc/syscalls.o
 .debug_ranges  0x00000ae8       0x20 src/main.o

.debug_macro    0x00000000    0x1b690
 .debug_macro   0x00000000      0x619 src/UART.o
 .debug_macro   0x00000619      0x8c8 src/UART.o
 .debug_macro   0x00000ee1      0x16d src/UART.o
 .debug_macro   0x0000104e      0x64b src/UART.o
 .debug_macro   0x00001699       0x22 src/UART.o
 .debug_macro   0x000016bb       0x87 src/UART.o
 .debug_macro   0x00001742       0x51 src/UART.o
 .debug_macro   0x00001793       0xef src/UART.o
 .debug_macro   0x00001882       0x6a src/UART.o
 .debug_macro   0x000018ec      0x1df src/UART.o
 .debug_macro   0x00001acb       0x10 src/UART.o
 .debug_macro   0x00001adb       0x76 src/UART.o
 .debug_macro   0x00001b51       0x16 src/UART.o
 .debug_macro   0x00001b67      0x6e5 src/UART.o
 .debug_macro   0x0000224c      0xde2 src/UART.o
 .debug_macro   0x0000302e       0x22 src/UART.o
 .debug_macro   0x00003050       0x40 src/UART.o
 .debug_macro   0x00003090       0x3a src/UART.o
 .debug_macro   0x000030ca       0x1f src/UART.o
 .debug_macro   0x000030e9      0x250 src/UART.o
 .debug_macro   0x00003339      0x682 src/UART.o
 .debug_macro   0x000039bb      0x8c1 src/UART.o
 .debug_macro   0x0000427c      0x235 src/UART.o
 .debug_macro   0x000044b1      0xbde src/UART.o
 .debug_macro   0x0000508f      0x5b8 src/UART.o
 .debug_macro   0x00005647      0x7cb src/UART.o
 .debug_macro   0x00005e12      0x4e6 src/UART.o
 .debug_macro   0x000062f8      0x3ac src/UART.o
 .debug_macro   0x000066a4      0x19a src/UART.o
 .debug_macro   0x0000683e      0x226 src/UART.o
 .debug_macro   0x00006a64      0x745 src/UART.o
 .debug_macro   0x000071a9       0x5e src/UART.o
 .debug_macro   0x00007207      0x610 src/UART.o
 .debug_macro   0x00007817      0x3b8 src/UART.o
 .debug_macro   0x00007bcf      0xc55 src/UART.o
 .debug_macro   0x00008824     0x1093 src/UART.o
 .debug_macro   0x000098b7      0xc19 src/UART.o
 .debug_macro   0x0000a4d0      0x6c2 src/UART.o
 .debug_macro   0x0000ab92     0x1b94 src/UART.o
 .debug_macro   0x0000c726      0x351 src/UART.o
 .debug_macro   0x0000ca77       0x7c src/UART.o
 .debug_macro   0x0000caf3       0xa0 src/UART.o
 .debug_macro   0x0000cb93       0x4c src/UART.o
 .debug_macro   0x0000cbdf       0xca src/UART.o
 .debug_macro   0x0000cca9       0xbe src/UART.o
 .debug_macro   0x0000cd67       0x58 src/UART.o
 .debug_macro   0x0000cdbf      0x225 src/UART.o
 .debug_macro   0x0000cfe4       0x82 src/UART.o
 .debug_macro   0x0000d066      0x19a src/UART.o
 .debug_macro   0x0000d200       0xa0 src/UART.o
 .debug_macro   0x0000d2a0       0xc4 src/UART.o
 .debug_macro   0x0000d364       0x1c src/UART.o
 .debug_macro   0x0000d380       0x1c src/UART.o
 .debug_macro   0x0000d39c       0x1c src/UART.o
 .debug_macro   0x0000d3b8       0x82 src/UART.o
 .debug_macro   0x0000d43a      0x112 src/UART.o
 .debug_macro   0x0000d54c       0xdc src/UART.o
 .debug_macro   0x0000d628      0x132 src/UART.o
 .debug_macro   0x0000d75a      0x132 src/UART.o
 .debug_macro   0x0000d88c      0x132 src/UART.o
 .debug_macro   0x0000d9be      0x11e src/UART.o
 .debug_macro   0x0000dadc       0xe2 src/UART.o
 .debug_macro   0x0000dbbe       0xe2 src/UART.o
 .debug_macro   0x0000dca0      0x12f src/UART.o
 .debug_macro   0x0000ddcf       0x40 src/UART.o
 .debug_macro   0x0000de0f      0x2d5 src/UART.o
 .debug_macro   0x0000e0e4      0xf2a src/UART.o
 .debug_macro   0x0000f00e       0x5f src/UART.o
 .debug_macro   0x0000f06d       0x52 src/UART.o
 .debug_macro   0x0000f0bf       0x35 src/UART.o
 .debug_macro   0x0000f0f4       0x9c src/UART.o
 .debug_macro   0x0000f190       0x16 src/UART.o
 .debug_macro   0x0000f1a6       0x35 src/UART.o
 .debug_macro   0x0000f1db      0x330 src/UART.o
 .debug_macro   0x0000f50b       0x10 src/UART.o
 .debug_macro   0x0000f51b       0x52 src/UART.o
 .debug_macro   0x0000f56d       0x1f src/UART.o
 .debug_macro   0x0000f58c       0x43 src/UART.o
 .debug_macro   0x0000f5cf       0x20 src/UART.o
 .debug_macro   0x0000f5ef      0x187 src/UART.o
 .debug_macro   0x0000f776       0x10 src/UART.o
 .debug_macro   0x0000f786       0x1c src/UART.o
 .debug_macro   0x0000f7a2       0x52 src/UART.o
 .debug_macro   0x0000f7f4       0x40 src/UART.o
 .debug_macro   0x0000f834       0x10 src/UART.o
 .debug_macro   0x0000f844       0x40 src/UART.o
 .debug_macro   0x0000f884       0xd7 src/UART.o
 .debug_macro   0x0000f95b       0x16 src/UART.o
 .debug_macro   0x0000f971      0x18b src/UART.o
 .debug_macro   0x0000fafc       0x16 src/UART.o
 .debug_macro   0x0000fb12       0x16 src/UART.o
 .debug_macro   0x0000fb28       0x29 src/UART.o
 .debug_macro   0x0000fb51       0x51 src/UART.o
 .debug_macro   0x0000fba2       0x3f src/UART.o
 .debug_macro   0x0000fbe1      0x3df src/UART.o
 .debug_macro   0x0000ffc0       0x11 src/UART.o
 .debug_macro   0x0000ffd1       0x18 src/UART.o
 .debug_macro   0x0000ffe9       0x16 src/UART.o
 .debug_macro   0x0000ffff       0x2e src/UART.o
 .debug_macro   0x0001002d       0x19 src/UART.o
 .debug_macro   0x00010046       0x1c src/UART.o
 .debug_macro   0x00010062       0x16 src/UART.o
 .debug_macro   0x00010078       0x1f src/UART.o
 .debug_macro   0x00010097      0x2c6 src/UART.o
 .debug_macro   0x0001035d       0x11 src/UART.o
 .debug_macro   0x0001036e       0x5e src/UART.o
 .debug_macro   0x000103cc       0x10 src/UART.o
 .debug_macro   0x000103dc       0x57 src/UART.o
 .debug_macro   0x00010433       0x6c src/UART.o
 .debug_macro   0x0001049f       0x8f src/UART.o
 .debug_macro   0x0001052e       0x82 src/UART.o
 .debug_macro   0x000105b0       0x3a src/UART.o
 .debug_macro   0x000105ea       0xa0 src/UART.o
 .debug_macro   0x0001068a      0x639 src/UART_control.o
 .debug_macro   0x00010cc3       0x34 src/UART_control.o
 .debug_macro   0x00010cf7      0x4d5 src/ASF/common2/services/delay/sam0/systick_counter.o
 .debug_macro   0x000111cc       0x16 src/ASF/common2/services/delay/sam0/systick_counter.o
 .debug_macro   0x000111e2      0x519 src/ASF/sam0/drivers/adc/adc_sam_d_r_h/adc.o
 .debug_macro   0x000116fb      0x51c src/ASF/sam0/drivers/adc/adc_sam_d_r_h/adc_callback.o
 .debug_macro   0x00011c17      0x519 src/ASF/sam0/drivers/extint/extint_sam_d_r_h/extint.o
 .debug_macro   0x00012130       0x16 src/ASF/sam0/drivers/extint/extint_sam_d_r_h/extint.o
 .debug_macro   0x00012146      0x527 src/ASF/sam0/drivers/sercom/sercom.o
 .debug_macro   0x0001266d      0x60f src/LED_control.o
 .debug_macro   0x00012c7c       0x1c src/LED_control.o
 .debug_macro   0x00012c98      0x615 src/ORB_control.o
 .debug_macro   0x000132ad       0x16 src/ORB_control.o
 .debug_macro   0x000132c3      0x614 src/sensor_control.o
 .debug_macro   0x000138d7      0x60a src/sensor.o
 .debug_macro   0x00013ee1      0x608 src/super_servo.o
 .debug_macro   0x000144e9       0x3a src/super_servo.o
 .debug_macro   0x00014523      0x613 src/super_servo_control.o
 .debug_macro   0x00014b36      0x5e1 src/ASF/sam0/drivers/tcc/tcc.o
 .debug_macro   0x00015117       0x19 src/ASF/sam0/drivers/tcc/tcc.o
 .debug_macro   0x00015130       0x74 src/ASF/sam0/drivers/tcc/tcc.o
 .debug_macro   0x000151a4      0x514 src/ASF/sam0/drivers/tcc/tcc_callback.o
 .debug_macro   0x000156b8      0x523 src/ASF/sam0/drivers/tc/tc_sam_d_r_h/tc.o
 .debug_macro   0x00015bdb       0x19 src/ASF/sam0/drivers/tc/tc_sam_d_r_h/tc.o
 .debug_macro   0x00015bf4       0x51 src/ASF/sam0/drivers/tc/tc_sam_d_r_h/tc.o
 .debug_macro   0x00015c45      0x508 src/ASF/sam0/drivers/tc/tc_interrupt.o
 .debug_macro   0x0001614d      0x538 src/ASF/sam0/drivers/sercom/usart/usart.o
 .debug_macro   0x00016685       0x51 src/ASF/sam0/drivers/sercom/usart/usart.o
 .debug_macro   0x000166d6      0x538 src/ASF/sam0/drivers/sercom/usart/usart_interrupt.o
 .debug_macro   0x00016c0e      0x524 src/ASF/sam0/drivers/sercom/sercom_interrupt.o
 .debug_macro   0x00017132      0x4bf src/ASF/sam0/drivers/extint/extint_callback.o
 .debug_macro   0x000175f1       0x19 src/ASF/sam0/drivers/extint/extint_callback.o
 .debug_macro   0x0001760a      0x4b6 src/ASF/sam0/drivers/port/port.o
 .debug_macro   0x00017ac0      0x614 src/LED.o
 .debug_macro   0x000180d4      0x60e src/ORB.o
 .debug_macro   0x000186e2      0x5ff src/ASF/common2/boards/user_board/init.o
 .debug_macro   0x00018ce1      0x49a src/ASF/common/utils/interrupt/interrupt_sam_nvic.o
 .debug_macro   0x0001917b      0x4ff src/ASF/sam0/drivers/system/clock/clock_samd09_d10_d11/clock.o
 .debug_macro   0x0001967a      0x234 src/ASF/sam0/drivers/system/clock/clock_samd09_d10_d11/clock.o
 .debug_macro   0x000198ae      0x4d0 src/ASF/sam0/drivers/system/clock/clock_samd09_d10_d11/gclk.o
 .debug_macro   0x00019d7e      0x4aa src/ASF/sam0/drivers/system/pinmux/pinmux.o
 .debug_macro   0x0001a228       0x12 src/ASF/sam0/drivers/system/pinmux/pinmux.o
 .debug_macro   0x0001a23a      0x4dd src/ASF/sam0/drivers/system/system.o
 .debug_macro   0x0001a717      0x281 src/ASF/sam0/utils/cmsis/samd10/source/gcc/startup_samd10.o
 .debug_macro   0x0001a998       0x3a src/ASF/sam0/utils/cmsis/samd10/source/gcc/startup_samd10.o
 .debug_macro   0x0001a9d2      0x1d6 src/ASF/sam0/utils/syscalls/gcc/syscalls.o
 .debug_macro   0x0001aba8       0x4c src/ASF/sam0/utils/syscalls/gcc/syscalls.o
 .debug_macro   0x0001abf4       0x8d src/ASF/sam0/utils/syscalls/gcc/syscalls.o
 .debug_macro   0x0001ac81       0x57 src/ASF/sam0/utils/syscalls/gcc/syscalls.o
 .debug_macro   0x0001acd8       0x97 src/ASF/sam0/utils/syscalls/gcc/syscalls.o
 .debug_macro   0x0001ad6f       0xf6 src/ASF/sam0/utils/syscalls/gcc/syscalls.o
 .debug_macro   0x0001ae65       0x4c src/ASF/sam0/utils/syscalls/gcc/syscalls.o
 .debug_macro   0x0001aeb1       0x16 src/ASF/sam0/utils/syscalls/gcc/syscalls.o
 .debug_macro   0x0001aec7       0x10 src/ASF/sam0/utils/syscalls/gcc/syscalls.o
 .debug_macro   0x0001aed7       0x10 src/ASF/sam0/utils/syscalls/gcc/syscalls.o
 .debug_macro   0x0001aee7       0x35 src/ASF/sam0/utils/syscalls/gcc/syscalls.o
 .debug_macro   0x0001af1c      0x122 src/ASF/sam0/utils/syscalls/gcc/syscalls.o
 .debug_macro   0x0001b03e      0x652 src/main.o

.debug_line     0x00000000    0x18035
 .debug_line    0x00000000      0xda5 src/UART.o
 .debug_line    0x00000da5      0xe9b src/UART_control.o
 .debug_line    0x00001c40      0x953 src/ASF/common2/services/delay/sam0/systick_counter.o
 .debug_line    0x00002593      0xcd8 src/ASF/sam0/drivers/adc/adc_sam_d_r_h/adc.o
 .debug_line    0x0000326b      0xb97 src/ASF/sam0/drivers/adc/adc_sam_d_r_h/adc_callback.o
 .debug_line    0x00003e02      0xbc3 src/ASF/sam0/drivers/extint/extint_sam_d_r_h/extint.o
 .debug_line    0x000049c5      0xb37 src/ASF/sam0/drivers/sercom/sercom.o
 .debug_line    0x000054fc      0xd58 src/LED_control.o
 .debug_line    0x00006254      0xd48 src/ORB_control.o
 .debug_line    0x00006f9c      0xd2e src/sensor_control.o
 .debug_line    0x00007cca      0xe1f src/sensor.o
 .debug_line    0x00008ae9      0xd63 src/super_servo.o
 .debug_line    0x0000984c      0xd64 src/super_servo_control.o
 .debug_line    0x0000a5b0      0xdbb src/ASF/sam0/drivers/tcc/tcc.o
 .debug_line    0x0000b36b      0xa20 src/ASF/sam0/drivers/tcc/tcc_callback.o
 .debug_line    0x0000bd8b      0xd25 src/ASF/sam0/drivers/tc/tc_sam_d_r_h/tc.o
 .debug_line    0x0000cab0      0xa03 src/ASF/sam0/drivers/tc/tc_interrupt.o
 .debug_line    0x0000d4b3      0xcd1 src/ASF/sam0/drivers/sercom/usart/usart.o
 .debug_line    0x0000e184      0xc51 src/ASF/sam0/drivers/sercom/usart/usart_interrupt.o
 .debug_line    0x0000edd5      0xacc src/ASF/sam0/drivers/sercom/sercom_interrupt.o
 .debug_line    0x0000f8a1      0x962 src/ASF/sam0/drivers/extint/extint_callback.o
 .debug_line    0x00010203      0x88c src/ASF/sam0/drivers/port/port.o
 .debug_line    0x00010a8f      0xf56 src/LED.o
 .debug_line    0x000119e5      0xf65 src/ORB.o
 .debug_line    0x0001294a      0xce5 src/ASF/common2/boards/user_board/init.o
 .debug_line    0x0001362f      0x860 src/ASF/common/utils/interrupt/interrupt_sam_nvic.o
 .debug_line    0x00013e8f      0xbdd src/ASF/sam0/drivers/system/clock/clock_samd09_d10_d11/clock.o
 .debug_line    0x00014a6c      0xc09 src/ASF/sam0/drivers/system/clock/clock_samd09_d10_d11/gclk.o
 .debug_line    0x00015675      0x8d9 src/ASF/sam0/drivers/system/pinmux/pinmux.o
 .debug_line    0x00015f4e      0x980 src/ASF/sam0/drivers/system/system.o
 .debug_line    0x000168ce      0x5dc src/ASF/sam0/utils/cmsis/samd10/source/gcc/startup_samd10.o
 .debug_line    0x00016eaa      0x40a src/ASF/sam0/utils/syscalls/gcc/syscalls.o
 .debug_line    0x000172b4      0xd81 src/main.o

.debug_str      0x00000000    0x72f52
 .debug_str     0x00000000    0x69afa src/UART.o
                              0x6a17e (size before relaxing)
 .debug_str     0x00069afa      0x2dc src/UART_control.o
                              0x69a35 (size before relaxing)
 .debug_str     0x00069dd6       0xa6 src/ASF/common2/services/delay/sam0/systick_counter.o
                              0x66784 (size before relaxing)
 .debug_str     0x00069e7c     0x126b src/ASF/sam0/drivers/adc/adc_sam_d_r_h/adc.o
                              0x6846b (size before relaxing)
 .debug_str     0x0006b0e7      0x17b src/ASF/sam0/drivers/adc/adc_sam_d_r_h/adc_callback.o
                              0x67262 (size before relaxing)
 .debug_str     0x0006b262      0x6b8 src/ASF/sam0/drivers/extint/extint_sam_d_r_h/extint.o
                              0x67b20 (size before relaxing)
 .debug_str     0x0006b91a      0x394 src/ASF/sam0/drivers/sercom/sercom.o
                              0x67998 (size before relaxing)
 .debug_str     0x0006bcae       0xae src/LED_control.o
                              0x686df (size before relaxing)
 .debug_str     0x0006bd5c       0x62 src/ORB_control.o
                              0x68676 (size before relaxing)
 .debug_str     0x0006bdbe       0xa3 src/sensor_control.o
                              0x68d64 (size before relaxing)
 .debug_str     0x0006be61      0x1c0 src/sensor.o
                              0x69c4e (size before relaxing)
 .debug_str     0x0006c021      0xf7d src/super_servo.o
                              0x69cec (size before relaxing)
 .debug_str     0x0006cf9e       0x4d src/super_servo_control.o
                              0x693ac (size before relaxing)
 .debug_str     0x0006cfeb     0x1285 src/ASF/sam0/drivers/tcc/tcc.o
                              0x6998d (size before relaxing)
 .debug_str     0x0006e270      0x1bb src/ASF/sam0/drivers/tcc/tcc_callback.o
                              0x67d96 (size before relaxing)
 .debug_str     0x0006e42b      0x6de src/ASF/sam0/drivers/tc/tc_sam_d_r_h/tc.o
                              0x67b5f (size before relaxing)
 .debug_str     0x0006eb09       0xc2 src/ASF/sam0/drivers/tc/tc_interrupt.o
                              0x6727d (size before relaxing)
 .debug_str     0x0006ebcb      0x403 src/ASF/sam0/drivers/sercom/usart/usart.o
                              0x687d8 (size before relaxing)
 .debug_str     0x0006efce      0x1cc src/ASF/sam0/drivers/sercom/usart/usart_interrupt.o
                              0x67a24 (size before relaxing)
 .debug_str     0x0006f19a      0x158 src/ASF/sam0/drivers/sercom/sercom_interrupt.o
                              0x67710 (size before relaxing)
 .debug_str     0x0006f2f2      0x131 src/ASF/sam0/drivers/extint/extint_callback.o
                              0x66cc5 (size before relaxing)
 .debug_str     0x0006f423      0x1b9 src/ASF/sam0/drivers/port/port.o
                              0x6698b (size before relaxing)
 .debug_str     0x0006f5dc      0x3be src/LED.o
                              0x69dc2 (size before relaxing)
 .debug_str     0x0006f99a      0x151 src/ORB.o
                              0x69d2e (size before relaxing)
 .debug_str     0x0006faeb       0x3e src/ASF/common2/boards/user_board/init.o
                              0x685c3 (size before relaxing)
 .debug_str     0x0006fb29       0x66 src/ASF/common/utils/interrupt/interrupt_sam_nvic.o
                              0x66574 (size before relaxing)
 .debug_str     0x0006fb8f     0x2144 src/ASF/sam0/drivers/system/clock/clock_samd09_d10_d11/clock.o
                              0x693c8 (size before relaxing)
 .debug_str     0x00071cd3      0x1bf src/ASF/sam0/drivers/system/clock/clock_samd09_d10_d11/gclk.o
                              0x671ca (size before relaxing)
 .debug_str     0x00071e92       0xf4 src/ASF/sam0/drivers/system/pinmux/pinmux.o
                              0x66a16 (size before relaxing)
 .debug_str     0x00071f86       0x47 src/ASF/sam0/drivers/system/system.o
                              0x66651 (size before relaxing)
 .debug_str     0x00071fcd      0x7eb src/ASF/sam0/utils/cmsis/samd10/source/gcc/startup_samd10.o
                              0x51f02 (size before relaxing)
 .debug_str     0x000727b8      0x76b src/ASF/sam0/utils/syscalls/gcc/syscalls.o
                               0x7259 (size before relaxing)
 .debug_str     0x00072f23       0x2f src/main.o
                              0x6a076 (size before relaxing)

.debug_frame    0x00000000     0x16d8
 .debug_frame   0x00000000       0x90 src/UART.o
 .debug_frame   0x00000090       0x48 src/UART_control.o
 .debug_frame   0x000000d8       0x64 src/ASF/common2/services/delay/sam0/systick_counter.o
 .debug_frame   0x0000013c       0x98 src/ASF/sam0/drivers/adc/adc_sam_d_r_h/adc.o
 .debug_frame   0x000001d4       0x84 src/ASF/sam0/drivers/adc/adc_sam_d_r_h/adc_callback.o
 .debug_frame   0x00000258       0xb8 src/ASF/sam0/drivers/extint/extint_sam_d_r_h/extint.o
 .debug_frame   0x00000310       0xbc src/ASF/sam0/drivers/sercom/sercom.o
 .debug_frame   0x000003cc       0x58 src/LED_control.o
 .debug_frame   0x00000424       0x5c src/ORB_control.o
 .debug_frame   0x00000480       0x48 src/sensor_control.o
 .debug_frame   0x000004c8       0x7c src/sensor.o
 .debug_frame   0x00000544       0x68 src/super_servo.o
 .debug_frame   0x000005ac       0x48 src/super_servo_control.o
 .debug_frame   0x000005f4      0x1e4 src/ASF/sam0/drivers/tcc/tcc.o
 .debug_frame   0x000007d8       0xa4 src/ASF/sam0/drivers/tcc/tcc_callback.o
 .debug_frame   0x0000087c       0xa8 src/ASF/sam0/drivers/tc/tc_sam_d_r_h/tc.o
 .debug_frame   0x00000924       0x7c src/ASF/sam0/drivers/tc/tc_interrupt.o
 .debug_frame   0x000009a0       0xac src/ASF/sam0/drivers/sercom/usart/usart.o
 .debug_frame   0x00000a4c      0x110 src/ASF/sam0/drivers/sercom/usart/usart_interrupt.o
 .debug_frame   0x00000b5c       0xa0 src/ASF/sam0/drivers/sercom/sercom_interrupt.o
 .debug_frame   0x00000bfc       0x7c src/ASF/sam0/drivers/extint/extint_callback.o
 .debug_frame   0x00000c78       0x44 src/ASF/sam0/drivers/port/port.o
 .debug_frame   0x00000cbc      0x1b0 src/LED.o
 .debug_frame   0x00000e6c      0x1b0 src/ORB.o
 .debug_frame   0x0000101c       0x20 src/ASF/common2/boards/user_board/init.o
 .debug_frame   0x0000103c       0x30 src/ASF/common/utils/interrupt/interrupt_sam_nvic.o
 .debug_frame   0x0000106c      0x14c src/ASF/sam0/drivers/system/clock/clock_samd09_d10_d11/clock.o
 .debug_frame   0x000011b8      0x148 src/ASF/sam0/drivers/system/clock/clock_samd09_d10_d11/gclk.o
 .debug_frame   0x00001300       0x98 src/ASF/sam0/drivers/system/pinmux/pinmux.o
 .debug_frame   0x00001398       0x38 src/ASF/sam0/drivers/system/system.o
 .debug_frame   0x000013d0       0x38 src/ASF/sam0/utils/cmsis/samd10/source/gcc/startup_samd10.o
 .debug_frame   0x00001408       0xa0 src/ASF/sam0/utils/syscalls/gcc/syscalls.o
 .debug_frame   0x000014a8       0x58 src/main.o
 .debug_frame   0x00001500       0x20 c:/program files (x86)/atmel/studio/7.0/toolchain/arm/arm-gnu-toolchain/bin/../lib/gcc/arm-none-eabi/6.2.1/thumb/v6-m\libgcc.a(_udivsi3.o)
 .debug_frame   0x00001520       0x20 c:/program files (x86)/atmel/studio/7.0/toolchain/arm/arm-gnu-toolchain/bin/../lib/gcc/arm-none-eabi/6.2.1/thumb/v6-m\libgcc.a(_divsi3.o)
 .debug_frame   0x00001540       0x34 c:/program files (x86)/atmel/studio/7.0/toolchain/arm/arm-gnu-toolchain/bin/../lib/gcc/arm-none-eabi/6.2.1/thumb/v6-m\libgcc.a(_muldi3.o)
 .debug_frame   0x00001574       0x2c c:/program files (x86)/atmel/studio/7.0/toolchain/arm/arm-gnu-toolchain/bin/../lib/gcc/arm-none-eabi/6.2.1/../../../../arm-none-eabi/lib/thumb/v6-m\libc_nano.a(lib_a-init.o)
 .debug_frame   0x000015a0       0x40 c:/program files (x86)/atmel/studio/7.0/toolchain/arm/arm-gnu-toolchain/bin/../lib/gcc/arm-none-eabi/6.2.1/../../../../arm-none-eabi/lib/thumb/v6-m\libc_nano.a(lib_a-malloc.o)
 .debug_frame   0x000015e0       0x28 c:/program files (x86)/atmel/studio/7.0/toolchain/arm/arm-gnu-toolchain/bin/../lib/gcc/arm-none-eabi/6.2.1/../../../../arm-none-eabi/lib/thumb/v6-m\libc_nano.a(lib_a-memcpy-stub.o)
 .debug_frame   0x00001608       0x2c c:/program files (x86)/atmel/studio/7.0/toolchain/arm/arm-gnu-toolchain/bin/../lib/gcc/arm-none-eabi/6.2.1/../../../../arm-none-eabi/lib/thumb/v6-m\libc_nano.a(lib_a-nano-mallocr.o)
 .debug_frame   0x00001634       0x2c c:/program files (x86)/atmel/studio/7.0/toolchain/arm/arm-gnu-toolchain/bin/../lib/gcc/arm-none-eabi/6.2.1/../../../../arm-none-eabi/lib/thumb/v6-m\libc_nano.a(lib_a-sbrkr.o)
 .debug_frame   0x00001660       0x30 c:/program files (x86)/atmel/studio/7.0/toolchain/arm/arm-gnu-toolchain/bin/../lib/gcc/arm-none-eabi/6.2.1/../../../../arm-none-eabi/lib/thumb/v6-m\libc_nano.a(lib_a-mlock.o)
 .debug_frame   0x00001690       0x48 c:/program files (x86)/atmel/studio/7.0/toolchain/arm/arm-gnu-toolchain/bin/../lib/gcc/arm-none-eabi/6.2.1/../../../../arm-none-eabi/lib/thumb/v6-m\libc_nano.a(lib_a-reent.o)

Cross Reference Table

Symbol                                            File
AC_Handler                                        src/ASF/sam0/utils/cmsis/samd10/source/gcc/startup_samd10.o
ADC_Handler                                       src/ASF/sam0/drivers/adc/adc_sam_d_r_h/adc_callback.o
DAC_Handler                                       src/ASF/sam0/utils/cmsis/samd10/source/gcc/startup_samd10.o
DMAC_Handler                                      src/ASF/sam0/utils/cmsis/samd10/source/gcc/startup_samd10.o
Dummy_Handler                                     src/ASF/sam0/utils/cmsis/samd10/source/gcc/startup_samd10.o
EIC_Handler                                       src/ASF/sam0/drivers/extint/extint_callback.o
EVSYS_Handler                                     src/ASF/sam0/utils/cmsis/samd10/source/gcc/startup_samd10.o
HardFault_Handler                                 src/ASF/sam0/utils/cmsis/samd10/source/gcc/startup_samd10.o
LEDS_off                                          src/LED.o
LED_init                                          src/LED.o
                                                  src/main.o
LED_init_array                                    src/LED.o
LED_setup_pins                                    src/LED.o
LED_timer_callbacks_init                          src/LED.o
LED_timer_init                                    src/LED.o
LED_transfer_temp                                 src/LED.o
                                                  src/LED_control.o
NMI_Handler                                       src/ASF/sam0/utils/cmsis/samd10/source/gcc/startup_samd10.o
NVMCTRL_Handler                                   src/ASF/sam0/utils/cmsis/samd10/source/gcc/startup_samd10.o
ORB_init                                          src/ORB.o
                                                  src/main.o
ORB_init_array                                    src/ORB.o
ORB_leds_off                                      src/ORB.o
ORB_setup_pins                                    src/ORB.o
ORB_timer_callbacks_init                          src/ORB.o
ORB_timer_init                                    src/ORB.o
PM_Handler                                        src/ASF/sam0/utils/cmsis/samd10/source/gcc/startup_samd10.o
PTC_Handler                                       src/ASF/sam0/utils/cmsis/samd10/source/gcc/startup_samd10.o
PendSV_Handler                                    src/ASF/sam0/utils/cmsis/samd10/source/gcc/startup_samd10.o
RTC_Handler                                       src/ASF/sam0/utils/cmsis/samd10/source/gcc/startup_samd10.o
Reset_Handler                                     src/ASF/sam0/utils/cmsis/samd10/source/gcc/startup_samd10.o
SERCOM0_Handler                                   src/ASF/sam0/drivers/sercom/sercom_interrupt.o
SERCOM1_Handler                                   src/ASF/sam0/drivers/sercom/sercom_interrupt.o
SERCOM2_Handler                                   src/ASF/sam0/drivers/sercom/sercom_interrupt.o
SVC_Handler                                       src/ASF/sam0/utils/cmsis/samd10/source/gcc/startup_samd10.o
SYSCTRL_Handler                                   src/ASF/sam0/utils/cmsis/samd10/source/gcc/startup_samd10.o
SysTick_Handler                                   src/ASF/sam0/utils/cmsis/samd10/source/gcc/startup_samd10.o
SystemCoreClock                                   src/ASF/sam0/utils/cmsis/samd10/source/system_samd10.o
SystemCoreClockUpdate                             src/ASF/sam0/utils/cmsis/samd10/source/system_samd10.o
SystemInit                                        src/ASF/sam0/utils/cmsis/samd10/source/system_samd10.o
TC1_Handler                                       src/ASF/sam0/drivers/tc/tc_interrupt.o
TC2_Handler                                       src/ASF/sam0/drivers/tc/tc_interrupt.o
TCC0_Handler                                      src/ASF/sam0/drivers/tcc/tcc_callback.o
WDT_Handler                                       src/ASF/sam0/utils/cmsis/samd10/source/gcc/startup_samd10.o
_Jv_RegisterClasses                               c:/program files (x86)/atmel/studio/7.0/toolchain/arm/arm-gnu-toolchain/bin/../lib/gcc/arm-none-eabi/6.2.1/thumb/v6-m/crtbegin.o
__aeabi_idiv                                      c:/program files (x86)/atmel/studio/7.0/toolchain/arm/arm-gnu-toolchain/bin/../lib/gcc/arm-none-eabi/6.2.1/thumb/v6-m\libgcc.a(_divsi3.o)
                                                  src/super_servo_control.o
__aeabi_idiv0                                     c:/program files (x86)/atmel/studio/7.0/toolchain/arm/arm-gnu-toolchain/bin/../lib/gcc/arm-none-eabi/6.2.1/thumb/v6-m\libgcc.a(_dvmd_tls.o)
                                                  c:/program files (x86)/atmel/studio/7.0/toolchain/arm/arm-gnu-toolchain/bin/../lib/gcc/arm-none-eabi/6.2.1/thumb/v6-m\libgcc.a(_divsi3.o)
                                                  c:/program files (x86)/atmel/studio/7.0/toolchain/arm/arm-gnu-toolchain/bin/../lib/gcc/arm-none-eabi/6.2.1/thumb/v6-m\libgcc.a(_udivsi3.o)
__aeabi_idivmod                                   c:/program files (x86)/atmel/studio/7.0/toolchain/arm/arm-gnu-toolchain/bin/../lib/gcc/arm-none-eabi/6.2.1/thumb/v6-m\libgcc.a(_divsi3.o)
__aeabi_ldiv0                                     c:/program files (x86)/atmel/studio/7.0/toolchain/arm/arm-gnu-toolchain/bin/../lib/gcc/arm-none-eabi/6.2.1/thumb/v6-m\libgcc.a(_dvmd_tls.o)
__aeabi_lmul                                      c:/program files (x86)/atmel/studio/7.0/toolchain/arm/arm-gnu-toolchain/bin/../lib/gcc/arm-none-eabi/6.2.1/thumb/v6-m\libgcc.a(_muldi3.o)
                                                  src/ASF/sam0/drivers/sercom/sercom.o
__aeabi_uidiv                                     c:/program files (x86)/atmel/studio/7.0/toolchain/arm/arm-gnu-toolchain/bin/../lib/gcc/arm-none-eabi/6.2.1/thumb/v6-m\libgcc.a(_udivsi3.o)
                                                  src/ASF/sam0/drivers/system/clock/clock_samd09_d10_d11/gclk.o
                                                  src/ASF/sam0/drivers/system/clock/clock_samd09_d10_d11/clock.o
                                                  src/ASF/common2/services/delay/sam0/systick_counter.o
__aeabi_uidivmod                                  c:/program files (x86)/atmel/studio/7.0/toolchain/arm/arm-gnu-toolchain/bin/../lib/gcc/arm-none-eabi/6.2.1/thumb/v6-m\libgcc.a(_udivsi3.o)
__bss_end__                                       c:/program files (x86)/atmel/studio/7.0/toolchain/arm/arm-gnu-toolchain/bin/../lib/gcc/arm-none-eabi/6.2.1/../../../../arm-none-eabi/lib/thumb/v6-m/crt0.o
__bss_start__                                     c:/program files (x86)/atmel/studio/7.0/toolchain/arm/arm-gnu-toolchain/bin/../lib/gcc/arm-none-eabi/6.2.1/../../../../arm-none-eabi/lib/thumb/v6-m/crt0.o
__call_exitprocs                                  c:/program files (x86)/atmel/studio/7.0/toolchain/arm/arm-gnu-toolchain/bin/../lib/gcc/arm-none-eabi/6.2.1/../../../../arm-none-eabi/lib/thumb/v6-m\libc_nano.a(lib_a-exit.o)
__deregister_frame_info                           c:/program files (x86)/atmel/studio/7.0/toolchain/arm/arm-gnu-toolchain/bin/../lib/gcc/arm-none-eabi/6.2.1/thumb/v6-m/crtbegin.o
__divsi3                                          c:/program files (x86)/atmel/studio/7.0/toolchain/arm/arm-gnu-toolchain/bin/../lib/gcc/arm-none-eabi/6.2.1/thumb/v6-m\libgcc.a(_divsi3.o)
__dso_handle                                      c:/program files (x86)/atmel/studio/7.0/toolchain/arm/arm-gnu-toolchain/bin/../lib/gcc/arm-none-eabi/6.2.1/thumb/v6-m/crtbegin.o
__init_array_end                                  c:/program files (x86)/atmel/studio/7.0/toolchain/arm/arm-gnu-toolchain/bin/../lib/gcc/arm-none-eabi/6.2.1/../../../../arm-none-eabi/lib/thumb/v6-m\libc_nano.a(lib_a-init.o)
__init_array_start                                c:/program files (x86)/atmel/studio/7.0/toolchain/arm/arm-gnu-toolchain/bin/../lib/gcc/arm-none-eabi/6.2.1/../../../../arm-none-eabi/lib/thumb/v6-m\libc_nano.a(lib_a-init.o)
__libc_fini_array                                 c:/program files (x86)/atmel/studio/7.0/toolchain/arm/arm-gnu-toolchain/bin/../lib/gcc/arm-none-eabi/6.2.1/../../../../arm-none-eabi/lib/thumb/v6-m/crt0.o
__libc_init_array                                 c:/program files (x86)/atmel/studio/7.0/toolchain/arm/arm-gnu-toolchain/bin/../lib/gcc/arm-none-eabi/6.2.1/../../../../arm-none-eabi/lib/thumb/v6-m\libc_nano.a(lib_a-init.o)
                                                  src/ASF/sam0/utils/cmsis/samd10/source/gcc/startup_samd10.o
                                                  c:/program files (x86)/atmel/studio/7.0/toolchain/arm/arm-gnu-toolchain/bin/../lib/gcc/arm-none-eabi/6.2.1/../../../../arm-none-eabi/lib/thumb/v6-m/crt0.o
__malloc_free_list                                c:/program files (x86)/atmel/studio/7.0/toolchain/arm/arm-gnu-toolchain/bin/../lib/gcc/arm-none-eabi/6.2.1/../../../../arm-none-eabi/lib/thumb/v6-m\libc_nano.a(lib_a-nano-mallocr.o)
                                                  c:/program files (x86)/atmel/studio/7.0/toolchain/arm/arm-gnu-toolchain/bin/../lib/gcc/arm-none-eabi/6.2.1/../../../../arm-none-eabi/lib/thumb/v6-m\libc_nano.a(lib_a-nano-freer.o)
__malloc_lock                                     c:/program files (x86)/atmel/studio/7.0/toolchain/arm/arm-gnu-toolchain/bin/../lib/gcc/arm-none-eabi/6.2.1/../../../../arm-none-eabi/lib/thumb/v6-m\libc_nano.a(lib_a-mlock.o)
                                                  c:/program files (x86)/atmel/studio/7.0/toolchain/arm/arm-gnu-toolchain/bin/../lib/gcc/arm-none-eabi/6.2.1/../../../../arm-none-eabi/lib/thumb/v6-m\libc_nano.a(lib_a-nano-mallocr.o)
                                                  c:/program files (x86)/atmel/studio/7.0/toolchain/arm/arm-gnu-toolchain/bin/../lib/gcc/arm-none-eabi/6.2.1/../../../../arm-none-eabi/lib/thumb/v6-m\libc_nano.a(lib_a-nano-freer.o)
__malloc_sbrk_start                               c:/program files (x86)/atmel/studio/7.0/toolchain/arm/arm-gnu-toolchain/bin/../lib/gcc/arm-none-eabi/6.2.1/../../../../arm-none-eabi/lib/thumb/v6-m\libc_nano.a(lib_a-nano-mallocr.o)
__malloc_unlock                                   c:/program files (x86)/atmel/studio/7.0/toolchain/arm/arm-gnu-toolchain/bin/../lib/gcc/arm-none-eabi/6.2.1/../../../../arm-none-eabi/lib/thumb/v6-m\libc_nano.a(lib_a-mlock.o)
                                                  c:/program files (x86)/atmel/studio/7.0/toolchain/arm/arm-gnu-toolchain/bin/../lib/gcc/arm-none-eabi/6.2.1/../../../../arm-none-eabi/lib/thumb/v6-m\libc_nano.a(lib_a-nano-mallocr.o)
                                                  c:/program files (x86)/atmel/studio/7.0/toolchain/arm/arm-gnu-toolchain/bin/../lib/gcc/arm-none-eabi/6.2.1/../../../../arm-none-eabi/lib/thumb/v6-m\libc_nano.a(lib_a-nano-freer.o)